<?xml version="1.0" encoding="ISO-8859-1" ?>
<link_info>
   <banner>TMS320C2000 Linker PC v22.6.1.LTS</banner>
   <copyright>Copyright (c) 1996-2018 Texas Instruments Incorporated</copyright>
   <link_time>0x6724e1ee</link_time>
   <link_errors>0x0</link_errors>
   <output_file>24100-1V0.1-ZV001.out</output_file>
   <entry_point>
      <name>_c_int00</name>
      <address>0x3f0db1</address>
   </entry_point>
   <input_file_list>
      <input_file id="fl-3">
         <path>.\source\</path>
         <kind>object</kind>
         <file>DCDC50A_Isr.obj</file>
         <name>DCDC50A_Isr.obj</name>
      </input_file>
      <input_file id="fl-4">
         <path>.\source\</path>
         <kind>object</kind>
         <file>DSP2803x_Adc.obj</file>
         <name>DSP2803x_Adc.obj</name>
      </input_file>
      <input_file id="fl-5">
         <path>.\source\</path>
         <kind>object</kind>
         <file>DSP2803x_CSMPasswords.obj</file>
         <name>DSP2803x_CSMPasswords.obj</name>
      </input_file>
      <input_file id="fl-6">
         <path>.\source\</path>
         <kind>object</kind>
         <file>DSP2803x_CodeStartBranch.obj</file>
         <name>DSP2803x_CodeStartBranch.obj</name>
      </input_file>
      <input_file id="fl-7">
         <path>.\source\</path>
         <kind>object</kind>
         <file>DSP2803x_Comp.obj</file>
         <name>DSP2803x_Comp.obj</name>
      </input_file>
      <input_file id="fl-8">
         <path>.\source\</path>
         <kind>object</kind>
         <file>DSP2803x_CpuTimers.obj</file>
         <name>DSP2803x_CpuTimers.obj</name>
      </input_file>
      <input_file id="fl-9">
         <path>.\source\</path>
         <kind>object</kind>
         <file>DSP2803x_DBGIER.obj</file>
         <name>DSP2803x_DBGIER.obj</name>
      </input_file>
      <input_file id="fl-a">
         <path>.\source\</path>
         <kind>object</kind>
         <file>DSP2803x_DefaultIsr.obj</file>
         <name>DSP2803x_DefaultIsr.obj</name>
      </input_file>
      <input_file id="fl-b">
         <path>.\source\</path>
         <kind>object</kind>
         <file>DSP2803x_DisInt.obj</file>
         <name>DSP2803x_DisInt.obj</name>
      </input_file>
      <input_file id="fl-c">
         <path>.\source\</path>
         <kind>object</kind>
         <file>DSP2803x_ECan.obj</file>
         <name>DSP2803x_ECan.obj</name>
      </input_file>
      <input_file id="fl-d">
         <path>.\source\</path>
         <kind>object</kind>
         <file>DSP2803x_EPwm.obj</file>
         <name>DSP2803x_EPwm.obj</name>
      </input_file>
      <input_file id="fl-e">
         <path>.\source\</path>
         <kind>object</kind>
         <file>DSP2803x_GlobalVariableDefs.obj</file>
         <name>DSP2803x_GlobalVariableDefs.obj</name>
      </input_file>
      <input_file id="fl-f">
         <path>.\source\</path>
         <kind>object</kind>
         <file>DSP2803x_Gpio.obj</file>
         <name>DSP2803x_Gpio.obj</name>
      </input_file>
      <input_file id="fl-10">
         <path>.\source\</path>
         <kind>object</kind>
         <file>DSP2803x_I2C.obj</file>
         <name>DSP2803x_I2C.obj</name>
      </input_file>
      <input_file id="fl-11">
         <path>.\source\</path>
         <kind>object</kind>
         <file>DSP2803x_MemCopy.obj</file>
         <name>DSP2803x_MemCopy.obj</name>
      </input_file>
      <input_file id="fl-12">
         <path>.\source\</path>
         <kind>object</kind>
         <file>DSP2803x_PieCtrl.obj</file>
         <name>DSP2803x_PieCtrl.obj</name>
      </input_file>
      <input_file id="fl-13">
         <path>.\source\</path>
         <kind>object</kind>
         <file>DSP2803x_PieVect.obj</file>
         <name>DSP2803x_PieVect.obj</name>
      </input_file>
      <input_file id="fl-14">
         <path>.\source\</path>
         <kind>object</kind>
         <file>DSP2803x_Sci.obj</file>
         <name>DSP2803x_Sci.obj</name>
      </input_file>
      <input_file id="fl-15">
         <path>.\source\</path>
         <kind>object</kind>
         <file>DSP2803x_Spi.obj</file>
         <name>DSP2803x_Spi.obj</name>
      </input_file>
      <input_file id="fl-16">
         <path>.\source\</path>
         <kind>object</kind>
         <file>DSP2803x_SysCtrl.obj</file>
         <name>DSP2803x_SysCtrl.obj</name>
      </input_file>
      <input_file id="fl-17">
         <path>.\source\</path>
         <kind>object</kind>
         <file>DSP2803x_usDelay.obj</file>
         <name>DSP2803x_usDelay.obj</name>
      </input_file>
      <input_file id="fl-18">
         <path>.\source\</path>
         <kind>object</kind>
         <file>Main.obj</file>
         <name>Main.obj</name>
      </input_file>
      <input_file id="fl-1c">
         <kind>object</kind>
         <file>&lt;internal&gt;</file>
         <name>&lt;internal&gt;</name>
      </input_file>
      <input_file id="fl-28">
         <path>C:\ti\ccs1281\ccs\tools\compiler\ti-cgt-c2000_22.6.1.LTS\lib\</path>
         <kind>archive</kind>
         <file>rts2800_ml.lib</file>
         <name>boot28.asm.obj</name>
      </input_file>
      <input_file id="fl-29">
         <path>C:\ti\ccs1281\ccs\tools\compiler\ti-cgt-c2000_22.6.1.LTS\lib\</path>
         <kind>archive</kind>
         <file>rts2800_ml.lib</file>
         <name>fs_mpy28.asm.obj</name>
      </input_file>
      <input_file id="fl-2a">
         <path>C:\ti\ccs1281\ccs\tools\compiler\ti-cgt-c2000_22.6.1.LTS\lib\</path>
         <kind>archive</kind>
         <file>rts2800_ml.lib</file>
         <name>fs_tol28.asm.obj</name>
      </input_file>
      <input_file id="fl-2b">
         <path>C:\ti\ccs1281\ccs\tools\compiler\ti-cgt-c2000_22.6.1.LTS\lib\</path>
         <kind>archive</kind>
         <file>rts2800_ml.lib</file>
         <name>u_div28.asm.obj</name>
      </input_file>
      <input_file id="fl-2c">
         <path>C:\ti\ccs1281\ccs\tools\compiler\ti-cgt-c2000_22.6.1.LTS\lib\</path>
         <kind>archive</kind>
         <file>rts2800_ml.lib</file>
         <name>l_div28.asm.obj</name>
      </input_file>
      <input_file id="fl-2d">
         <path>C:\ti\ccs1281\ccs\tools\compiler\ti-cgt-c2000_22.6.1.LTS\lib\</path>
         <kind>archive</kind>
         <file>rts2800_ml.lib</file>
         <name>cpy_tbl.c.obj</name>
      </input_file>
      <input_file id="fl-2e">
         <path>C:\ti\ccs1281\ccs\tools\compiler\ti-cgt-c2000_22.6.1.LTS\lib\</path>
         <kind>archive</kind>
         <file>rts2800_ml.lib</file>
         <name>memcpy.c.obj</name>
      </input_file>
      <input_file id="fl-2f">
         <path>C:\ti\ccs1281\ccs\tools\compiler\ti-cgt-c2000_22.6.1.LTS\lib\</path>
         <kind>archive</kind>
         <file>rts2800_ml.lib</file>
         <name>pre_init.c.obj</name>
      </input_file>
      <input_file id="fl-30">
         <path>C:\ti\ccs1281\ccs\tools\compiler\ti-cgt-c2000_22.6.1.LTS\lib\</path>
         <kind>archive</kind>
         <file>rts2800_ml.lib</file>
         <name>startup.c.obj</name>
      </input_file>
      <input_file id="fl-31">
         <path>C:\ti\ccs1281\ccs\tools\compiler\ti-cgt-c2000_22.6.1.LTS\lib\</path>
         <kind>archive</kind>
         <file>rts2800_ml.lib</file>
         <name>exit.c.obj</name>
      </input_file>
      <input_file id="fl-32">
         <path>C:\ti\ccs1281\ccs\tools\compiler\ti-cgt-c2000_22.6.1.LTS\lib\</path>
         <kind>archive</kind>
         <file>rts2800_ml.lib</file>
         <name>_lock.c.obj</name>
      </input_file>
      <input_file id="fl-33">
         <path>C:\ti\ccs1281\ccs\tools\compiler\ti-cgt-c2000_22.6.1.LTS\lib\</path>
         <kind>archive</kind>
         <file>rts2800_ml.lib</file>
         <name>args_main.c.obj</name>
      </input_file>
   </input_file_list>
   <object_component_list>
      <object_component id="oc-da">
         <name>.cinit</name>
         <load_address>0x3f6100</load_address>
         <run_address>0x3f6100</run_address>
         <size>0xac</size>
         <input_file_ref idref="fl-18"/>
      </object_component>
      <object_component id="oc-135">
         <name>.cinit:_PFCData</name>
         <load_address>0x3f61ac</load_address>
         <run_address>0x3f61ac</run_address>
         <size>0xe</size>
         <input_file_ref idref="fl-18"/>
      </object_component>
      <object_component id="oc-139">
         <name>.cinit:_RX1Data</name>
         <load_address>0x3f61ba</load_address>
         <run_address>0x3f61ba</run_address>
         <size>0xe</size>
         <input_file_ref idref="fl-18"/>
      </object_component>
      <object_component id="oc-137">
         <name>.cinit:_ucTxbuffer</name>
         <load_address>0x3f61c8</load_address>
         <run_address>0x3f61c8</run_address>
         <size>0xe</size>
         <input_file_ref idref="fl-18"/>
      </object_component>
      <object_component id="oc-10f">
         <name>.cinit</name>
         <load_address>0x3f61d6</load_address>
         <run_address>0x3f61d6</run_address>
         <size>0xe</size>
         <input_file_ref idref="fl-31"/>
      </object_component>
      <object_component id="oc-13b">
         <name>.cinit:_CANData</name>
         <load_address>0x3f61e4</load_address>
         <run_address>0x3f61e4</run_address>
         <size>0xb</size>
         <input_file_ref idref="fl-18"/>
      </object_component>
      <object_component id="oc-127">
         <name>.cinit:__lock</name>
         <load_address>0x3f61ef</load_address>
         <run_address>0x3f61ef</run_address>
         <size>0x5</size>
         <input_file_ref idref="fl-32"/>
      </object_component>
      <object_component id="oc-145">
         <name>.cinit:__unlock</name>
         <load_address>0x3f61f4</load_address>
         <run_address>0x3f61f4</run_address>
         <size>0x5</size>
         <input_file_ref idref="fl-32"/>
      </object_component>
      <object_component id="oc-125">
         <name>.text</name>
         <load_address>0x3f0000</load_address>
         <run_address>0x3f0000</run_address>
         <size>0x713</size>
         <input_file_ref idref="fl-18"/>
      </object_component>
      <object_component id="oc-68">
         <name>.text:retain</name>
         <load_address>0x3f0713</load_address>
         <run_address>0x3f0713</run_address>
         <size>0x172</size>
         <input_file_ref idref="fl-a"/>
      </object_component>
      <object_component id="oc-130">
         <name>.text</name>
         <load_address>0x3f0885</load_address>
         <run_address>0x3f0885</run_address>
         <size>0x170</size>
         <input_file_ref idref="fl-d"/>
      </object_component>
      <object_component id="oc-132">
         <name>.text</name>
         <load_address>0x3f09f5</load_address>
         <run_address>0x3f09f5</run_address>
         <size>0x138</size>
         <input_file_ref idref="fl-c"/>
      </object_component>
      <object_component id="oc-128">
         <name>.text</name>
         <load_address>0x3f0b2d</load_address>
         <run_address>0x3f0b2d</run_address>
         <size>0x135</size>
         <input_file_ref idref="fl-16"/>
      </object_component>
      <object_component id="oc-12f">
         <name>.text</name>
         <load_address>0x3f0c62</load_address>
         <run_address>0x3f0c62</run_address>
         <size>0xf5</size>
         <input_file_ref idref="fl-4"/>
      </object_component>
      <object_component id="oc-e6">
         <name>.text</name>
         <load_address>0x3f0d57</load_address>
         <run_address>0x3f0d57</run_address>
         <size>0x5a</size>
         <input_file_ref idref="fl-29"/>
      </object_component>
      <object_component id="oc-43">
         <name>.text</name>
         <load_address>0x3f0db1</load_address>
         <run_address>0x3f0db1</run_address>
         <size>0x54</size>
         <input_file_ref idref="fl-28"/>
      </object_component>
      <object_component id="oc-133">
         <name>.text</name>
         <load_address>0x3f0e05</load_address>
         <run_address>0x3f0e05</run_address>
         <size>0x49</size>
         <input_file_ref idref="fl-3"/>
      </object_component>
      <object_component id="oc-12e">
         <name>.text</name>
         <load_address>0x3f0e4e</load_address>
         <run_address>0x3f0e4e</run_address>
         <size>0x46</size>
         <input_file_ref idref="fl-8"/>
      </object_component>
      <object_component id="oc-131">
         <name>.text</name>
         <load_address>0x3f0e94</load_address>
         <run_address>0x3f0e94</run_address>
         <size>0x36</size>
         <input_file_ref idref="fl-14"/>
      </object_component>
      <object_component id="oc-f5">
         <name>.text</name>
         <load_address>0x3f0eca</load_address>
         <run_address>0x3f0eca</run_address>
         <size>0x2a</size>
         <input_file_ref idref="fl-2c"/>
      </object_component>
      <object_component id="oc-123">
         <name>.text</name>
         <load_address>0x3f0ef4</load_address>
         <run_address>0x3f0ef4</run_address>
         <size>0x29</size>
         <input_file_ref idref="fl-31"/>
      </object_component>
      <object_component id="oc-eb">
         <name>.text</name>
         <load_address>0x3f0f1d</load_address>
         <run_address>0x3f0f1d</run_address>
         <size>0x29</size>
         <input_file_ref idref="fl-2a"/>
      </object_component>
      <object_component id="oc-12c">
         <name>.text</name>
         <load_address>0x3f0f46</load_address>
         <run_address>0x3f0f46</run_address>
         <size>0x28</size>
         <input_file_ref idref="fl-12"/>
      </object_component>
      <object_component id="oc-12d">
         <name>.text</name>
         <load_address>0x3f0f6e</load_address>
         <run_address>0x3f0f6e</run_address>
         <size>0x26</size>
         <input_file_ref idref="fl-13"/>
      </object_component>
      <object_component id="oc-120">
         <name>.text</name>
         <load_address>0x3f0f94</load_address>
         <run_address>0x3f0f94</run_address>
         <size>0x24</size>
         <input_file_ref idref="fl-2d"/>
      </object_component>
      <object_component id="oc-124">
         <name>.text</name>
         <load_address>0x3f0fb8</load_address>
         <run_address>0x3f0fb8</run_address>
         <size>0x1d</size>
         <input_file_ref idref="fl-2e"/>
      </object_component>
      <object_component id="oc-129">
         <name>.text</name>
         <load_address>0x3f0fd5</load_address>
         <run_address>0x3f0fd5</run_address>
         <size>0x13</size>
         <input_file_ref idref="fl-f"/>
      </object_component>
      <object_component id="oc-12a">
         <name>.text</name>
         <load_address>0x3f0fe8</load_address>
         <run_address>0x3f0fe8</run_address>
         <size>0x13</size>
         <input_file_ref idref="fl-11"/>
      </object_component>
      <object_component id="oc-122">
         <name>.text</name>
         <load_address>0x3f0ffb</load_address>
         <run_address>0x3f0ffb</run_address>
         <size>0x11</size>
         <input_file_ref idref="fl-33"/>
      </object_component>
      <object_component id="oc-f0">
         <name>.text</name>
         <load_address>0x3f100c</load_address>
         <run_address>0x3f100c</run_address>
         <size>0xb</size>
         <input_file_ref idref="fl-2b"/>
      </object_component>
      <object_component id="oc-144">
         <name>.text</name>
         <load_address>0x3f1017</load_address>
         <run_address>0x3f1017</run_address>
         <size>0x9</size>
         <input_file_ref idref="fl-32"/>
      </object_component>
      <object_component id="oc-51">
         <name>.text</name>
         <load_address>0x3f1020</load_address>
         <run_address>0x3f1020</run_address>
         <size>0x8</size>
         <input_file_ref idref="fl-6"/>
      </object_component>
      <object_component id="oc-6d">
         <name>.text</name>
         <load_address>0x3f1028</load_address>
         <run_address>0x3f1028</run_address>
         <size>0x7</size>
         <input_file_ref idref="fl-b"/>
      </object_component>
      <object_component id="oc-62">
         <name>.text</name>
         <load_address>0x3f102f</load_address>
         <run_address>0x3f102f</run_address>
         <size>0x3</size>
         <input_file_ref idref="fl-9"/>
      </object_component>
      <object_component id="oc-11f">
         <name>.text</name>
         <load_address>0x3f1032</load_address>
         <run_address>0x3f1032</run_address>
         <size>0x2</size>
         <input_file_ref idref="fl-2f"/>
      </object_component>
      <object_component id="oc-121">
         <name>.text</name>
         <load_address>0x3f1034</load_address>
         <run_address>0x3f1034</run_address>
         <size>0x1</size>
         <input_file_ref idref="fl-30"/>
      </object_component>
      <object_component id="oc-52">
         <name>codestart</name>
         <load_address>0x3f7ff6</load_address>
         <run_address>0x3f7ff6</run_address>
         <size>0x2</size>
         <input_file_ref idref="fl-6"/>
      </object_component>
      <object_component id="oc-45">
         <name>ramfuncs:retain</name>
         <load_address>0x3f1035</load_address>
         <run_address>0x8000</run_address>
         <size>0x1d1</size>
         <input_file_ref idref="fl-3"/>
      </object_component>
      <object_component id="oc-12b">
         <name>ramfuncs</name>
         <load_address>0x3f1206</load_address>
         <run_address>0x81d1</run_address>
         <size>0x1b</size>
         <input_file_ref idref="fl-16"/>
      </object_component>
      <object_component id="oc-d4">
         <name>ramfuncs</name>
         <load_address>0x3f1221</load_address>
         <run_address>0x81ec</run_address>
         <size>0x4</size>
         <input_file_ref idref="fl-17"/>
      </object_component>
      <object_component id="oc-4f">
         <name>csmpasswds</name>
         <load_address>0x3f7ff8</load_address>
         <run_address>0x3f7ff8</run_address>
         <size>0x8</size>
         <input_file_ref idref="fl-5"/>
      </object_component>
      <object_component id="oc-50">
         <name>csm_rsvd</name>
         <load_address>0x3f7f80</load_address>
         <run_address>0x3f7f80</run_address>
         <size>0x76</size>
         <input_file_ref idref="fl-5"/>
      </object_component>
      <object_component id="oc-e0">
         <name>.stack</name>
         <uninitialized>true</uninitialized>
         <run_address>0x50</run_address>
         <size>0x0</size>
         <input_file_ref idref="fl-28"/>
      </object_component>
      <object_component id="oc-192">
         <name>.stack</name>
         <uninitialized>true</uninitialized>
         <run_address>0x50</run_address>
         <size>0x0</size>
      </object_component>
      <object_component id="oc-5d">
         <name>.ebss</name>
         <uninitialized>true</uninitialized>
         <run_address>0x90de</run_address>
         <size>0x8</size>
         <input_file_ref idref="fl-8"/>
      </object_component>
      <object_component id="oc-db">
         <name>.ebss</name>
         <uninitialized>true</uninitialized>
         <run_address>0x9000</run_address>
         <size>0x64</size>
         <input_file_ref idref="fl-18"/>
      </object_component>
      <object_component id="oc-13a">
         <name>.ebss:_CANData</name>
         <uninitialized>true</uninitialized>
         <run_address>0x90e6</run_address>
         <size>0x8</size>
         <input_file_ref idref="fl-18"/>
      </object_component>
      <object_component id="oc-134">
         <name>.ebss:_PFCData</name>
         <uninitialized>true</uninitialized>
         <run_address>0x90d2</run_address>
         <size>0xb</size>
         <input_file_ref idref="fl-18"/>
      </object_component>
      <object_component id="oc-136">
         <name>.ebss:_ucTxbuffer</name>
         <uninitialized>true</uninitialized>
         <run_address>0x9072</run_address>
         <size>0xe</size>
         <input_file_ref idref="fl-18"/>
      </object_component>
      <object_component id="oc-138">
         <name>.ebss:_RX1Data</name>
         <uninitialized>true</uninitialized>
         <run_address>0x9064</run_address>
         <size>0xe</size>
         <input_file_ref idref="fl-18"/>
      </object_component>
      <object_component id="oc-13c">
         <name>.ebss:_lAdcVoSum</name>
         <uninitialized>true</uninitialized>
         <run_address>0x9400</run_address>
         <size>0x52</size>
         <input_file_ref idref="fl-18"/>
      </object_component>
      <object_component id="oc-13d">
         <name>.ebss:_lAdcIoSum</name>
         <uninitialized>true</uninitialized>
         <run_address>0x9100</run_address>
         <size>0x52</size>
         <input_file_ref idref="fl-18"/>
      </object_component>
      <object_component id="oc-13e">
         <name>.ebss:_lAdcVbatSum</name>
         <uninitialized>true</uninitialized>
         <run_address>0x9380</run_address>
         <size>0x52</size>
         <input_file_ref idref="fl-18"/>
      </object_component>
      <object_component id="oc-13f">
         <name>.ebss:_lAdcTdspSum</name>
         <uninitialized>true</uninitialized>
         <run_address>0x9180</run_address>
         <size>0x52</size>
         <input_file_ref idref="fl-18"/>
      </object_component>
      <object_component id="oc-143">
         <name>.ebss:_lAdcExTSum</name>
         <uninitialized>true</uninitialized>
         <run_address>0x9080</run_address>
         <size>0x52</size>
         <input_file_ref idref="fl-18"/>
      </object_component>
      <object_component id="oc-140">
         <name>.ebss:_lAdcTp1Sum</name>
         <uninitialized>true</uninitialized>
         <run_address>0x9200</run_address>
         <size>0x52</size>
         <input_file_ref idref="fl-18"/>
      </object_component>
      <object_component id="oc-141">
         <name>.ebss:_lAdcTp2Sum</name>
         <uninitialized>true</uninitialized>
         <run_address>0x9280</run_address>
         <size>0x52</size>
         <input_file_ref idref="fl-18"/>
      </object_component>
      <object_component id="oc-142">
         <name>.ebss:_lAdcTp3Sum</name>
         <uninitialized>true</uninitialized>
         <run_address>0x9300</run_address>
         <size>0x52</size>
         <input_file_ref idref="fl-18"/>
      </object_component>
      <object_component id="oc-110">
         <name>.ebss</name>
         <uninitialized>true</uninitialized>
         <run_address>0x90ee</run_address>
         <size>0x6</size>
         <input_file_ref idref="fl-31"/>
      </object_component>
      <object_component id="oc-126">
         <name>.ebss:__lock</name>
         <uninitialized>true</uninitialized>
         <run_address>0x90f4</run_address>
         <size>0x2</size>
         <input_file_ref idref="fl-32"/>
      </object_component>
      <object_component id="oc-147">
         <name>.ebss:__unlock</name>
         <uninitialized>true</uninitialized>
         <run_address>0x90f6</run_address>
         <size>0x2</size>
         <input_file_ref idref="fl-32"/>
      </object_component>
      <object_component id="oc-a7">
         <name>DcdcisrFile</name>
         <uninitialized>true</uninitialized>
         <run_address>0x9480</run_address>
         <size>0x50</size>
         <input_file_ref idref="fl-e"/>
      </object_component>
      <object_component id="oc-146">
         <name>.econst:_PieVectTableInit</name>
         <load_address>0x3f6000</load_address>
         <run_address>0x3f6000</run_address>
         <size>0x100</size>
         <input_file_ref idref="fl-13"/>
      </object_component>
      <object_component id="oc-e1">
         <name>.reset</name>
         <load_address>0x3fffc0</load_address>
         <run_address>0x3fffc0</run_address>
         <size>0x2</size>
         <input_file_ref idref="fl-28"/>
      </object_component>
      <object_component id="oc-a9">
         <name>PieVectTableFile</name>
         <uninitialized>true</uninitialized>
         <run_address>0xd00</run_address>
         <size>0x100</size>
         <input_file_ref idref="fl-e"/>
      </object_component>
      <object_component id="oc-7e">
         <name>EmuKeyVar</name>
         <uninitialized>true</uninitialized>
         <run_address>0xd00</run_address>
         <size>0x1</size>
         <input_file_ref idref="fl-e"/>
      </object_component>
      <object_component id="oc-7f">
         <name>EmuBModeVar</name>
         <uninitialized>true</uninitialized>
         <run_address>0xd01</run_address>
         <size>0x1</size>
         <input_file_ref idref="fl-e"/>
      </object_component>
      <object_component id="oc-81">
         <name>FlashCallbackVar</name>
         <uninitialized>true</uninitialized>
         <run_address>0xd02</run_address>
         <size>0x2</size>
         <input_file_ref idref="fl-e"/>
      </object_component>
      <object_component id="oc-80">
         <name>FlashScalingVar</name>
         <uninitialized>true</uninitialized>
         <run_address>0xd04</run_address>
         <size>0x2</size>
         <input_file_ref idref="fl-e"/>
      </object_component>
      <object_component id="oc-aa">
         <name>DevEmuRegsFile</name>
         <uninitialized>true</uninitialized>
         <run_address>0x880</run_address>
         <size>0x106</size>
         <input_file_ref idref="fl-e"/>
      </object_component>
      <object_component id="oc-86">
         <name>FlashRegsFile</name>
         <uninitialized>true</uninitialized>
         <run_address>0xa80</run_address>
         <size>0x8</size>
         <input_file_ref idref="fl-e"/>
      </object_component>
      <object_component id="oc-88">
         <name>CsmRegsFile</name>
         <uninitialized>true</uninitialized>
         <run_address>0xae0</run_address>
         <size>0x10</size>
         <input_file_ref idref="fl-e"/>
      </object_component>
      <object_component id="oc-92">
         <name>AdcResultFile</name>
         <uninitialized>true</uninitialized>
         <run_address>0xb00</run_address>
         <size>0x20</size>
         <input_file_ref idref="fl-e"/>
      </object_component>
      <object_component id="oc-82">
         <name>CpuTimer0RegsFile</name>
         <uninitialized>true</uninitialized>
         <run_address>0xc00</run_address>
         <size>0x8</size>
         <input_file_ref idref="fl-e"/>
      </object_component>
      <object_component id="oc-83">
         <name>CpuTimer1RegsFile</name>
         <uninitialized>true</uninitialized>
         <run_address>0xc08</run_address>
         <size>0x8</size>
         <input_file_ref idref="fl-e"/>
      </object_component>
      <object_component id="oc-84">
         <name>CpuTimer2RegsFile</name>
         <uninitialized>true</uninitialized>
         <run_address>0xc10</run_address>
         <size>0x8</size>
         <input_file_ref idref="fl-e"/>
      </object_component>
      <object_component id="oc-91">
         <name>PieCtrlRegsFile</name>
         <uninitialized>true</uninitialized>
         <run_address>0xce0</run_address>
         <size>0x1a</size>
         <input_file_ref idref="fl-e"/>
      </object_component>
      <object_component id="oc-a2">
         <name>Cla1RegsFile</name>
         <uninitialized>true</uninitialized>
         <run_address>0x1400</run_address>
         <size>0x40</size>
         <input_file_ref idref="fl-e"/>
      </object_component>
      <object_component id="oc-97">
         <name>ECanaRegsFile</name>
         <uninitialized>true</uninitialized>
         <run_address>0x6000</run_address>
         <size>0x34</size>
         <input_file_ref idref="fl-e"/>
      </object_component>
      <object_component id="oc-9f">
         <name>ECanaLAMRegsFile</name>
         <uninitialized>true</uninitialized>
         <run_address>0x6040</run_address>
         <size>0x40</size>
         <input_file_ref idref="fl-e"/>
      </object_component>
      <object_component id="oc-a8">
         <name>ECanaMboxesFile</name>
         <uninitialized>true</uninitialized>
         <run_address>0x6100</run_address>
         <size>0x100</size>
         <input_file_ref idref="fl-e"/>
      </object_component>
      <object_component id="oc-a0">
         <name>ECanaMOTSRegsFile</name>
         <uninitialized>true</uninitialized>
         <run_address>0x6080</run_address>
         <size>0x40</size>
         <input_file_ref idref="fl-e"/>
      </object_component>
      <object_component id="oc-a1">
         <name>ECanaMOTORegsFile</name>
         <uninitialized>true</uninitialized>
         <run_address>0x60c0</run_address>
         <size>0x40</size>
         <input_file_ref idref="fl-e"/>
      </object_component>
      <object_component id="oc-93">
         <name>ECap1RegsFile</name>
         <uninitialized>true</uninitialized>
         <run_address>0x6a00</run_address>
         <size>0x20</size>
         <input_file_ref idref="fl-e"/>
      </object_component>
      <object_component id="oc-a3">
         <name>EQep1RegsFile</name>
         <uninitialized>true</uninitialized>
         <run_address>0x6b00</run_address>
         <size>0x40</size>
         <input_file_ref idref="fl-e"/>
      </object_component>
      <object_component id="oc-a5">
         <name>LinaRegsFile</name>
         <uninitialized>true</uninitialized>
         <run_address>0x6c00</run_address>
         <size>0x4a</size>
         <input_file_ref idref="fl-e"/>
      </object_component>
      <object_component id="oc-a4">
         <name>GpioCtrlRegsFile</name>
         <uninitialized>true</uninitialized>
         <run_address>0x6f80</run_address>
         <size>0x40</size>
         <input_file_ref idref="fl-e"/>
      </object_component>
      <object_component id="oc-94">
         <name>GpioDataRegsFile</name>
         <uninitialized>true</uninitialized>
         <run_address>0x6fc0</run_address>
         <size>0x20</size>
         <input_file_ref idref="fl-e"/>
      </object_component>
      <object_component id="oc-87">
         <name>GpioIntRegsFile</name>
         <uninitialized>true</uninitialized>
         <run_address>0x6fe0</run_address>
         <size>0xc</size>
         <input_file_ref idref="fl-e"/>
      </object_component>
      <object_component id="oc-95">
         <name>SysCtrlRegsFile</name>
         <uninitialized>true</uninitialized>
         <run_address>0x7010</run_address>
         <size>0x20</size>
         <input_file_ref idref="fl-e"/>
      </object_component>
      <object_component id="oc-8b">
         <name>SpiaRegsFile</name>
         <uninitialized>true</uninitialized>
         <run_address>0x7040</run_address>
         <size>0x10</size>
         <input_file_ref idref="fl-e"/>
      </object_component>
      <object_component id="oc-8c">
         <name>SpibRegsFile</name>
         <uninitialized>true</uninitialized>
         <run_address>0x7740</run_address>
         <size>0x10</size>
         <input_file_ref idref="fl-e"/>
      </object_component>
      <object_component id="oc-8a">
         <name>SciaRegsFile</name>
         <uninitialized>true</uninitialized>
         <run_address>0x7050</run_address>
         <size>0x10</size>
         <input_file_ref idref="fl-e"/>
      </object_component>
      <object_component id="oc-89">
         <name>NmiIntruptRegsFile</name>
         <uninitialized>true</uninitialized>
         <run_address>0x7060</run_address>
         <size>0x10</size>
         <input_file_ref idref="fl-e"/>
      </object_component>
      <object_component id="oc-8d">
         <name>XIntruptRegsFile</name>
         <uninitialized>true</uninitialized>
         <run_address>0x7070</run_address>
         <size>0x10</size>
         <input_file_ref idref="fl-e"/>
      </object_component>
      <object_component id="oc-a6">
         <name>AdcRegsFile</name>
         <uninitialized>true</uninitialized>
         <run_address>0x7100</run_address>
         <size>0x50</size>
         <input_file_ref idref="fl-e"/>
      </object_component>
      <object_component id="oc-96">
         <name>I2caRegsFile</name>
         <uninitialized>true</uninitialized>
         <run_address>0x7900</run_address>
         <size>0x22</size>
         <input_file_ref idref="fl-e"/>
      </object_component>
      <object_component id="oc-8e">
         <name>Comp1RegsFile</name>
         <uninitialized>true</uninitialized>
         <run_address>0x6400</run_address>
         <size>0x11</size>
         <input_file_ref idref="fl-e"/>
      </object_component>
      <object_component id="oc-8f">
         <name>Comp2RegsFile</name>
         <uninitialized>true</uninitialized>
         <run_address>0x6420</run_address>
         <size>0x11</size>
         <input_file_ref idref="fl-e"/>
      </object_component>
      <object_component id="oc-90">
         <name>Comp3RegsFile</name>
         <uninitialized>true</uninitialized>
         <run_address>0x6440</run_address>
         <size>0x11</size>
         <input_file_ref idref="fl-e"/>
      </object_component>
      <object_component id="oc-98">
         <name>EPwm1RegsFile</name>
         <uninitialized>true</uninitialized>
         <run_address>0x6800</run_address>
         <size>0x3a</size>
         <input_file_ref idref="fl-e"/>
      </object_component>
      <object_component id="oc-99">
         <name>EPwm2RegsFile</name>
         <uninitialized>true</uninitialized>
         <run_address>0x6840</run_address>
         <size>0x3a</size>
         <input_file_ref idref="fl-e"/>
      </object_component>
      <object_component id="oc-9a">
         <name>EPwm3RegsFile</name>
         <uninitialized>true</uninitialized>
         <run_address>0x6880</run_address>
         <size>0x3a</size>
         <input_file_ref idref="fl-e"/>
      </object_component>
      <object_component id="oc-9b">
         <name>EPwm4RegsFile</name>
         <uninitialized>true</uninitialized>
         <run_address>0x68c0</run_address>
         <size>0x3a</size>
         <input_file_ref idref="fl-e"/>
      </object_component>
      <object_component id="oc-9c">
         <name>EPwm5RegsFile</name>
         <uninitialized>true</uninitialized>
         <run_address>0x6900</run_address>
         <size>0x3a</size>
         <input_file_ref idref="fl-e"/>
      </object_component>
      <object_component id="oc-9d">
         <name>EPwm6RegsFile</name>
         <uninitialized>true</uninitialized>
         <run_address>0x6940</run_address>
         <size>0x3a</size>
         <input_file_ref idref="fl-e"/>
      </object_component>
      <object_component id="oc-9e">
         <name>EPwm7RegsFile</name>
         <uninitialized>true</uninitialized>
         <run_address>0x6980</run_address>
         <size>0x3a</size>
         <input_file_ref idref="fl-e"/>
      </object_component>
      <object_component id="oc-85">
         <name>CsmPwlFile</name>
         <uninitialized>true</uninitialized>
         <run_address>0x3f7ff8</run_address>
         <size>0x8</size>
         <input_file_ref idref="fl-e"/>
      </object_component>
      <object_component id="oc-7d">
         <name>PartIdRegsFile</name>
         <uninitialized>true</uninitialized>
         <run_address>0x3d7e80</run_address>
         <size>0x1</size>
         <input_file_ref idref="fl-e"/>
      </object_component>
      <object_component id="oc-44">
         <name>.debug_info</name>
         <load_address>0x0</load_address>
         <run_address>0x0</run_address>
         <size>0x59af</size>
         <input_file_ref idref="fl-3"/>
      </object_component>
      <object_component id="oc-4a">
         <name>.debug_info</name>
         <load_address>0x59af</load_address>
         <run_address>0x59af</run_address>
         <size>0x3bed</size>
         <input_file_ref idref="fl-4"/>
      </object_component>
      <object_component id="oc-54">
         <name>.debug_info</name>
         <load_address>0x959c</load_address>
         <run_address>0x959c</run_address>
         <size>0x143</size>
         <input_file_ref idref="fl-6"/>
      </object_component>
      <object_component id="oc-57">
         <name>.debug_info</name>
         <load_address>0x96df</load_address>
         <run_address>0x96df</run_address>
         <size>0x14b1</size>
         <input_file_ref idref="fl-7"/>
      </object_component>
      <object_component id="oc-5c">
         <name>.debug_info</name>
         <load_address>0xab90</load_address>
         <run_address>0xab90</run_address>
         <size>0x8a5</size>
         <input_file_ref idref="fl-8"/>
      </object_component>
      <object_component id="oc-64">
         <name>.debug_info</name>
         <load_address>0xb435</load_address>
         <run_address>0xb435</run_address>
         <size>0x103</size>
         <input_file_ref idref="fl-9"/>
      </object_component>
      <object_component id="oc-67">
         <name>.debug_info</name>
         <load_address>0xb538</load_address>
         <run_address>0xb538</run_address>
         <size>0x21de</size>
         <input_file_ref idref="fl-a"/>
      </object_component>
      <object_component id="oc-6f">
         <name>.debug_info</name>
         <load_address>0xd716</load_address>
         <run_address>0xd716</run_address>
         <size>0x109</size>
         <input_file_ref idref="fl-b"/>
      </object_component>
      <object_component id="oc-72">
         <name>.debug_info</name>
         <load_address>0xd81f</load_address>
         <run_address>0xd81f</run_address>
         <size>0x5900</size>
         <input_file_ref idref="fl-c"/>
      </object_component>
      <object_component id="oc-77">
         <name>.debug_info</name>
         <load_address>0x1311f</load_address>
         <run_address>0x1311f</run_address>
         <size>0x3af6</size>
         <input_file_ref idref="fl-d"/>
      </object_component>
      <object_component id="oc-7c">
         <name>.debug_info</name>
         <load_address>0x16c15</load_address>
         <run_address>0x16c15</run_address>
         <size>0x13f6d</size>
         <input_file_ref idref="fl-e"/>
      </object_component>
      <object_component id="oc-ac">
         <name>.debug_info</name>
         <load_address>0x2ab82</load_address>
         <run_address>0x2ab82</run_address>
         <size>0x1512</size>
         <input_file_ref idref="fl-f"/>
      </object_component>
      <object_component id="oc-b1">
         <name>.debug_info</name>
         <load_address>0x2c094</load_address>
         <run_address>0x2c094</run_address>
         <size>0x14b0</size>
         <input_file_ref idref="fl-10"/>
      </object_component>
      <object_component id="oc-b6">
         <name>.debug_info</name>
         <load_address>0x2d544</load_address>
         <run_address>0x2d544</run_address>
         <size>0x3e4</size>
         <input_file_ref idref="fl-11"/>
      </object_component>
      <object_component id="oc-bb">
         <name>.debug_info</name>
         <load_address>0x2d928</load_address>
         <run_address>0x2d928</run_address>
         <size>0xad3</size>
         <input_file_ref idref="fl-12"/>
      </object_component>
      <object_component id="oc-c0">
         <name>.debug_info</name>
         <load_address>0x2e3fb</load_address>
         <run_address>0x2e3fb</run_address>
         <size>0x21bb</size>
         <input_file_ref idref="fl-13"/>
      </object_component>
      <object_component id="oc-c5">
         <name>.debug_info</name>
         <load_address>0x305b6</load_address>
         <run_address>0x305b6</run_address>
         <size>0x2079</size>
         <input_file_ref idref="fl-14"/>
      </object_component>
      <object_component id="oc-ca">
         <name>.debug_info</name>
         <load_address>0x3262f</load_address>
         <run_address>0x3262f</run_address>
         <size>0x14b0</size>
         <input_file_ref idref="fl-15"/>
      </object_component>
      <object_component id="oc-cf">
         <name>.debug_info</name>
         <load_address>0x33adf</load_address>
         <run_address>0x33adf</run_address>
         <size>0x31aa</size>
         <input_file_ref idref="fl-16"/>
      </object_component>
      <object_component id="oc-d6">
         <name>.debug_info</name>
         <load_address>0x36c89</load_address>
         <run_address>0x36c89</run_address>
         <size>0x105</size>
         <input_file_ref idref="fl-17"/>
      </object_component>
      <object_component id="oc-d9">
         <name>.debug_info</name>
         <load_address>0x36d8e</load_address>
         <run_address>0x36d8e</run_address>
         <size>0xd4d2</size>
         <input_file_ref idref="fl-18"/>
      </object_component>
      <object_component id="oc-e2">
         <name>.debug_info</name>
         <load_address>0x44260</load_address>
         <run_address>0x44260</run_address>
         <size>0x173</size>
         <input_file_ref idref="fl-28"/>
      </object_component>
      <object_component id="oc-e7">
         <name>.debug_info</name>
         <load_address>0x443d3</load_address>
         <run_address>0x443d3</run_address>
         <size>0x114</size>
         <input_file_ref idref="fl-29"/>
      </object_component>
      <object_component id="oc-ec">
         <name>.debug_info</name>
         <load_address>0x444e7</load_address>
         <run_address>0x444e7</run_address>
         <size>0x120</size>
         <input_file_ref idref="fl-2a"/>
      </object_component>
      <object_component id="oc-f1">
         <name>.debug_info</name>
         <load_address>0x44607</load_address>
         <run_address>0x44607</run_address>
         <size>0x141</size>
         <input_file_ref idref="fl-2b"/>
      </object_component>
      <object_component id="oc-f6">
         <name>.debug_info</name>
         <load_address>0x44748</load_address>
         <run_address>0x44748</run_address>
         <size>0x1a5</size>
         <input_file_ref idref="fl-2c"/>
      </object_component>
      <object_component id="oc-fa">
         <name>.debug_info</name>
         <load_address>0x448ed</load_address>
         <run_address>0x448ed</run_address>
         <size>0x4fa</size>
         <input_file_ref idref="fl-2d"/>
      </object_component>
      <object_component id="oc-ff">
         <name>.debug_info</name>
         <load_address>0x44de7</load_address>
         <run_address>0x44de7</run_address>
         <size>0x3d3</size>
         <input_file_ref idref="fl-2e"/>
      </object_component>
      <object_component id="oc-104">
         <name>.debug_info</name>
         <load_address>0x451ba</load_address>
         <run_address>0x451ba</run_address>
         <size>0x346</size>
         <input_file_ref idref="fl-2f"/>
      </object_component>
      <object_component id="oc-109">
         <name>.debug_info</name>
         <load_address>0x45500</load_address>
         <run_address>0x45500</run_address>
         <size>0x343</size>
         <input_file_ref idref="fl-30"/>
      </object_component>
      <object_component id="oc-10e">
         <name>.debug_info</name>
         <load_address>0x45843</load_address>
         <run_address>0x45843</run_address>
         <size>0x4dd</size>
         <input_file_ref idref="fl-31"/>
      </object_component>
      <object_component id="oc-115">
         <name>.debug_info</name>
         <load_address>0x45d20</load_address>
         <run_address>0x45d20</run_address>
         <size>0x465</size>
         <input_file_ref idref="fl-32"/>
      </object_component>
      <object_component id="oc-11a">
         <name>.debug_info</name>
         <load_address>0x46185</load_address>
         <run_address>0x46185</run_address>
         <size>0x3ee</size>
         <input_file_ref idref="fl-33"/>
      </object_component>
      <object_component id="oc-193">
         <name>.debug_info</name>
         <load_address>0x46573</load_address>
         <run_address>0x46573</run_address>
         <size>0xb0</size>
      </object_component>
      <object_component id="oc-46">
         <name>.debug_frame</name>
         <load_address>0x0</load_address>
         <run_address>0x0</run_address>
         <size>0x84</size>
         <input_file_ref idref="fl-3"/>
      </object_component>
      <object_component id="oc-4b">
         <name>.debug_frame</name>
         <load_address>0x84</load_address>
         <run_address>0x84</run_address>
         <size>0x68</size>
         <input_file_ref idref="fl-4"/>
      </object_component>
      <object_component id="oc-58">
         <name>.debug_frame</name>
         <load_address>0xec</load_address>
         <run_address>0xec</run_address>
         <size>0x20</size>
         <input_file_ref idref="fl-7"/>
      </object_component>
      <object_component id="oc-5e">
         <name>.debug_frame</name>
         <load_address>0x10c</load_address>
         <run_address>0x10c</run_address>
         <size>0x54</size>
         <input_file_ref idref="fl-8"/>
      </object_component>
      <object_component id="oc-69">
         <name>.debug_frame</name>
         <load_address>0x160</load_address>
         <run_address>0x160</run_address>
         <size>0x710</size>
         <input_file_ref idref="fl-a"/>
      </object_component>
      <object_component id="oc-73">
         <name>.debug_frame</name>
         <load_address>0x870</load_address>
         <run_address>0x870</run_address>
         <size>0xa4</size>
         <input_file_ref idref="fl-c"/>
      </object_component>
      <object_component id="oc-78">
         <name>.debug_frame</name>
         <load_address>0x914</load_address>
         <run_address>0x914</run_address>
         <size>0x170</size>
         <input_file_ref idref="fl-d"/>
      </object_component>
      <object_component id="oc-ad">
         <name>.debug_frame</name>
         <load_address>0xa84</load_address>
         <run_address>0xa84</run_address>
         <size>0x38</size>
         <input_file_ref idref="fl-f"/>
      </object_component>
      <object_component id="oc-b2">
         <name>.debug_frame</name>
         <load_address>0xabc</load_address>
         <run_address>0xabc</run_address>
         <size>0x20</size>
         <input_file_ref idref="fl-10"/>
      </object_component>
      <object_component id="oc-b7">
         <name>.debug_frame</name>
         <load_address>0xadc</load_address>
         <run_address>0xadc</run_address>
         <size>0x3c</size>
         <input_file_ref idref="fl-11"/>
      </object_component>
      <object_component id="oc-bc">
         <name>.debug_frame</name>
         <load_address>0xb18</load_address>
         <run_address>0xb18</run_address>
         <size>0x50</size>
         <input_file_ref idref="fl-12"/>
      </object_component>
      <object_component id="oc-c1">
         <name>.debug_frame</name>
         <load_address>0xb68</load_address>
         <run_address>0xb68</run_address>
         <size>0x3c</size>
         <input_file_ref idref="fl-13"/>
      </object_component>
      <object_component id="oc-c6">
         <name>.debug_frame</name>
         <load_address>0xba4</load_address>
         <run_address>0xba4</run_address>
         <size>0x68</size>
         <input_file_ref idref="fl-14"/>
      </object_component>
      <object_component id="oc-cb">
         <name>.debug_frame</name>
         <load_address>0xc0c</load_address>
         <run_address>0xc0c</run_address>
         <size>0x20</size>
         <input_file_ref idref="fl-15"/>
      </object_component>
      <object_component id="oc-d0">
         <name>.debug_frame</name>
         <load_address>0xc2c</load_address>
         <run_address>0xc2c</run_address>
         <size>0x130</size>
         <input_file_ref idref="fl-16"/>
      </object_component>
      <object_component id="oc-dc">
         <name>.debug_frame</name>
         <load_address>0xd5c</load_address>
         <run_address>0xd5c</run_address>
         <size>0x134</size>
         <input_file_ref idref="fl-18"/>
      </object_component>
      <object_component id="oc-fb">
         <name>.debug_frame</name>
         <load_address>0xe90</load_address>
         <run_address>0xe90</run_address>
         <size>0x58</size>
         <input_file_ref idref="fl-2d"/>
      </object_component>
      <object_component id="oc-100">
         <name>.debug_frame</name>
         <load_address>0xee8</load_address>
         <run_address>0xee8</run_address>
         <size>0x38</size>
         <input_file_ref idref="fl-2e"/>
      </object_component>
      <object_component id="oc-105">
         <name>.debug_frame</name>
         <load_address>0xf20</load_address>
         <run_address>0xf20</run_address>
         <size>0x38</size>
         <input_file_ref idref="fl-2f"/>
      </object_component>
      <object_component id="oc-10a">
         <name>.debug_frame</name>
         <load_address>0xf58</load_address>
         <run_address>0xf58</run_address>
         <size>0x38</size>
         <input_file_ref idref="fl-30"/>
      </object_component>
      <object_component id="oc-111">
         <name>.debug_frame</name>
         <load_address>0xf90</load_address>
         <run_address>0xf90</run_address>
         <size>0x58</size>
         <input_file_ref idref="fl-31"/>
      </object_component>
      <object_component id="oc-116">
         <name>.debug_frame</name>
         <load_address>0xfe8</load_address>
         <run_address>0xfe8</run_address>
         <size>0x68</size>
         <input_file_ref idref="fl-32"/>
      </object_component>
      <object_component id="oc-11b">
         <name>.debug_frame</name>
         <load_address>0x1050</load_address>
         <run_address>0x1050</run_address>
         <size>0x38</size>
         <input_file_ref idref="fl-33"/>
      </object_component>
      <object_component id="oc-47">
         <name>.debug_line</name>
         <load_address>0x0</load_address>
         <run_address>0x0</run_address>
         <size>0x19c</size>
         <input_file_ref idref="fl-3"/>
      </object_component>
      <object_component id="oc-4c">
         <name>.debug_line</name>
         <load_address>0x19c</load_address>
         <run_address>0x19c</run_address>
         <size>0x104</size>
         <input_file_ref idref="fl-4"/>
      </object_component>
      <object_component id="oc-53">
         <name>.debug_line</name>
         <load_address>0x2a0</load_address>
         <run_address>0x2a0</run_address>
         <size>0x68</size>
         <input_file_ref idref="fl-6"/>
      </object_component>
      <object_component id="oc-59">
         <name>.debug_line</name>
         <load_address>0x308</load_address>
         <run_address>0x308</run_address>
         <size>0x3a</size>
         <input_file_ref idref="fl-7"/>
      </object_component>
      <object_component id="oc-5f">
         <name>.debug_line</name>
         <load_address>0x342</load_address>
         <run_address>0x342</run_address>
         <size>0x81</size>
         <input_file_ref idref="fl-8"/>
      </object_component>
      <object_component id="oc-63">
         <name>.debug_line</name>
         <load_address>0x3c3</load_address>
         <run_address>0x3c3</run_address>
         <size>0x4e</size>
         <input_file_ref idref="fl-9"/>
      </object_component>
      <object_component id="oc-6a">
         <name>.debug_line</name>
         <load_address>0x411</load_address>
         <run_address>0x411</run_address>
         <size>0x6d7</size>
         <input_file_ref idref="fl-a"/>
      </object_component>
      <object_component id="oc-6e">
         <name>.debug_line</name>
         <load_address>0xae8</load_address>
         <run_address>0xae8</run_address>
         <size>0x52</size>
         <input_file_ref idref="fl-b"/>
      </object_component>
      <object_component id="oc-74">
         <name>.debug_line</name>
         <load_address>0xb3a</load_address>
         <run_address>0xb3a</run_address>
         <size>0x178</size>
         <input_file_ref idref="fl-c"/>
      </object_component>
      <object_component id="oc-79">
         <name>.debug_line</name>
         <load_address>0xcb2</load_address>
         <run_address>0xcb2</run_address>
         <size>0x221</size>
         <input_file_ref idref="fl-d"/>
      </object_component>
      <object_component id="oc-ae">
         <name>.debug_line</name>
         <load_address>0xed3</load_address>
         <run_address>0xed3</run_address>
         <size>0x62</size>
         <input_file_ref idref="fl-f"/>
      </object_component>
      <object_component id="oc-b3">
         <name>.debug_line</name>
         <load_address>0xf35</load_address>
         <run_address>0xf35</run_address>
         <size>0x39</size>
         <input_file_ref idref="fl-10"/>
      </object_component>
      <object_component id="oc-b8">
         <name>.debug_line</name>
         <load_address>0xf6e</load_address>
         <run_address>0xf6e</run_address>
         <size>0x5e</size>
         <input_file_ref idref="fl-11"/>
      </object_component>
      <object_component id="oc-bd">
         <name>.debug_line</name>
         <load_address>0xfcc</load_address>
         <run_address>0xfcc</run_address>
         <size>0x8d</size>
         <input_file_ref idref="fl-12"/>
      </object_component>
      <object_component id="oc-c2">
         <name>.debug_line</name>
         <load_address>0x1059</load_address>
         <run_address>0x1059</run_address>
         <size>0x71</size>
         <input_file_ref idref="fl-13"/>
      </object_component>
      <object_component id="oc-c7">
         <name>.debug_line</name>
         <load_address>0x10ca</load_address>
         <run_address>0x10ca</run_address>
         <size>0x98</size>
         <input_file_ref idref="fl-14"/>
      </object_component>
      <object_component id="oc-cc">
         <name>.debug_line</name>
         <load_address>0x1162</load_address>
         <run_address>0x1162</run_address>
         <size>0x39</size>
         <input_file_ref idref="fl-15"/>
      </object_component>
      <object_component id="oc-d1">
         <name>.debug_line</name>
         <load_address>0x119b</load_address>
         <run_address>0x119b</run_address>
         <size>0x202</size>
         <input_file_ref idref="fl-16"/>
      </object_component>
      <object_component id="oc-d5">
         <name>.debug_line</name>
         <load_address>0x139d</load_address>
         <run_address>0x139d</run_address>
         <size>0x4f</size>
         <input_file_ref idref="fl-17"/>
      </object_component>
      <object_component id="oc-dd">
         <name>.debug_line</name>
         <load_address>0x13ec</load_address>
         <run_address>0x13ec</run_address>
         <size>0x441</size>
         <input_file_ref idref="fl-18"/>
      </object_component>
      <object_component id="oc-e3">
         <name>.debug_line</name>
         <load_address>0x182d</load_address>
         <run_address>0x182d</run_address>
         <size>0x7d</size>
         <input_file_ref idref="fl-28"/>
      </object_component>
      <object_component id="oc-e8">
         <name>.debug_line</name>
         <load_address>0x18aa</load_address>
         <run_address>0x18aa</run_address>
         <size>0x8d</size>
         <input_file_ref idref="fl-29"/>
      </object_component>
      <object_component id="oc-ed">
         <name>.debug_line</name>
         <load_address>0x1937</load_address>
         <run_address>0x1937</run_address>
         <size>0x60</size>
         <input_file_ref idref="fl-2a"/>
      </object_component>
      <object_component id="oc-f2">
         <name>.debug_line</name>
         <load_address>0x1997</load_address>
         <run_address>0x1997</run_address>
         <size>0x52</size>
         <input_file_ref idref="fl-2b"/>
      </object_component>
      <object_component id="oc-f7">
         <name>.debug_line</name>
         <load_address>0x19e9</load_address>
         <run_address>0x19e9</run_address>
         <size>0x8e</size>
         <input_file_ref idref="fl-2c"/>
      </object_component>
      <object_component id="oc-fc">
         <name>.debug_line</name>
         <load_address>0x1a77</load_address>
         <run_address>0x1a77</run_address>
         <size>0x50</size>
         <input_file_ref idref="fl-2d"/>
      </object_component>
      <object_component id="oc-101">
         <name>.debug_line</name>
         <load_address>0x1ac7</load_address>
         <run_address>0x1ac7</run_address>
         <size>0x62</size>
         <input_file_ref idref="fl-2e"/>
      </object_component>
      <object_component id="oc-106">
         <name>.debug_line</name>
         <load_address>0x1b29</load_address>
         <run_address>0x1b29</run_address>
         <size>0x3e</size>
         <input_file_ref idref="fl-2f"/>
      </object_component>
      <object_component id="oc-10b">
         <name>.debug_line</name>
         <load_address>0x1b67</load_address>
         <run_address>0x1b67</run_address>
         <size>0x3a</size>
         <input_file_ref idref="fl-30"/>
      </object_component>
      <object_component id="oc-112">
         <name>.debug_line</name>
         <load_address>0x1ba1</load_address>
         <run_address>0x1ba1</run_address>
         <size>0x65</size>
         <input_file_ref idref="fl-31"/>
      </object_component>
      <object_component id="oc-117">
         <name>.debug_line</name>
         <load_address>0x1c06</load_address>
         <run_address>0x1c06</run_address>
         <size>0x5e</size>
         <input_file_ref idref="fl-32"/>
      </object_component>
      <object_component id="oc-11c">
         <name>.debug_line</name>
         <load_address>0x1c64</load_address>
         <run_address>0x1c64</run_address>
         <size>0x4f</size>
         <input_file_ref idref="fl-33"/>
      </object_component>
      <object_component id="oc-48">
         <name>.debug_abbrev</name>
         <load_address>0x0</load_address>
         <run_address>0x0</run_address>
         <size>0x13e</size>
         <input_file_ref idref="fl-3"/>
      </object_component>
      <object_component id="oc-4d">
         <name>.debug_abbrev</name>
         <load_address>0x13e</load_address>
         <run_address>0x13e</run_address>
         <size>0x110</size>
         <input_file_ref idref="fl-4"/>
      </object_component>
      <object_component id="oc-55">
         <name>.debug_abbrev</name>
         <load_address>0x24e</load_address>
         <run_address>0x24e</run_address>
         <size>0x21</size>
         <input_file_ref idref="fl-6"/>
      </object_component>
      <object_component id="oc-5a">
         <name>.debug_abbrev</name>
         <load_address>0x26f</load_address>
         <run_address>0x26f</run_address>
         <size>0xea</size>
         <input_file_ref idref="fl-7"/>
      </object_component>
      <object_component id="oc-60">
         <name>.debug_abbrev</name>
         <load_address>0x359</load_address>
         <run_address>0x359</run_address>
         <size>0x10b</size>
         <input_file_ref idref="fl-8"/>
      </object_component>
      <object_component id="oc-65">
         <name>.debug_abbrev</name>
         <load_address>0x464</load_address>
         <run_address>0x464</run_address>
         <size>0x2f</size>
         <input_file_ref idref="fl-9"/>
      </object_component>
      <object_component id="oc-6b">
         <name>.debug_abbrev</name>
         <load_address>0x493</load_address>
         <run_address>0x493</run_address>
         <size>0xde</size>
         <input_file_ref idref="fl-a"/>
      </object_component>
      <object_component id="oc-70">
         <name>.debug_abbrev</name>
         <load_address>0x571</load_address>
         <run_address>0x571</run_address>
         <size>0x2f</size>
         <input_file_ref idref="fl-b"/>
      </object_component>
      <object_component id="oc-75">
         <name>.debug_abbrev</name>
         <load_address>0x5a0</load_address>
         <run_address>0x5a0</run_address>
         <size>0x12a</size>
         <input_file_ref idref="fl-c"/>
      </object_component>
      <object_component id="oc-7a">
         <name>.debug_abbrev</name>
         <load_address>0x6ca</load_address>
         <run_address>0x6ca</run_address>
         <size>0x121</size>
         <input_file_ref idref="fl-d"/>
      </object_component>
      <object_component id="oc-ab">
         <name>.debug_abbrev</name>
         <load_address>0x7eb</load_address>
         <run_address>0x7eb</run_address>
         <size>0xcb</size>
         <input_file_ref idref="fl-e"/>
      </object_component>
      <object_component id="oc-af">
         <name>.debug_abbrev</name>
         <load_address>0x8b6</load_address>
         <run_address>0x8b6</run_address>
         <size>0xdc</size>
         <input_file_ref idref="fl-f"/>
      </object_component>
      <object_component id="oc-b4">
         <name>.debug_abbrev</name>
         <load_address>0x992</load_address>
         <run_address>0x992</run_address>
         <size>0xdc</size>
         <input_file_ref idref="fl-10"/>
      </object_component>
      <object_component id="oc-b9">
         <name>.debug_abbrev</name>
         <load_address>0xa6e</load_address>
         <run_address>0xa6e</run_address>
         <size>0x93</size>
         <input_file_ref idref="fl-11"/>
      </object_component>
      <object_component id="oc-be">
         <name>.debug_abbrev</name>
         <load_address>0xb01</load_address>
         <run_address>0xb01</run_address>
         <size>0xc8</size>
         <input_file_ref idref="fl-12"/>
      </object_component>
      <object_component id="oc-c3">
         <name>.debug_abbrev</name>
         <load_address>0xbc9</load_address>
         <run_address>0xbc9</run_address>
         <size>0x116</size>
         <input_file_ref idref="fl-13"/>
      </object_component>
      <object_component id="oc-c8">
         <name>.debug_abbrev</name>
         <load_address>0xcdf</load_address>
         <run_address>0xcdf</run_address>
         <size>0xea</size>
         <input_file_ref idref="fl-14"/>
      </object_component>
      <object_component id="oc-cd">
         <name>.debug_abbrev</name>
         <load_address>0xdc9</load_address>
         <run_address>0xdc9</run_address>
         <size>0xea</size>
         <input_file_ref idref="fl-15"/>
      </object_component>
      <object_component id="oc-d2">
         <name>.debug_abbrev</name>
         <load_address>0xeb3</load_address>
         <run_address>0xeb3</run_address>
         <size>0x1a3</size>
         <input_file_ref idref="fl-16"/>
      </object_component>
      <object_component id="oc-d7">
         <name>.debug_abbrev</name>
         <load_address>0x1056</load_address>
         <run_address>0x1056</run_address>
         <size>0x2f</size>
         <input_file_ref idref="fl-17"/>
      </object_component>
      <object_component id="oc-de">
         <name>.debug_abbrev</name>
         <load_address>0x1085</load_address>
         <run_address>0x1085</run_address>
         <size>0x1df</size>
         <input_file_ref idref="fl-18"/>
      </object_component>
      <object_component id="oc-e4">
         <name>.debug_abbrev</name>
         <load_address>0x1264</load_address>
         <run_address>0x1264</run_address>
         <size>0x46</size>
         <input_file_ref idref="fl-28"/>
      </object_component>
      <object_component id="oc-e9">
         <name>.debug_abbrev</name>
         <load_address>0x12aa</load_address>
         <run_address>0x12aa</run_address>
         <size>0x38</size>
         <input_file_ref idref="fl-29"/>
      </object_component>
      <object_component id="oc-ee">
         <name>.debug_abbrev</name>
         <load_address>0x12e2</load_address>
         <run_address>0x12e2</run_address>
         <size>0x38</size>
         <input_file_ref idref="fl-2a"/>
      </object_component>
      <object_component id="oc-f3">
         <name>.debug_abbrev</name>
         <load_address>0x131a</load_address>
         <run_address>0x131a</run_address>
         <size>0x38</size>
         <input_file_ref idref="fl-2b"/>
      </object_component>
      <object_component id="oc-f8">
         <name>.debug_abbrev</name>
         <load_address>0x1352</load_address>
         <run_address>0x1352</run_address>
         <size>0x38</size>
         <input_file_ref idref="fl-2c"/>
      </object_component>
      <object_component id="oc-fd">
         <name>.debug_abbrev</name>
         <load_address>0x138a</load_address>
         <run_address>0x138a</run_address>
         <size>0xe3</size>
         <input_file_ref idref="fl-2d"/>
      </object_component>
      <object_component id="oc-102">
         <name>.debug_abbrev</name>
         <load_address>0x146d</load_address>
         <run_address>0x146d</run_address>
         <size>0xa8</size>
         <input_file_ref idref="fl-2e"/>
      </object_component>
      <object_component id="oc-107">
         <name>.debug_abbrev</name>
         <load_address>0x1515</load_address>
         <run_address>0x1515</run_address>
         <size>0x68</size>
         <input_file_ref idref="fl-2f"/>
      </object_component>
      <object_component id="oc-10c">
         <name>.debug_abbrev</name>
         <load_address>0x157d</load_address>
         <run_address>0x157d</run_address>
         <size>0x66</size>
         <input_file_ref idref="fl-30"/>
      </object_component>
      <object_component id="oc-113">
         <name>.debug_abbrev</name>
         <load_address>0x15e3</load_address>
         <run_address>0x15e3</run_address>
         <size>0x130</size>
         <input_file_ref idref="fl-31"/>
      </object_component>
      <object_component id="oc-118">
         <name>.debug_abbrev</name>
         <load_address>0x1713</load_address>
         <run_address>0x1713</run_address>
         <size>0xb2</size>
         <input_file_ref idref="fl-32"/>
      </object_component>
      <object_component id="oc-11d">
         <name>.debug_abbrev</name>
         <load_address>0x17c5</load_address>
         <run_address>0x17c5</run_address>
         <size>0xee</size>
         <input_file_ref idref="fl-33"/>
      </object_component>
      <object_component id="oc-194">
         <name>.debug_abbrev</name>
         <load_address>0x18b3</load_address>
         <run_address>0x18b3</run_address>
         <size>0xf</size>
      </object_component>
      <object_component id="oc-49">
         <name>.debug_aranges</name>
         <load_address>0x0</load_address>
         <run_address>0x0</run_address>
         <size>0x30</size>
         <input_file_ref idref="fl-3"/>
      </object_component>
      <object_component id="oc-4e">
         <name>.debug_aranges</name>
         <load_address>0x30</load_address>
         <run_address>0x30</run_address>
         <size>0x30</size>
         <input_file_ref idref="fl-4"/>
      </object_component>
      <object_component id="oc-56">
         <name>.debug_aranges</name>
         <load_address>0x60</load_address>
         <run_address>0x60</run_address>
         <size>0x28</size>
         <input_file_ref idref="fl-6"/>
      </object_component>
      <object_component id="oc-5b">
         <name>.debug_aranges</name>
         <load_address>0x88</load_address>
         <run_address>0x88</run_address>
         <size>0x18</size>
         <input_file_ref idref="fl-7"/>
      </object_component>
      <object_component id="oc-61">
         <name>.debug_aranges</name>
         <load_address>0xa0</load_address>
         <run_address>0xa0</run_address>
         <size>0x28</size>
         <input_file_ref idref="fl-8"/>
      </object_component>
      <object_component id="oc-66">
         <name>.debug_aranges</name>
         <load_address>0xc8</load_address>
         <run_address>0xc8</run_address>
         <size>0x20</size>
         <input_file_ref idref="fl-9"/>
      </object_component>
      <object_component id="oc-6c">
         <name>.debug_aranges</name>
         <load_address>0xe8</load_address>
         <run_address>0xe8</run_address>
         <size>0x268</size>
         <input_file_ref idref="fl-a"/>
      </object_component>
      <object_component id="oc-71">
         <name>.debug_aranges</name>
         <load_address>0x350</load_address>
         <run_address>0x350</run_address>
         <size>0x20</size>
         <input_file_ref idref="fl-b"/>
      </object_component>
      <object_component id="oc-76">
         <name>.debug_aranges</name>
         <load_address>0x370</load_address>
         <run_address>0x370</run_address>
         <size>0x40</size>
         <input_file_ref idref="fl-c"/>
      </object_component>
      <object_component id="oc-7b">
         <name>.debug_aranges</name>
         <load_address>0x3b0</load_address>
         <run_address>0x3b0</run_address>
         <size>0x88</size>
         <input_file_ref idref="fl-d"/>
      </object_component>
      <object_component id="oc-b0">
         <name>.debug_aranges</name>
         <load_address>0x438</load_address>
         <run_address>0x438</run_address>
         <size>0x20</size>
         <input_file_ref idref="fl-f"/>
      </object_component>
      <object_component id="oc-b5">
         <name>.debug_aranges</name>
         <load_address>0x458</load_address>
         <run_address>0x458</run_address>
         <size>0x18</size>
         <input_file_ref idref="fl-10"/>
      </object_component>
      <object_component id="oc-ba">
         <name>.debug_aranges</name>
         <load_address>0x470</load_address>
         <run_address>0x470</run_address>
         <size>0x20</size>
         <input_file_ref idref="fl-11"/>
      </object_component>
      <object_component id="oc-bf">
         <name>.debug_aranges</name>
         <load_address>0x490</load_address>
         <run_address>0x490</run_address>
         <size>0x28</size>
         <input_file_ref idref="fl-12"/>
      </object_component>
      <object_component id="oc-c4">
         <name>.debug_aranges</name>
         <load_address>0x4b8</load_address>
         <run_address>0x4b8</run_address>
         <size>0x20</size>
         <input_file_ref idref="fl-13"/>
      </object_component>
      <object_component id="oc-c9">
         <name>.debug_aranges</name>
         <load_address>0x4d8</load_address>
         <run_address>0x4d8</run_address>
         <size>0x30</size>
         <input_file_ref idref="fl-14"/>
      </object_component>
      <object_component id="oc-ce">
         <name>.debug_aranges</name>
         <load_address>0x508</load_address>
         <run_address>0x508</run_address>
         <size>0x18</size>
         <input_file_ref idref="fl-15"/>
      </object_component>
      <object_component id="oc-d3">
         <name>.debug_aranges</name>
         <load_address>0x520</load_address>
         <run_address>0x520</run_address>
         <size>0x70</size>
         <input_file_ref idref="fl-16"/>
      </object_component>
      <object_component id="oc-d8">
         <name>.debug_aranges</name>
         <load_address>0x590</load_address>
         <run_address>0x590</run_address>
         <size>0x20</size>
         <input_file_ref idref="fl-17"/>
      </object_component>
      <object_component id="oc-df">
         <name>.debug_aranges</name>
         <load_address>0x5b0</load_address>
         <run_address>0x5b0</run_address>
         <size>0x68</size>
         <input_file_ref idref="fl-18"/>
      </object_component>
      <object_component id="oc-e5">
         <name>.debug_aranges</name>
         <load_address>0x618</load_address>
         <run_address>0x618</run_address>
         <size>0x20</size>
         <input_file_ref idref="fl-28"/>
      </object_component>
      <object_component id="oc-ea">
         <name>.debug_aranges</name>
         <load_address>0x638</load_address>
         <run_address>0x638</run_address>
         <size>0x20</size>
         <input_file_ref idref="fl-29"/>
      </object_component>
      <object_component id="oc-ef">
         <name>.debug_aranges</name>
         <load_address>0x658</load_address>
         <run_address>0x658</run_address>
         <size>0x20</size>
         <input_file_ref idref="fl-2a"/>
      </object_component>
      <object_component id="oc-f4">
         <name>.debug_aranges</name>
         <load_address>0x678</load_address>
         <run_address>0x678</run_address>
         <size>0x28</size>
         <input_file_ref idref="fl-2b"/>
      </object_component>
      <object_component id="oc-f9">
         <name>.debug_aranges</name>
         <load_address>0x6a0</load_address>
         <run_address>0x6a0</run_address>
         <size>0x38</size>
         <input_file_ref idref="fl-2c"/>
      </object_component>
      <object_component id="oc-fe">
         <name>.debug_aranges</name>
         <load_address>0x6d8</load_address>
         <run_address>0x6d8</run_address>
         <size>0x20</size>
         <input_file_ref idref="fl-2d"/>
      </object_component>
      <object_component id="oc-103">
         <name>.debug_aranges</name>
         <load_address>0x6f8</load_address>
         <run_address>0x6f8</run_address>
         <size>0x20</size>
         <input_file_ref idref="fl-2e"/>
      </object_component>
      <object_component id="oc-108">
         <name>.debug_aranges</name>
         <load_address>0x718</load_address>
         <run_address>0x718</run_address>
         <size>0x20</size>
         <input_file_ref idref="fl-2f"/>
      </object_component>
      <object_component id="oc-10d">
         <name>.debug_aranges</name>
         <load_address>0x738</load_address>
         <run_address>0x738</run_address>
         <size>0x20</size>
         <input_file_ref idref="fl-30"/>
      </object_component>
      <object_component id="oc-114">
         <name>.debug_aranges</name>
         <load_address>0x758</load_address>
         <run_address>0x758</run_address>
         <size>0x28</size>
         <input_file_ref idref="fl-31"/>
      </object_component>
      <object_component id="oc-119">
         <name>.debug_aranges</name>
         <load_address>0x780</load_address>
         <run_address>0x780</run_address>
         <size>0x30</size>
         <input_file_ref idref="fl-32"/>
      </object_component>
      <object_component id="oc-11e">
         <name>.debug_aranges</name>
         <load_address>0x7b0</load_address>
         <run_address>0x7b0</run_address>
         <size>0x20</size>
         <input_file_ref idref="fl-33"/>
      </object_component>
   </object_component_list>
   <logical_group_list>
      <logical_group id="lg-2" display="no" color="cyan">
         <name>.cinit</name>
         <load_address>0x3f6100</load_address>
         <run_address>0x3f6100</run_address>
         <size>0xfb</size>
         <contents>
            <object_component_ref idref="oc-da"/>
            <object_component_ref idref="oc-135"/>
            <object_component_ref idref="oc-139"/>
            <object_component_ref idref="oc-137"/>
            <object_component_ref idref="oc-10f"/>
            <object_component_ref idref="oc-13b"/>
            <object_component_ref idref="oc-127"/>
            <object_component_ref idref="oc-145"/>
         </contents>
      </logical_group>
      <logical_group id="lg-3" display="no" color="cyan">
         <name>.pinit</name>
         <run_address>0x0</run_address>
         <size>0x0</size>
         <contents>
         </contents>
      </logical_group>
      <logical_group id="lg-4" display="no" color="cyan">
         <name>.text</name>
         <load_address>0x3f0000</load_address>
         <run_address>0x3f0000</run_address>
         <size>0x1035</size>
         <contents>
            <object_component_ref idref="oc-125"/>
            <object_component_ref idref="oc-68"/>
            <object_component_ref idref="oc-130"/>
            <object_component_ref idref="oc-132"/>
            <object_component_ref idref="oc-128"/>
            <object_component_ref idref="oc-12f"/>
            <object_component_ref idref="oc-e6"/>
            <object_component_ref idref="oc-43"/>
            <object_component_ref idref="oc-133"/>
            <object_component_ref idref="oc-12e"/>
            <object_component_ref idref="oc-131"/>
            <object_component_ref idref="oc-f5"/>
            <object_component_ref idref="oc-123"/>
            <object_component_ref idref="oc-eb"/>
            <object_component_ref idref="oc-12c"/>
            <object_component_ref idref="oc-12d"/>
            <object_component_ref idref="oc-120"/>
            <object_component_ref idref="oc-124"/>
            <object_component_ref idref="oc-129"/>
            <object_component_ref idref="oc-12a"/>
            <object_component_ref idref="oc-122"/>
            <object_component_ref idref="oc-f0"/>
            <object_component_ref idref="oc-144"/>
            <object_component_ref idref="oc-51"/>
            <object_component_ref idref="oc-6d"/>
            <object_component_ref idref="oc-62"/>
            <object_component_ref idref="oc-11f"/>
            <object_component_ref idref="oc-121"/>
         </contents>
      </logical_group>
      <logical_group id="lg-5" display="no" color="cyan">
         <name>codestart</name>
         <load_address>0x3f7ff6</load_address>
         <run_address>0x3f7ff6</run_address>
         <size>0x2</size>
         <contents>
            <object_component_ref idref="oc-52"/>
         </contents>
      </logical_group>
      <logical_group id="lg-6" display="no" color="cyan">
         <name>ramfuncs</name>
         <load_address>0x3f1035</load_address>
         <run_address>0x8000</run_address>
         <size>0x1f0</size>
         <contents>
            <object_component_ref idref="oc-45"/>
            <object_component_ref idref="oc-12b"/>
            <object_component_ref idref="oc-d4"/>
         </contents>
      </logical_group>
      <logical_group id="lg-7" display="no" color="cyan">
         <name>csmpasswds</name>
         <load_address>0x3f7ff8</load_address>
         <run_address>0x3f7ff8</run_address>
         <size>0x8</size>
         <contents>
            <object_component_ref idref="oc-4f"/>
         </contents>
      </logical_group>
      <logical_group id="lg-8" display="no" color="cyan">
         <name>csm_rsvd</name>
         <load_address>0x3f7f80</load_address>
         <run_address>0x3f7f80</run_address>
         <size>0x76</size>
         <contents>
            <object_component_ref idref="oc-50"/>
         </contents>
      </logical_group>
      <logical_group id="lg-9" display="no" color="cyan">
         <name>.stack</name>
         <run_address>0x50</run_address>
         <size>0x380</size>
         <contents>
            <object_component_ref idref="oc-e0"/>
            <object_component_ref idref="oc-192"/>
         </contents>
      </logical_group>
      <logical_group id="lg-a" display="no" color="cyan">
         <name>.ebss</name>
         <run_address>0x9000</run_address>
         <size>0x452</size>
         <contents>
            <object_component_ref idref="oc-5d"/>
            <object_component_ref idref="oc-db"/>
            <object_component_ref idref="oc-13a"/>
            <object_component_ref idref="oc-134"/>
            <object_component_ref idref="oc-136"/>
            <object_component_ref idref="oc-138"/>
            <object_component_ref idref="oc-13c"/>
            <object_component_ref idref="oc-13d"/>
            <object_component_ref idref="oc-13e"/>
            <object_component_ref idref="oc-13f"/>
            <object_component_ref idref="oc-143"/>
            <object_component_ref idref="oc-140"/>
            <object_component_ref idref="oc-141"/>
            <object_component_ref idref="oc-142"/>
            <object_component_ref idref="oc-110"/>
            <object_component_ref idref="oc-126"/>
            <object_component_ref idref="oc-147"/>
         </contents>
      </logical_group>
      <logical_group id="lg-b" display="no" color="cyan">
         <name>.esysmem</name>
         <run_address>0x0</run_address>
         <size>0x0</size>
         <contents>
[...]
         <object_component_ref idref="oc-128"/>
      </symbol>
      <symbol id="sm-366">
         <name>_XtalOscSel</name>
         <value>0x3f0c3e</value>
         <object_component_ref idref="oc-128"/>
      </symbol>
      <symbol id="sm-368">
         <name>_InitSysCtrl</name>
         <value>0x3f0b2d</value>
         <object_component_ref idref="oc-128"/>
      </symbol>
      <symbol id="sm-375">
         <name>_DSP28x_usDelay</name>
         <value>0x81ec</value>
         <object_component_ref idref="oc-d4"/>
      </symbol>
      <symbol id="sm-3f9">
         <name>_uc_Err_Led</name>
         <value>0x901c</value>
         <object_component_ref idref="oc-db"/>
      </symbol>
      <symbol id="sm-3fa">
         <name>_MTimer0</name>
         <value>0x3f0099</value>
         <object_component_ref idref="oc-125"/>
      </symbol>
      <symbol id="sm-3fc">
         <name>_main</name>
         <value>0x3f0000</value>
         <object_component_ref idref="oc-125"/>
      </symbol>
      <symbol id="sm-3fe">
         <name>_lAdcTp2Sum</name>
         <value>0x9280</value>
         <object_component_ref idref="oc-141"/>
      </symbol>
      <symbol id="sm-3ff">
         <name>_uc_Extern_Temperaure_Err_Cnt</name>
         <value>0x9021</value>
         <object_component_ref idref="oc-db"/>
      </symbol>
      <symbol id="sm-400">
         <name>_ShowChargeProcessLed</name>
         <value>0x3f024e</value>
         <object_component_ref idref="oc-125"/>
      </symbol>
      <symbol id="sm-402">
         <name>_uc_Power_In_Err_Cnt</name>
         <value>0x901a</value>
         <object_component_ref idref="oc-db"/>
      </symbol>
      <symbol id="sm-403">
         <name>_PowerIn_Imax</name>
         <value>0x9004</value>
         <object_component_ref idref="oc-db"/>
      </symbol>
      <symbol id="sm-404">
         <name>_uc_OCP_Cnt</name>
         <value>0x9018</value>
         <object_component_ref idref="oc-db"/>
      </symbol>
      <symbol id="sm-405">
         <name>_RX1flag</name>
         <value>0x900b</value>
         <object_component_ref idref="oc-db"/>
      </symbol>
      <symbol id="sm-406">
         <name>_uc_OVP_Cnt</name>
         <value>0x9016</value>
         <object_component_ref idref="oc-db"/>
      </symbol>
      <symbol id="sm-407">
         <name>_uc_OTP_Cnt</name>
         <value>0x9019</value>
         <object_component_ref idref="oc-db"/>
      </symbol>
      <symbol id="sm-408">
         <name>_lAdcIo</name>
         <value>0x9046</value>
         <object_component_ref idref="oc-db"/>
      </symbol>
      <symbol id="sm-409">
         <name>_uc_100mS_Flg</name>
         <value>0x901f</value>
         <object_component_ref idref="oc-db"/>
      </symbol>
      <symbol id="sm-40a">
         <name>_uc_UVP_Cnt</name>
         <value>0x9017</value>
         <object_component_ref idref="oc-db"/>
      </symbol>
      <symbol id="sm-40b">
         <name>_lAdcVbatSum</name>
         <value>0x9380</value>
         <object_component_ref idref="oc-13e"/>
      </symbol>
      <symbol id="sm-40c">
         <name>_uiIoSam</name>
         <value>0x900e</value>
         <object_component_ref idref="oc-db"/>
      </symbol>
      <symbol id="sm-40d">
         <name>_uc_SCI_Err</name>
         <value>0x9011</value>
         <object_component_ref idref="oc-db"/>
      </symbol>
      <symbol id="sm-40e">
         <name>_uiActionReady</name>
         <value>0x9027</value>
         <object_component_ref idref="oc-db"/>
      </symbol>
      <symbol id="sm-40f">
         <name>_ucShowErroLedTimeCont</name>
         <value>0x901d</value>
         <object_component_ref idref="oc-db"/>
      </symbol>
      <symbol id="sm-410">
         <name>_CMPR_Softstart</name>
         <value>0x9024</value>
         <object_component_ref idref="oc-db"/>
      </symbol>
      <symbol id="sm-411">
         <name>_lAdcTdsp</name>
         <value>0x904a</value>
         <object_component_ref idref="oc-db"/>
      </symbol>
      <symbol id="sm-412">
         <name>_iAdcTdsp</name>
         <value>0x9036</value>
         <object_component_ref idref="oc-db"/>
      </symbol>
      <symbol id="sm-413">
         <name>_CAN_bus_empty</name>
         <value>0x903e</value>
         <object_component_ref idref="oc-db"/>
      </symbol>
      <symbol id="sm-414">
         <name>_uiBaseTimer</name>
         <value>0x9025</value>
         <object_component_ref idref="oc-db"/>
      </symbol>
      <symbol id="sm-415">
         <name>_uiRxVset_Coef_Value</name>
         <value>0x902e</value>
         <object_component_ref idref="oc-db"/>
      </symbol>
      <symbol id="sm-416">
         <name>_uc_10S_Flg</name>
         <value>0x9020</value>
         <object_component_ref idref="oc-db"/>
      </symbol>
      <symbol id="sm-417">
         <name>_uiRxIset_Coef_Value</name>
         <value>0x902f</value>
         <object_component_ref idref="oc-db"/>
      </symbol>
      <symbol id="sm-418">
         <name>_PowerIn_Grade_1_Cnt</name>
         <value>0x9006</value>
         <object_component_ref idref="oc-db"/>
      </symbol>
      <symbol id="sm-419">
         <name>_uc_Extern_Temperaure_Err_Flg</name>
         <value>0x9023</value>
         <object_component_ref idref="oc-db"/>
      </symbol>
      <symbol id="sm-41a">
         <name>_Vset</name>
         <value>0x9030</value>
         <object_component_ref idref="oc-db"/>
      </symbol>
      <symbol id="sm-41b">
         <name>_ucTxbuffer</name>
         <value>0x9072</value>
         <object_component_ref idref="oc-136"/>
      </symbol>
      <symbol id="sm-41c">
         <name>_ui_V_Power_In</name>
         <value>0x901e</value>
         <object_component_ref idref="oc-db"/>
      </symbol>
      <symbol id="sm-41d">
         <name>_ui_Old_AdcVbat</name>
         <value>0x9035</value>
         <object_component_ref idref="oc-db"/>
      </symbol>
      <symbol id="sm-41e">
         <name>_lAdcVbat</name>
         <value>0x9048</value>
         <object_component_ref idref="oc-db"/>
      </symbol>
      <symbol id="sm-41f">
         <name>_uiAdcVo</name>
         <value>0x9032</value>
         <object_component_ref idref="oc-db"/>
      </symbol>
      <symbol id="sm-420">
         <name>_uiSciGetsum</name>
         <value>0x902a</value>
         <object_component_ref idref="oc-db"/>
      </symbol>
      <symbol id="sm-421">
         <name>_Imax</name>
         <value>0x9005</value>
         <object_component_ref idref="oc-db"/>
      </symbol>
      <symbol id="sm-422">
         <name>_uc_Start_Demarcate_Flg</name>
         <value>0x900a</value>
         <object_component_ref idref="oc-db"/>
      </symbol>
      <symbol id="sm-423">
         <name>_uiAdcTp1</name>
         <value>0x9038</value>
         <object_component_ref idref="oc-db"/>
      </symbol>
      <symbol id="sm-424">
         <name>_canTxMsg</name>
         <value>0x905c</value>
         <object_component_ref idref="oc-db"/>
      </symbol>
      <symbol id="sm-425">
         <name>_uiAdcTp3</name>
         <value>0x903a</value>
         <object_component_ref idref="oc-db"/>
      </symbol>
      <symbol id="sm-426">
         <name>_uiAdcTp2</name>
         <value>0x9039</value>
         <object_component_ref idref="oc-db"/>
      </symbol>
      <symbol id="sm-427">
         <name>_uiSciGetnum</name>
         <value>0x9029</value>
         <object_component_ref idref="oc-db"/>
      </symbol>
      <symbol id="sm-428">
         <name>_CanMsgHandle</name>
         <value>0x3f04ad</value>
         <object_component_ref idref="oc-125"/>
      </symbol>
      <symbol id="sm-42a">
         <name>_lAdcIoSum</name>
         <value>0x9100</value>
         <object_component_ref idref="oc-13d"/>
      </symbol>
      <symbol id="sm-42b">
         <name>_uc_Temperature_Err_Flg</name>
         <value>0x9014</value>
         <object_component_ref idref="oc-db"/>
      </symbol>
      <symbol id="sm-42c">
         <name>_uiRxIset</name>
         <value>0x902d</value>
         <object_component_ref idref="oc-db"/>
      </symbol>
      <symbol id="sm-42d">
         <name>_uc_OTP_Flg</name>
         <value>0x901b</value>
         <object_component_ref idref="oc-db"/>
      </symbol>
      <symbol id="sm-42e">
         <name>_lAdcTp1</name>
         <value>0x904c</value>
         <object_component_ref idref="oc-db"/>
      </symbol>
      <symbol id="sm-42f">
         <name>_lAdcTp3</name>
         <value>0x9050</value>
         <object_component_ref idref="oc-db"/>
      </symbol>
      <symbol id="sm-430">
         <name>_lAdcTp2</name>
         <value>0x904e</value>
         <object_component_ref idref="oc-db"/>
      </symbol>
      <symbol id="sm-431">
         <name>_PFCData</name>
         <value>0x90d2</value>
         <object_component_ref idref="oc-134"/>
      </symbol>
      <symbol id="sm-432">
         <name>_GetSciData</name>
         <value>0x3f0334</value>
         <object_component_ref idref="oc-125"/>
      </symbol>
      <symbol id="sm-434">
         <name>_PowerIn_Grade_3_Cnt</name>
         <value>0x9008</value>
         <object_component_ref idref="oc-db"/>
      </symbol>
      <symbol id="sm-435">
         <name>_DcdcStatus</name>
         <value>0x900c</value>
         <object_component_ref idref="oc-db"/>
      </symbol>
      <symbol id="sm-436">
         <name>_P_Imax</name>
         <value>0x9003</value>
         <object_component_ref idref="oc-db"/>
      </symbol>
      <symbol id="sm-437">
         <name>_CANData</name>
         <value>0x90e6</value>
         <object_component_ref idref="oc-13a"/>
      </symbol>
      <symbol id="sm-438">
         <name>_lAdcVoSum</name>
         <value>0x9400</value>
         <object_component_ref idref="oc-13c"/>
      </symbol>
      <symbol id="sm-439">
         <name>_T_Imax</name>
         <value>0x9002</value>
         <object_component_ref idref="oc-db"/>
      </symbol>
      <symbol id="sm-43a">
         <name>_lAdcTp1Sum</name>
         <value>0x9200</value>
         <object_component_ref idref="oc-140"/>
      </symbol>
      <symbol id="sm-43b">
         <name>_lAdcVo</name>
         <value>0x9044</value>
         <object_component_ref idref="oc-db"/>
      </symbol>
      <symbol id="sm-43c">
         <name>_lAdcExTSum</name>
         <value>0x9080</value>
         <object_component_ref idref="oc-143"/>
      </symbol>
      <symbol id="sm-43d">
         <name>_uiSciSam</name>
         <value>0x9010</value>
         <object_component_ref idref="oc-db"/>
      </symbol>
      <symbol id="sm-43e">
         <name>_ledcnt</name>
         <value>0x9042</value>
         <object_component_ref idref="oc-db"/>
      </symbol>
      <symbol id="sm-43f">
         <name>_uiAdcTdsp</name>
         <value>0x9037</value>
         <object_component_ref idref="oc-db"/>
      </symbol>
      <symbol id="sm-440">
         <name>_Vref</name>
         <value>0x9001</value>
         <object_component_ref idref="oc-db"/>
      </symbol>
      <symbol id="sm-441">
         <name>_lAdcExT</name>
         <value>0x9052</value>
         <object_component_ref idref="oc-db"/>
      </symbol>
      <symbol id="sm-442">
         <name>_MsgRx</name>
         <value>0x3f045a</value>
         <object_component_ref idref="oc-125"/>
      </symbol>
      <symbol id="sm-444">
         <name>_PowerIn_Grade_2_Cnt</name>
         <value>0x9007</value>
         <object_component_ref idref="oc-db"/>
      </symbol>
      <symbol id="sm-445">
         <name>_uiAdcNum</name>
         <value>0x903c</value>
         <object_component_ref idref="oc-db"/>
      </symbol>
      <symbol id="sm-446">
         <name>_uiCANTxTimer</name>
         <value>0x903f</value>
         <object_component_ref idref="oc-db"/>
      </symbol>
      <symbol id="sm-447">
         <name>_uiAdcVbat</name>
         <value>0x9034</value>
         <object_component_ref idref="oc-db"/>
      </symbol>
      <symbol id="sm-448">
         <name>_CanInfoTx</name>
         <value>0x3f03f2</value>
         <object_component_ref idref="oc-125"/>
      </symbol>
      <symbol id="sm-44a">
         <name>_Iset</name>
         <value>0x9031</value>
         <object_component_ref idref="oc-db"/>
      </symbol>
      <symbol id="sm-44b">
         <name>_SendSciData</name>
         <value>0x3f02bb</value>
         <object_component_ref idref="oc-125"/>
      </symbol>
      <symbol id="sm-44d">
         <name>_RX1Data</name>
         <value>0x9064</value>
         <object_component_ref idref="oc-138"/>
      </symbol>
      <symbol id="sm-44e">
         <name>_uc_SCI_Err_Flg</name>
         <value>0x9012</value>
         <object_component_ref idref="oc-db"/>
      </symbol>
      <symbol id="sm-44f">
         <name>_lAdcTdspSum</name>
         <value>0x9180</value>
         <object_component_ref idref="oc-13f"/>
      </symbol>
      <symbol id="sm-450">
         <name>_AdcChuli</name>
         <value>0x3f0513</value>
         <object_component_ref idref="oc-125"/>
      </symbol>
      <symbol id="sm-452">
         <name>_uiCanFailTime</name>
         <value>0x9040</value>
         <object_component_ref idref="oc-db"/>
      </symbol>
      <symbol id="sm-453">
         <name>_uiAdcExT</name>
         <value>0x903b</value>
         <object_component_ref idref="oc-db"/>
      </symbol>
      <symbol id="sm-454">
         <name>_CANONOFF</name>
         <value>0x903d</value>
         <object_component_ref idref="oc-db"/>
      </symbol>
      <symbol id="sm-455">
         <name>_uc_Temperature_Err_Cnt</name>
         <value>0x9015</value>
         <object_component_ref idref="oc-db"/>
      </symbol>
      <symbol id="sm-456">
         <name>_uiSciGetOK</name>
         <value>0x902b</value>
         <object_component_ref idref="oc-db"/>
      </symbol>
      <symbol id="sm-457">
         <name>_uiRxVset</name>
         <value>0x902c</value>
         <object_component_ref idref="oc-db"/>
      </symbol>
      <symbol id="sm-458">
         <name>_uiAdcIo</name>
         <value>0x9033</value>
         <object_component_ref idref="oc-db"/>
      </symbol>
      <symbol id="sm-459">
         <name>_PowerIn_Grade_4_Cnt</name>
         <value>0x9009</value>
         <object_component_ref idref="oc-db"/>
      </symbol>
      <symbol id="sm-45a">
         <name>_IoChuli</name>
         <value>0x3f021b</value>
         <object_component_ref idref="oc-125"/>
      </symbol>
      <symbol id="sm-45c">
         <name>_CANStatus</name>
         <value>0x900d</value>
         <object_component_ref idref="oc-db"/>
      </symbol>
      <symbol id="sm-45d">
         <name>_uc_Extern_Temperaure_Recover_Cnt</name>
         <value>0x9022</value>
         <object_component_ref idref="oc-db"/>
      </symbol>
      <symbol id="sm-45e">
         <name>_lAdcTp3Sum</name>
         <value>0x9300</value>
         <object_component_ref idref="oc-142"/>
      </symbol>
      <symbol id="sm-45f">
         <name>_Iref</name>
         <value>0x9000</value>
         <object_component_ref idref="oc-db"/>
      </symbol>
      <symbol id="sm-460">
         <name>_uiSciSendnum</name>
         <value>0x9028</value>
         <object_component_ref idref="oc-db"/>
      </symbol>
      <symbol id="sm-461">
         <name>_uiSSTimer</name>
         <value>0x9026</value>
         <object_component_ref idref="oc-db"/>
      </symbol>
      <symbol id="sm-462">
         <name>_uiAdcSam</name>
         <value>0x900f</value>
         <object_component_ref idref="oc-db"/>
      </symbol>
      <symbol id="sm-463">
         <name>_uc_SCI_Err_Cnt</name>
         <value>0x9013</value>
         <object_component_ref idref="oc-db"/>
      </symbol>
      <symbol id="sm-464">
         <name>_canRxMsg</name>
         <value>0x9054</value>
         <object_component_ref idref="oc-db"/>
      </symbol>
      <symbol id="sm-47f">
         <name>_c_int00</name>
         <value>0x3f0db1</value>
         <object_component_ref idref="oc-43"/>
      </symbol>
      <symbol id="sm-480">
         <name>__stack</name>
         <value>0x50</value>
         <object_component_ref idref="oc-e0"/>
      </symbol>
      <symbol id="sm-491">
         <name>FS$$MPY</name>
         <value>0x3f0d57</value>
         <object_component_ref idref="oc-e6"/>
      </symbol>
      <symbol id="sm-4a4">
         <name>FS$$TOL</name>
         <value>0x3f0f1d</value>
         <object_component_ref idref="oc-eb"/>
      </symbol>
      <symbol id="sm-4b0">
         <name>U$$MOD</name>
         <value>0x3f1011</value>
         <object_component_ref idref="oc-f0"/>
      </symbol>
      <symbol id="sm-4b1">
         <name>U$$DIV</name>
         <value>0x3f100c</value>
         <object_component_ref idref="oc-f0"/>
      </symbol>
      <symbol id="sm-4bd">
         <name>UL$$MOD</name>
         <value>0x3f0eee</value>
         <object_component_ref idref="oc-f5"/>
      </symbol>
      <symbol id="sm-4be">
         <name>L$$MOD</name>
         <value>0x3f0ed9</value>
         <object_component_ref idref="oc-f5"/>
      </symbol>
      <symbol id="sm-4bf">
         <name>L$$DIV</name>
         <value>0x3f0eca</value>
         <object_component_ref idref="oc-f5"/>
      </symbol>
      <symbol id="sm-4c0">
         <name>UL$$DIV</name>
         <value>0x3f0ee7</value>
         <object_component_ref idref="oc-f5"/>
      </symbol>
      <symbol id="sm-4cf">
         <name>_copy_in</name>
         <value>0x3f0f94</value>
         <object_component_ref idref="oc-120"/>
      </symbol>
      <symbol id="sm-4e1">
         <name>_memcpy</name>
         <value>0x3f0fb8</value>
         <object_component_ref idref="oc-124"/>
      </symbol>
      <symbol id="sm-4ee">
         <name>__system_pre_init</name>
         <value>0x3f1032</value>
         <object_component_ref idref="oc-11f"/>
      </symbol>
      <symbol id="sm-4fc">
         <name>__system_post_cinit</name>
         <value>0x3f1034</value>
         <object_component_ref idref="oc-121"/>
      </symbol>
      <symbol id="sm-511">
         <name>C$$EXIT</name>
         <value>0x3f0ef4</value>
         <object_component_ref idref="oc-123"/>
      </symbol>
      <symbol id="sm-512">
         <name>_exit</name>
         <value>0x3f0ef6</value>
         <object_component_ref idref="oc-123"/>
      </symbol>
      <symbol id="sm-514">
         <name>___TI_cleanup_ptr</name>
         <value>0x90f0</value>
         <object_component_ref idref="oc-110"/>
      </symbol>
      <symbol id="sm-515">
         <name>___TI_enable_exit_profile_output</name>
         <value>0x90ee</value>
         <object_component_ref idref="oc-110"/>
      </symbol>
      <symbol id="sm-516">
         <name>_abort</name>
         <value>0x3f0ef4</value>
         <object_component_ref idref="oc-123"/>
      </symbol>
      <symbol id="sm-518">
         <name>___TI_dtors_ptr</name>
         <value>0x90f2</value>
         <object_component_ref idref="oc-110"/>
      </symbol>
      <symbol id="sm-52c">
         <name>__unlock</name>
         <value>0x90f6</value>
         <object_component_ref idref="oc-147"/>
      </symbol>
      <symbol id="sm-52d">
         <name>__lock</name>
         <value>0x90f4</value>
         <object_component_ref idref="oc-126"/>
      </symbol>
      <symbol id="sm-52e">
         <name>__register_lock</name>
         <value>0x3f101b</value>
         <object_component_ref idref="oc-144"/>
      </symbol>
      <symbol id="sm-530">
         <name>__nop</name>
         <value>0x3f101f</value>
         <object_component_ref idref="oc-144"/>
      </symbol>
      <symbol id="sm-532">
         <name>__register_unlock</name>
         <value>0x3f1017</value>
         <object_component_ref idref="oc-144"/>
      </symbol>
      <symbol id="sm-542">
         <name>__args_main</name>
         <value>0x3f0ffb</value>
         <object_component_ref idref="oc-122"/>
      </symbol>
   </symbol_table>
   <title>Link successful</title>
</link_info>
