Component: ARM Compiler 5.06 update 4 (build 422) Tool: armlink [4d35d2]

==============================================================================

Section Cross References

    main.o(.text) refers to system_init.o(.text) for System_Init
    main.o(.text) refers to dwin_lcd.o(.text) for LCD_Display
    main.o(.text) refers to charger_control.o(.text) for CAN_Msg_Handle
    main.o(.text) refers to stm32f10x_it.o(.data) for ucTag10ms
    main.o(.text) refers to main.o(.data) for uc_Protocol_HC_Flg
    main.o(.text) refers to system_init.o(.data) for ucOBC_Work_Mode
    main.o(.text) refers to usart.o(.data) for LCD_Manual_Data
    main.o(.text) refers to charger_control.o(.data) for CAN_BMS_RX_Data
    stm32f10x_it.o(.text) refers to stm32f10x_tim.o(.text) for TIM_GetITStatus
    stm32f10x_it.o(.text) refers to system_init.o(.text) for reloadWDG
    stm32f10x_it.o(.text) refers to charger_control.o(.text) for ShowChargeStatusLed
    stm32f10x_it.o(.text) refers to stm32f10x_usart.o(.text) for USART_GetITStatus
    stm32f10x_it.o(.text) refers to usart.o(.text) for LCD_Usart_Deal
    stm32f10x_it.o(.text) refers to stm32f10x_can.o(.text) for CAN_GetITStatus
    stm32f10x_it.o(.text) refers to stm32f10x_it.o(.data) for uiTimer2Cnt
    stm32f10x_it.o(.text) refers to charger_control.o(.data) for ucCAN_BMS_Rx_ErrCnt
    usart.o(.text) refers to stm32f10x_rcc.o(.text) for RCC_APB2PeriphClockCmd
    usart.o(.text) refers to stm32f10x_gpio.o(.text) for GPIO_Init
    usart.o(.text) refers to stm32f10x_usart.o(.text) for USART_DeInit
    usart.o(.text) refers to misc.o(.text) for NVIC_Init
    usart.o(.text) refers to strlen.o(.text) for strlen
    usart.o(.text) refers to usart.o(.data) for LCD_usart_cmd_status
    usart.o(.text) refers to usart.o(.bss) for LCD_Rx_Data
    can.o(.text) refers to stm32f10x_rcc.o(.text) for RCC_APB2PeriphClockCmd
    can.o(.text) refers to stm32f10x_gpio.o(.text) for GPIO_Init
    can.o(.text) refers to stm32f10x_can.o(.text) for CAN_DeInit
    can.o(.text) refers to misc.o(.text) for NVIC_Init
    system_init.o(.text) refers to stm32f10x_spi.o(.text) for SPI_I2S_GetFlagStatus
    system_init.o(.text) refers to stm32f10x_rcc.o(.text) for RCC_APB1PeriphClockCmd
    system_init.o(.text) refers to stm32f10x_gpio.o(.text) for GPIO_SetBits
    system_init.o(.text) refers to stm32f10x_iwdg.o(.text) for IWDG_WriteAccessCmd
    system_init.o(.text) refers to stm32f10x_tim.o(.text) for TIM_ClearFlag
    system_init.o(.text) refers to misc.o(.text) for NVIC_PriorityGroupConfig
    system_init.o(.text) refers to system_stm32f10x.o(.text) for SystemInit
    system_init.o(.text) refers to usart.o(.text) for USART2_Configuration
    system_init.o(.text) refers to can.o(.text) for CAN1_Config
    system_init.o(.text) refers to sd.o(.text) for SD_SPI_SpeedLow
    system_init.o(.text) refers to system_init.o(.data) for ucOBC_Work_Mode
    system_init.o(.text) refers to charger_control.o(.data) for CAN_Msg_StepState
    charger_control.o(.text) refers to fflt_clz.o(x$fpl$ffltu) for __aeabi_ui2f
    charger_control.o(.text) refers to fmul.o(x$fpl$fmul) for __aeabi_fmul
    charger_control.o(.text) refers to ffixu.o(x$fpl$ffixu) for __aeabi_f2uiz
    charger_control.o(.text) refers to faddsub_clz.o(x$fpl$fadd) for __aeabi_fadd
    charger_control.o(.text) refers to stm32f10x_gpio.o(.text) for GPIO_ReadInputDataBit
    charger_control.o(.text) refers to can.o(.text) for Can_Send_LLC_Msg
    charger_control.o(.text) refers to charger_control.o(.data) for V_D_Coef
    charger_control.o(.text) refers to usart.o(.data) for LCD_Manual_Data
    charger_control.o(.text) refers to dwin_lcd.o(.data) for uiV_Output
    charger_control.o(.text) refers to stm32f10x_it.o(.data) for CAN_BMS_Rx_Flg
    charger_control.o(.text) refers to charger_control.o(.bss) for g_strSysInfo
    dwin_lcd.o(.text) refers to _printf_percent.o(.ARM.Collect$$_printf_percent$$00000000) for _printf_percent
    dwin_lcd.o(.text) refers to _printf_d.o(.ARM.Collect$$_printf_percent$$00000009) for _printf_d
    dwin_lcd.o(.text) refers to _printf_dec.o(.text) for _printf_int_dec
    dwin_lcd.o(.text) refers to rt_memclr_w.o(.text) for __aeabi_memclr4
    dwin_lcd.o(.text) refers to stm32f10x_usart.o(.text) for USART_SendData
    dwin_lcd.o(.text) refers to charger_control.o(.text) for Set_Output
    dwin_lcd.o(.text) refers to stm32f10x_it.o(.data) for ucTag5s
    dwin_lcd.o(.text) refers to usart.o(.data) for LCD_Page_Msg_Data
    dwin_lcd.o(.text) refers to dwin_lcd.o(.data) for ucReadLCD_MsgStep
    dwin_lcd.o(.text) refers to fflt_clz.o(x$fpl$ffltu) for __aeabi_ui2f
    dwin_lcd.o(.text) refers to fdiv.o(x$fpl$fdiv) for __aeabi_fdiv
    dwin_lcd.o(.text) refers to f2d.o(x$fpl$f2d) for __aeabi_f2d
    dwin_lcd.o(.text) refers to dmul.o(x$fpl$dmul) for __aeabi_dmul
    dwin_lcd.o(.text) refers to d2f.o(x$fpl$d2f) for __aeabi_d2f
    dwin_lcd.o(.text) refers to charger_control.o(.data) for CAN_LLC_RX_Data
[...]
    x$fpl$dmul                               0x080068e8   Section      340  dmul.o(x$fpl$dmul)
    x$fpl$dnaninf                            0x08006a3c   Section      156  dnaninf.o(x$fpl$dnaninf)
    x$fpl$dretinf                            0x08006ad8   Section       12  dretinf.o(x$fpl$dretinf)
    x$fpl$drsb                               0x08006ae4   Section       22  daddsub_clz.o(x$fpl$drsb)
    x$fpl$dsub                               0x08006afc   Section      468  daddsub_clz.o(x$fpl$dsub)
    _dsub1                                   0x08006b0d   Thumb Code     0  daddsub_clz.o(x$fpl$dsub)
    x$fpl$f2d                                0x08006cd0   Section       86  f2d.o(x$fpl$f2d)
    x$fpl$fadd                               0x08006d28   Section      196  faddsub_clz.o(x$fpl$fadd)
    _fadd1                                   0x08006d37   Thumb Code     0  faddsub_clz.o(x$fpl$fadd)
    x$fpl$fcmpinf                            0x08006dec   Section       24  fcmpi.o(x$fpl$fcmpinf)
    x$fpl$fdiv                               0x08006e04   Section      388  fdiv.o(x$fpl$fdiv)
    _fdiv1                                   0x08006e05   Thumb Code     0  fdiv.o(x$fpl$fdiv)
    x$fpl$ffixu                              0x08006f88   Section       62  ffixu.o(x$fpl$ffixu)
    x$fpl$ffltu                              0x08006fc8   Section       38  fflt_clz.o(x$fpl$ffltu)
    x$fpl$fleqf                              0x08006ff0   Section      104  fleqf.o(x$fpl$fleqf)
    x$fpl$fmul                               0x08007058   Section      258  fmul.o(x$fpl$fmul)
    x$fpl$fnaninf                            0x0800715a   Section      140  fnaninf.o(x$fpl$fnaninf)
    x$fpl$fretinf                            0x080071e6   Section       10  fretinf.o(x$fpl$fretinf)
    x$fpl$frleqf                             0x080071f0   Section       98  frleqf.o(x$fpl$frleqf)
    x$fpl$fsub                               0x08007254   Section      234  faddsub_clz.o(x$fpl$fsub)
    _fsub1                                   0x08007263   Thumb Code     0  faddsub_clz.o(x$fpl$fsub)
    x$fpl$usenofp                            0x0800733e   Section        0  usenofp.o(x$fpl$usenofp)
    .data                                    0x20000000   Section        2  main.o(.data)
    .data                                    0x20000004   Section       18  stm32f10x_it.o(.data)
    .data                                    0x20000018   Section       48  usart.o(.data)
    .data                                    0x20000048   Section      412  system_init.o(.data)
    .data                                    0x200001e4   Section      364  charger_control.o(.data)
    .data                                    0x20000350   Section       64  dwin_lcd.o(.data)
    .data                                    0x20000390   Section      540  g_uintctable_tempeature.o(.data)
    .data                                    0x200005ac   Section        2  pcf8563.o(.data)
    .data                                    0x200005ae   Section        1  sd.o(.data)
    .data                                    0x200005af   Section       20  stm32f10x_rcc.o(.data)
    APBAHBPrescTable                         0x200005af   Data          16  stm32f10x_rcc.o(.data)
    ADCPrescTable                            0x200005bf   Data           4  stm32f10x_rcc.o(.data)
    .bss                                     0x200005c4   Section      330  usart.o(.bss)
    .bss                                     0x20000710   Section      280  charger_control.o(.bss)
    .bss                                     0x20000828   Section       96  libspace.o(.bss)
    HEAP                                     0x20000888   Section      512  startup_stm32f10x_cl.o(HEAP)
    Heap_Mem                                 0x20000888   Data         512  startup_stm32f10x_cl.o(HEAP)
    STACK                                    0x20000a88   Section     1024  startup_stm32f10x_cl.o(STACK)
    Stack_Mem                                0x20000a88   Data        1024  startup_stm32f10x_cl.o(STACK)
    __initial_sp                             0x20000e88   Data           0  startup_stm32f10x_cl.o(STACK)

    Global Symbols

    Symbol Name                              Value     Ov Type        Size  Object(Section)

    BuildAttributes$$THM_ISAv4$P$D$K$B$S$PE$A:L22UL41UL21$X:L11$S22US41US21$IEEE1$IW$USESV6$~STKCKD$USESV7$~SHL$OSPACE$ROPI$EBA8$UX$STANDARDLIB$REQ8$PRES8$EABIv2 0x00000000   Number         0  anon$$obj.o ABSOLUTE
    __ARM_use_no_argv                        0x00000000   Number         0  main.o ABSOLUTE
    __ARM_exceptions_init                     - Undefined Weak Reference
    __alloca_initialize                       - Undefined Weak Reference
    __arm_preinit_                            - Undefined Weak Reference
    __cpp_initialize__aeabi_                  - Undefined Weak Reference
    __cxa_finalize                            - Undefined Weak Reference
    __rt_locale                               - Undefined Weak Reference
    __sigvec_lookup                           - Undefined Weak Reference
    _atexit_init                              - Undefined Weak Reference
    _call_atexit_fns                          - Undefined Weak Reference
    _clock_init                               - Undefined Weak Reference
    _fp_trap_init                             - Undefined Weak Reference
    _fp_trap_shutdown                         - Undefined Weak Reference
    _get_lc_collate                           - Undefined Weak Reference
    _get_lc_ctype                             - Undefined Weak Reference
    _get_lc_monetary                          - Undefined Weak Reference
    _get_lc_numeric                           - Undefined Weak Reference
    _get_lc_time                              - Undefined Weak Reference
    _getenv_init                              - Undefined Weak Reference
    _handle_redirection                       - Undefined Weak Reference
    _init_alloc                               - Undefined Weak Reference
    _init_user_alloc                          - Undefined Weak Reference
    _initio                                   - Undefined Weak Reference
    _printf_post_padding                      - Undefined Weak Reference
    _printf_pre_padding                       - Undefined Weak Reference
    _printf_truncate_signed                   - Undefined Weak Reference
    _printf_truncate_unsigned                 - Undefined Weak Reference
    _rand_init                                - Undefined Weak Reference
    _signal_finish                            - Undefined Weak Reference
    _signal_init                              - Undefined Weak Reference
    _terminate_alloc                          - Undefined Weak Reference
    _terminate_user_alloc                     - Undefined Weak Reference
    _terminateio                              - Undefined Weak Reference
    __Vectors_Size                           0x00000150   Number         0  startup_stm32f10x_cl.o ABSOLUTE
    __Vectors                                0x08000000   Data           4  startup_stm32f10x_cl.o(RESET)
    __Vectors_End                            0x08000150   Data           0  startup_stm32f10x_cl.o(RESET)
    __main                                   0x08000151   Thumb Code     8  __main.o(!!!main)
    __scatterload                            0x08000159   Thumb Code     0  __scatter.o(!!!scatter)
    __scatterload_rt2                        0x08000159   Thumb Code    44  __scatter.o(!!!scatter)
    __scatterload_rt2_thumb_only             0x08000159   Thumb Code     0  __scatter.o(!!!scatter)
    __scatterload_null                       0x08000167   Thumb Code     0  __scatter.o(!!!scatter)
    __decompress                             0x0800018d   Thumb Code    90  __dczerorl2.o(!!dczerorl2)
    __decompress1                            0x0800018d   Thumb Code     0  __dczerorl2.o(!!dczerorl2)
    __scatterload_zeroinit                   0x080001e9   Thumb Code    28  __scatter_zi.o(!!handler_zi)
    _printf_d                                0x08000205   Thumb Code     0  _printf_d.o(.ARM.Collect$$_printf_percent$$00000009)
    _printf_percent                          0x08000205   Thumb Code     0  _printf_percent.o(.ARM.Collect$$_printf_percent$$00000000)
    _printf_percent_end                      0x0800020b   Thumb Code     0  _printf_percent_end.o(.ARM.Collect$$_printf_percent$$00000017)
    __rt_lib_init                            0x0800020f   Thumb Code     0  libinit.o(.ARM.Collect$$libinit$$00000000)
    __rt_lib_init_alloca_1                   0x08000211   Thumb Code     0  libinit2.o(.ARM.Collect$$libinit$$0000002E)
    __rt_lib_init_argv_1                     0x08000211   Thumb Code     0  libinit2.o(.ARM.Collect$$libinit$$0000002C)
    __rt_lib_init_atexit_1                   0x08000211   Thumb Code     0  libinit2.o(.ARM.Collect$$libinit$$0000001B)
    __rt_lib_init_clock_1                    0x08000211   Thumb Code     0  libinit2.o(.ARM.Collect$$libinit$$00000021)
    __rt_lib_init_cpp_1                      0x08000211   Thumb Code     0  libinit2.o(.ARM.Collect$$libinit$$00000032)
    __rt_lib_init_exceptions_1               0x08000211   Thumb Code     0  libinit2.o(.ARM.Collect$$libinit$$00000030)
    __rt_lib_init_fp_1                       0x08000211   Thumb Code     0  libinit2.o(.ARM.Collect$$libinit$$00000002)
    __rt_lib_init_fp_trap_1                  0x08000211   Thumb Code     0  libinit2.o(.ARM.Collect$$libinit$$0000001F)
    __rt_lib_init_getenv_1                   0x08000211   Thumb Code     0  libinit2.o(.ARM.Collect$$libinit$$00000023)
    __rt_lib_init_heap_1                     0x08000211   Thumb Code     0  libinit2.o(.ARM.Collect$$libinit$$0000000A)
    __rt_lib_init_lc_collate_1               0x08000211   Thumb Code     0  libinit2.o(.ARM.Collect$$libinit$$00000011)
    __rt_lib_init_lc_ctype_1                 0x08000211   Thumb Code     0  libinit2.o(.ARM.Collect$$libinit$$00000013)
    __rt_lib_init_lc_monetary_1              0x08000211   Thumb Code     0  libinit2.o(.ARM.Collect$$libinit$$00000015)
    __rt_lib_init_lc_numeric_1               0x08000211   Thumb Code     0  libinit2.o(.ARM.Collect$$libinit$$00000017)
    __rt_lib_init_lc_time_1                  0x08000211   Thumb Code     0  libinit2.o(.ARM.Collect$$libinit$$00000019)
    __rt_lib_init_preinit_1                  0x08000211   Thumb Code     0  libinit2.o(.ARM.Collect$$libinit$$00000004)
    __rt_lib_init_rand_1                     0x08000211   Thumb Code     0  libinit2.o(.ARM.Collect$$libinit$$0000000E)
    __rt_lib_init_return                     0x08000211   Thumb Code     0  libinit2.o(.ARM.Collect$$libinit$$00000033)
    __rt_lib_init_signal_1                   0x08000211   Thumb Code     0  libinit2.o(.ARM.Collect$$libinit$$0000001D)
    __rt_lib_init_stdio_1                    0x08000211   Thumb Code     0  libinit2.o(.ARM.Collect$$libinit$$00000025)
    __rt_lib_init_user_alloc_1               0x08000211   Thumb Code     0  libinit2.o(.ARM.Collect$$libinit$$0000000C)
    __rt_lib_shutdown                        0x08000213   Thumb Code     0  libshutdown.o(.ARM.Collect$$libshutdown$$00000000)
    __rt_lib_shutdown_cpp_1                  0x08000215   Thumb Code     0  libshutdown2.o(.ARM.Collect$$libshutdown$$00000002)
    __rt_lib_shutdown_fp_trap_1              0x08000215   Thumb Code     0  libshutdown2.o(.ARM.Collect$$libshutdown$$00000007)
    __rt_lib_shutdown_heap_1                 0x08000215   Thumb Code     0  libshutdown2.o(.ARM.Collect$$libshutdown$$0000000F)
    __rt_lib_shutdown_return                 0x08000215   Thumb Code     0  libshutdown2.o(.ARM.Collect$$libshutdown$$00000010)
    __rt_lib_shutdown_signal_1               0x08000215   Thumb Code     0  libshutdown2.o(.ARM.Collect$$libshutdown$$0000000A)
    __rt_lib_shutdown_stdio_1                0x08000215   Thumb Code     0  libshutdown2.o(.ARM.Collect$$libshutdown$$00000004)
    __rt_lib_shutdown_user_alloc_1           0x08000215   Thumb Code     0  libshutdown2.o(.ARM.Collect$$libshutdown$$0000000C)
    __rt_entry                               0x08000217   Thumb Code     0  __rtentry.o(.ARM.Collect$$rtentry$$00000000)
    __rt_entry_presh_1                       0x08000217   Thumb Code     0  __rtentry2.o(.ARM.Collect$$rtentry$$00000002)
    __rt_entry_sh                            0x08000217   Thumb Code     0  __rtentry4.o(.ARM.Collect$$rtentry$$00000004)
    __rt_entry_li                            0x0800021d   Thumb Code     0  __rtentry2.o(.ARM.Collect$$rtentry$$0000000A)
    __rt_entry_postsh_1                      0x0800021d   Thumb Code     0  __rtentry2.o(.ARM.Collect$$rtentry$$00000009)
    __rt_entry_main                          0x08000221   Thumb Code     0  __rtentry2.o(.ARM.Collect$$rtentry$$0000000D)
    __rt_entry_postli_1                      0x08000221   Thumb Code     0  __rtentry2.o(.ARM.Collect$$rtentry$$0000000C)
    __rt_exit                                0x08000229   Thumb Code     0  rtexit.o(.ARM.Collect$$rtexit$$00000000)
    __rt_exit_ls                             0x0800022b   Thumb Code     0  rtexit2.o(.ARM.Collect$$rtexit$$00000003)
    __rt_exit_prels_1                        0x0800022b   Thumb Code     0  rtexit2.o(.ARM.Collect$$rtexit$$00000002)
    __rt_exit_exit                           0x0800022f   Thumb Code     0  rtexit2.o(.ARM.Collect$$rtexit$$00000004)
    main                                     0x08000235   Thumb Code   134  main.o(.text)
    TIM2_IRQHandler                          0x080002e1   Thumb Code   222  stm32f10x_it.o(.text)
    USART2_IRQHandler                        0x080003bf   Thumb Code    30  stm32f10x_it.o(.text)
    CAN1_RX0_IRQHandler                      0x080003dd   Thumb Code   132  stm32f10x_it.o(.text)
    CAN2_RX1_IRQHandler                      0x08000461   Thumb Code   254  stm32f10x_it.o(.text)
    USART2_Configuration                     0x080005bd   Thumb Code   168  usart.o(.text)
    USART3_Configuration                     0x08000665   Thumb Code   188  usart.o(.text)
    USART5_Configuration                     0x08000721   Thumb Code   186  usart.o(.text)
    USART_Send                               0x080007db   Thumb Code    48  usart.o(.text)
    USART_STR                                0x0800080b   Thumb Code    54  usart.o(.text)
    LCD_Usart_Deal                           0x08000841   Thumb Code   742  usart.o(.text)
    Usart_Deal                               0x08000b27   Thumb Code   262  usart.o(.text)
    CAN1_Config                              0x08000c79   Thumb Code   240  can.o(.text)
    CAN2_Config                              0x08000d69   Thumb Code   246  can.o(.text)
    Can_Send_LLC_Msg                         0x08000e5f   Thumb Code    82  can.o(.text)
    Can_Send_BMS_Msg                         0x08000eb1   Thumb Code    98  can.o(.text)
    SPI3_ReadWriteByte                       0x08000f29   Thumb Code    78  system_init.o(.text)
    SPI3_Init                                0x08000f77   Thumb Code   102  system_init.o(.text)
    IWDG_Configuration                       0x08000fdd   Thumb Code    34  system_init.o(.text)
    Gpio_Init                                0x08000fff   Thumb Code   452  system_init.o(.text)
    Timer2_Init                              0x080011c3   Thumb Code   122  system_init.o(.text)
    RCC_Configuration                        0x0800123d   Thumb Code     8  system_init.o(.text)
    System_Init                              0x08001245   Thumb Code   100  system_init.o(.text)
    reloadWDG                                0x080012a9   Thumb Code     8  system_init.o(.text)
    SPI3_SetSpeed                            0x080012b1   Thumb Code    36  system_init.o(.text)
    Set_Output                               0x0800130d   Thumb Code   394  charger_control.o(.text)
    ChargeStepManage                         0x08001497   Thumb Code   266  charger_control.o(.text)
    ChargeProcess                            0x080015a1   Thumb Code   290  charger_control.o(.text)
    OBC_Status_Manage                        0x080016c3   Thumb Code   764  charger_control.o(.text)
    ShowChargeStatusLed                      0x080019bf   Thumb Code   398  charger_control.o(.text)
    CAN_Msg_Handle                           0x08001b4d   Thumb Code   204  charger_control.o(.text)
    WriteLCDMsg_Float                        0x08001c21   Thumb Code   148  dwin_lcd.o(.text)
    WriteLCDMsg                              0x08001cb5   Thumb Code   148  dwin_lcd.o(.text)
    WriteLCDOfString                         0x08001d49   Thumb Code   148  dwin_lcd.o(.text)
    ReadLCDMsg                               0x08001ddd   Thumb Code   148  dwin_lcd.o(.text)
    LCD_Page_Change                          0x08001e71   Thumb Code   110  dwin_lcd.o(.text)
    LCD_Page_Manage                          0x08001edf   Thumb Code  1302  dwin_lcd.o(.text)
    LCD_Display                              0x080023f5   Thumb Code  2902  dwin_lcd.o(.text)
    delay                                    0x08002f7d   Thumb Code    14  pcf8563.o(.text)
    RTC_IIC_Start                            0x08002f8b   Thumb Code    52  pcf8563.o(.text)
    RTC_IIC_Stop                             0x08002fbf   Thumb Code    52  pcf8563.o(.text)
    RTC_IIC_ACk                              0x08002ff3   Thumb Code    92  pcf8563.o(.text)
    RTC_IIC_Send_Byte                        0x0800304f   Thumb Code   122  pcf8563.o(.text)
    RTC_IIC_Receive_Data                     0x080030c9   Thumb Code   112  pcf8563.o(.text)
    RTC_IIC_Send_Addr_byte                   0x08003139   Thumb Code    46  pcf8563.o(.text)
    RTC_IIC_Receive_Addr_Byte                0x08003167   Thumb Code    56  pcf8563.o(.text)
    BCD_To_Hex                               0x0800319f   Thumb Code    22  pcf8563.o(.text)
    Hex_To_BCD                               0x080031b5   Thumb Code    34  pcf8563.o(.text)
    IIC_PCF8563                              0x080031d7   Thumb Code    48  pcf8563.o(.text)
    SD_SPI_ReadWriteByte                     0x08003215   Thumb Code    12  sd.o(.text)
    SD_SPI_SpeedLow                          0x08003221   Thumb Code    10  sd.o(.text)
    SD_SPI_SpeedHigh                         0x0800322b   Thumb Code    10  sd.o(.text)
    SD_DisSelect                             0x08003235   Thumb Code    18  sd.o(.text)
    SD_WaitReady                             0x08003247   Thumb Code    34  sd.o(.text)
    SD_Select                                0x08003269   Thumb Code    28  sd.o(.text)
    SD_GetResponse                           0x08003285   Thumb Code    38  sd.o(.text)
    SD_RecvData                              0x080032ab   Thumb Code    56  sd.o(.text)
    SD_SendBlock                             0x080032e3   Thumb Code    82  sd.o(.text)
    SD_SendCmd                               0x08003335   Thumb Code   130  sd.o(.text)
    SD_Initialize                            0x080033b7   Thumb Code   384  sd.o(.text)
    SD_ReadDisk                              0x08003537   Thumb Code   114  sd.o(.text)
    SD_WriteDisk                             0x080035a9   Thumb Code   148  sd.o(.text)
    SD_GetCSD                                0x0800363d   Thumb Code    42  sd.o(.text)
    SD_GetSectorCount                        0x08003667   Thumb Code   118  sd.o(.text)
    SD_GetCID                                0x080036dd   Thumb Code    42  sd.o(.text)
    NVIC_PriorityGroupConfig                 0x08003709   Thumb Code    10  misc.o(.text)
    NVIC_Init                                0x08003713   Thumb Code   100  misc.o(.text)
    NVIC_SetVectorTable                      0x08003777   Thumb Code    14  misc.o(.text)
    NVIC_SystemLPConfig                      0x08003785   Thumb Code    34  misc.o(.text)
    SysTick_CLKSourceConfig                  0x080037a7   Thumb Code    40  misc.o(.text)
    RCC_DeInit                               0x080037e5   Thumb Code    78  stm32f10x_rcc.o(.text)
    RCC_HSEConfig                            0x08003833   Thumb Code    70  stm32f10x_rcc.o(.text)
    RCC_GetFlagStatus                        0x08003879   Thumb Code    56  stm32f10x_rcc.o(.text)
    RCC_WaitForHSEStartUp                    0x080038b1   Thumb Code    56  stm32f10x_rcc.o(.text)
    RCC_AdjustHSICalibrationValue            0x080038e9   Thumb Code    20  stm32f10x_rcc.o(.text)
    RCC_HSICmd                               0x080038fd   Thumb Code     6  stm32f10x_rcc.o(.text)
    RCC_PLLConfig                            0x08003903   Thumb Code    24  stm32f10x_rcc.o(.text)
    RCC_PLLCmd                               0x0800391b   Thumb Code     6  stm32f10x_rcc.o(.text)
    RCC_PREDIV1Config                        0x08003921   Thumb Code    24  stm32f10x_rcc.o(.text)
    RCC_PREDIV2Config                        0x08003939   Thumb Code    18  stm32f10x_rcc.o(.text)
    RCC_PLL2Config                           0x0800394b   Thumb Code    18  stm32f10x_rcc.o(.text)
    RCC_PLL2Cmd                              0x0800395d   Thumb Code     6  stm32f10x_rcc.o(.text)
    RCC_PLL3Config                           0x08003963   Thumb Code    18  stm32f10x_rcc.o(.text)
    RCC_PLL3Cmd                              0x08003975   Thumb Code     6  stm32f10x_rcc.o(.text)
    RCC_SYSCLKConfig                         0x0800397b   Thumb Code    18  stm32f10x_rcc.o(.text)
    RCC_GetSYSCLKSource                      0x0800398d   Thumb Code    10  stm32f10x_rcc.o(.text)
    RCC_HCLKConfig                           0x08003997   Thumb Code    18  stm32f10x_rcc.o(.text)
    RCC_PCLK1Config                          0x080039a9   Thumb Code    18  stm32f10x_rcc.o(.text)
    RCC_PCLK2Config                          0x080039bb   Thumb Code    20  stm32f10x_rcc.o(.text)
    RCC_ITConfig                             0x080039cf   Thumb Code    26  stm32f10x_rcc.o(.text)
    RCC_OTGFSCLKConfig                       0x080039e9   Thumb Code     8  stm32f10x_rcc.o(.text)
    RCC_ADCCLKConfig                         0x080039f1   Thumb Code    18  stm32f10x_rcc.o(.text)
    RCC_I2S2CLKConfig                        0x08003a03   Thumb Code     6  stm32f10x_rcc.o(.text)
    RCC_I2S3CLKConfig                        0x08003a09   Thumb Code     8  stm32f10x_rcc.o(.text)
    RCC_LSEConfig                            0x08003a11   Thumb Code    50  stm32f10x_rcc.o(.text)
    RCC_LSICmd                               0x08003a43   Thumb Code     6  stm32f10x_rcc.o(.text)
    RCC_RTCCLKConfig                         0x08003a49   Thumb Code    12  stm32f10x_rcc.o(.text)
    RCC_RTCCLKCmd                            0x08003a55   Thumb Code     8  stm32f10x_rcc.o(.text)
    RCC_GetClocksFreq                        0x08003a5d   Thumb Code   420  stm32f10x_rcc.o(.text)
    RCC_AHBPeriphClockCmd                    0x08003c01   Thumb Code    26  stm32f10x_rcc.o(.text)
    RCC_APB2PeriphClockCmd                   0x08003c1b   Thumb Code    26  stm32f10x_rcc.o(.text)
    RCC_APB1PeriphClockCmd                   0x08003c35   Thumb Code    26  stm32f10x_rcc.o(.text)
    RCC_AHBPeriphResetCmd                    0x08003c4f   Thumb Code    26  stm32f10x_rcc.o(.text)
    RCC_APB2PeriphResetCmd                   0x08003c69   Thumb Code    26  stm32f10x_rcc.o(.text)
    RCC_APB1PeriphResetCmd                   0x08003c83   Thumb Code    26  stm32f10x_rcc.o(.text)
    RCC_BackupResetCmd                       0x08003c9d   Thumb Code     6  stm32f10x_rcc.o(.text)
    RCC_ClockSecuritySystemCmd               0x08003ca3   Thumb Code     6  stm32f10x_rcc.o(.text)
    RCC_MCOConfig                            0x08003ca9   Thumb Code     6  stm32f10x_rcc.o(.text)
    RCC_ClearFlag                            0x08003caf   Thumb Code    14  stm32f10x_rcc.o(.text)
    RCC_GetITStatus                          0x08003cbd   Thumb Code    20  stm32f10x_rcc.o(.text)
    RCC_ClearITPendingBit                    0x08003cd1   Thumb Code     6  stm32f10x_rcc.o(.text)
    GPIO_DeInit                              0x08003ce5   Thumb Code   172  stm32f10x_gpio.o(.text)
    GPIO_AFIODeInit                          0x08003d91   Thumb Code    20  stm32f10x_gpio.o(.text)
    GPIO_Init                                0x08003da5   Thumb Code   278  stm32f10x_gpio.o(.text)
    GPIO_StructInit                          0x08003ebb   Thumb Code    16  stm32f10x_gpio.o(.text)
    GPIO_ReadInputDataBit                    0x08003ecb   Thumb Code    18  stm32f10x_gpio.o(.text)
    GPIO_ReadInputData                       0x08003edd   Thumb Code     8  stm32f10x_gpio.o(.text)
    GPIO_ReadOutputDataBit                   0x08003ee5   Thumb Code    18  stm32f10x_gpio.o(.text)
    GPIO_ReadOutputData                      0x08003ef7   Thumb Code     8  stm32f10x_gpio.o(.text)
    GPIO_SetBits                             0x08003eff   Thumb Code     4  stm32f10x_gpio.o(.text)
    GPIO_ResetBits                           0x08003f03   Thumb Code     4  stm32f10x_gpio.o(.text)
    GPIO_WriteBit                            0x08003f07   Thumb Code    10  stm32f10x_gpio.o(.text)
    GPIO_Write                               0x08003f11   Thumb Code     4  stm32f10x_gpio.o(.text)
    GPIO_PinLockConfig                       0x08003f15   Thumb Code    18  stm32f10x_gpio.o(.text)
    GPIO_EventOutputConfig                   0x08003f27   Thumb Code    26  stm32f10x_gpio.o(.text)
    GPIO_EventOutputCmd                      0x08003f41   Thumb Code     6  stm32f10x_gpio.o(.text)
    GPIO_PinRemapConfig                      0x08003f47   Thumb Code   138  stm32f10x_gpio.o(.text)
    GPIO_EXTILineConfig                      0x08003fd1   Thumb Code    66  stm32f10x_gpio.o(.text)
    GPIO_ETH_MediaInterfaceConfig            0x08004013   Thumb Code     8  stm32f10x_gpio.o(.text)
    USART_DeInit                             0x08004041   Thumb Code   134  stm32f10x_usart.o(.text)
    USART_Init                               0x080040c7   Thumb Code   210  stm32f10x_usart.o(.text)
    USART_StructInit                         0x08004199   Thumb Code    24  stm32f10x_usart.o(.text)
    USART_ClockInit                          0x080041b1   Thumb Code    34  stm32f10x_usart.o(.text)
    USART_ClockStructInit                    0x080041d3   Thumb Code    12  stm32f10x_usart.o(.text)
    USART_Cmd                                0x080041df   Thumb Code    24  stm32f10x_usart.o(.text)
    USART_ITConfig                           0x080041f7   Thumb Code    74  stm32f10x_usart.o(.text)
    USART_DMACmd                             0x08004241   Thumb Code    18  stm32f10x_usart.o(.text)
    USART_SetAddress                         0x08004253   Thumb Code    18  stm32f10x_usart.o(.text)
    USART_WakeUpConfig                       0x08004265   Thumb Code    18  stm32f10x_usart.o(.text)
    USART_ReceiverWakeUpCmd                  0x08004277   Thumb Code    24  stm32f10x_usart.o(.text)
    USART_LINBreakDetectLengthConfig         0x0800428f   Thumb Code    18  stm32f10x_usart.o(.text)
    USART_LINCmd                             0x080042a1   Thumb Code    24  stm32f10x_usart.o(.text)
    USART_SendData                           0x080042b9   Thumb Code     8  stm32f10x_usart.o(.text)
    USART_ReceiveData                        0x080042c1   Thumb Code    10  stm32f10x_usart.o(.text)
    USART_SendBreak                          0x080042cb   Thumb Code    10  stm32f10x_usart.o(.text)
    USART_SetGuardTime                       0x080042d5   Thumb Code    16  stm32f10x_usart.o(.text)
    USART_SetPrescaler                       0x080042e5   Thumb Code    16  stm32f10x_usart.o(.text)
    USART_SmartCardCmd                       0x080042f5   Thumb Code    24  stm32f10x_usart.o(.text)
    USART_SmartCardNACKCmd                   0x0800430d   Thumb Code    24  stm32f10x_usart.o(.text)
    USART_HalfDuplexCmd                      0x08004325   Thumb Code    24  stm32f10x_usart.o(.text)
    USART_OverSampling8Cmd                   0x0800433d   Thumb Code    22  stm32f10x_usart.o(.text)
    USART_OneBitMethodCmd                    0x08004353   Thumb Code    24  stm32f10x_usart.o(.text)
    USART_IrDAConfig                         0x0800436b   Thumb Code    18  stm32f10x_usart.o(.text)
    USART_IrDACmd                            0x0800437d   Thumb Code    24  stm32f10x_usart.o(.text)
    USART_GetFlagStatus                      0x08004395   Thumb Code    26  stm32f10x_usart.o(.text)
    USART_ClearFlag                          0x080043af   Thumb Code    18  stm32f10x_usart.o(.text)
    USART_GetITStatus                        0x080043c1   Thumb Code    84  stm32f10x_usart.o(.text)
    USART_ClearITPendingBit                  0x08004415   Thumb Code    52  stm32f10x_usart.o(.text)
    CAN_DeInit                               0x08004449   Thumb Code    50  stm32f10x_can.o(.text)
    CAN_Init                                 0x0800447b   Thumb Code   276  stm32f10x_can.o(.text)
    CAN_FilterInit                           0x0800458f   Thumb Code   258  stm32f10x_can.o(.text)
    CAN_StructInit                           0x08004691   Thumb Code    32  stm32f10x_can.o(.text)
    CAN_SlaveStartBank                       0x080046b1   Thumb Code    48  stm32f10x_can.o(.text)
    CAN_DBGFreeze                            0x080046e1   Thumb Code    22  stm32f10x_can.o(.text)
    CAN_TTComModeCmd                         0x080046f7   Thumb Code   118  stm32f10x_can.o(.text)
    CAN_Transmit                             0x0800476d   Thumb Code   304  stm32f10x_can.o(.text)
    CAN_TransmitStatus                       0x0800489d   Thumb Code   138  stm32f10x_can.o(.text)
    CAN_CancelTransmit                       0x08004927   Thumb Code    48  stm32f10x_can.o(.text)
    CAN_Receive                              0x08004957   Thumb Code   240  stm32f10x_can.o(.text)
    CAN_FIFORelease                          0x08004a47   Thumb Code    22  stm32f10x_can.o(.text)
    CAN_MessagePending                       0x08004a5d   Thumb Code    30  stm32f10x_can.o(.text)
    CAN_OperatingModeRequest                 0x08004a7b   Thumb Code   162  stm32f10x_can.o(.text)
    CAN_Sleep                                0x08004b1d   Thumb Code    30  stm32f10x_can.o(.text)
    CAN_WakeUp                               0x08004b3b   Thumb Code    48  stm32f10x_can.o(.text)
    CAN_GetLastErrorCode                     0x08004b6b   Thumb Code    12  stm32f10x_can.o(.text)
    CAN_GetReceiveErrorCounter               0x08004b77   Thumb Code    10  stm32f10x_can.o(.text)
    CAN_GetLSBTransmitErrorCounter           0x08004b81   Thumb Code    12  stm32f10x_can.o(.text)
    CAN_ITConfig                             0x08004b8d   Thumb Code    18  stm32f10x_can.o(.text)
    CAN_GetFlagStatus                        0x08004b9f   Thumb Code   120  stm32f10x_can.o(.text)
    CAN_ClearFlag                            0x08004c17   Thumb Code    52  stm32f10x_can.o(.text)
    CAN_GetITStatus                          0x08004c5d   Thumb Code   310  stm32f10x_can.o(.text)
    CAN_ClearITPendingBit                    0x08004d93   Thumb Code   162  stm32f10x_can.o(.text)
    TIM_DeInit                               0x08004e39   Thumb Code   424  stm32f10x_tim.o(.text)
    TIM_TimeBaseInit                         0x08004fe1   Thumb Code   122  stm32f10x_tim.o(.text)
    TIM_OC1Init                              0x0800505b   Thumb Code   132  stm32f10x_tim.o(.text)
    TIM_OC2Init                              0x080050df   Thumb Code   154  stm32f10x_tim.o(.text)
    TIM_OC3Init                              0x08005179   Thumb Code   150  stm32f10x_tim.o(.text)
    TIM_OC4Init                              0x0800520f   Thumb Code   182  stm32f10x_tim.o(.text)
    TIM_SetIC4Prescaler                      0x080052c5   Thumb Code    26  stm32f10x_tim.o(.text)
    TIM_SetIC3Prescaler                      0x08005361   Thumb Code    18  stm32f10x_tim.o(.text)
    TIM_SetIC2Prescaler                      0x080053ed   Thumb Code    26  stm32f10x_tim.o(.text)
    TIM_SetIC1Prescaler                      0x08005489   Thumb Code    18  stm32f10x_tim.o(.text)
    TIM_ICInit                               0x08005507   Thumb Code   150  stm32f10x_tim.o(.text)
    TIM_PWMIConfig                           0x0800559d   Thumb Code   124  stm32f10x_tim.o(.text)
    TIM_BDTRConfig                           0x08005619   Thumb Code    32  stm32f10x_tim.o(.text)
    TIM_TimeBaseStructInit                   0x08005639   Thumb Code    18  stm32f10x_tim.o(.text)
    TIM_OCStructInit                         0x0800564b   Thumb Code    20  stm32f10x_tim.o(.text)
    TIM_ICStructInit                         0x0800565f   Thumb Code    18  stm32f10x_tim.o(.text)
    TIM_BDTRStructInit                       0x08005671   Thumb Code    40  stm32f10x_tim.o(.text)
    TIM_Cmd                                  0x08005699   Thumb Code    24  stm32f10x_tim.o(.text)
    TIM_CtrlPWMOutputs                       0x080056b1   Thumb Code    30  stm32f10x_tim.o(.text)
    TIM_ITConfig                             0x080056cf   Thumb Code    18  stm32f10x_tim.o(.text)
    TIM_GenerateEvent                        0x080056e1   Thumb Code     4  stm32f10x_tim.o(.text)
    TIM_DMAConfig                            0x080056e5   Thumb Code    10  stm32f10x_tim.o(.text)
    TIM_DMACmd                               0x080056ef   Thumb Code    18  stm32f10x_tim.o(.text)
    TIM_InternalClockConfig                  0x08005701   Thumb Code    12  stm32f10x_tim.o(.text)
    TIM_SelectInputTrigger                   0x0800570d   Thumb Code    18  stm32f10x_tim.o(.text)
    TIM_ITRxExternalClockConfig              0x0800571f   Thumb Code    24  stm32f10x_tim.o(.text)
    TIM_TIxExternalClockConfig               0x08005737   Thumb Code    62  stm32f10x_tim.o(.text)
    TIM_ETRConfig                            0x08005775   Thumb Code    28  stm32f10x_tim.o(.text)
    TIM_ETRClockMode1Config                  0x08005791   Thumb Code    54  stm32f10x_tim.o(.text)
    TIM_ETRClockMode2Config                  0x080057c7   Thumb Code    32  stm32f10x_tim.o(.text)
    TIM_PrescalerConfig                      0x080057e7   Thumb Code     6  stm32f10x_tim.o(.text)
    TIM_CounterModeConfig                    0x080057ed   Thumb Code    18  stm32f10x_tim.o(.text)
    TIM_EncoderInterfaceConfig               0x080057ff   Thumb Code    66  stm32f10x_tim.o(.text)
    TIM_ForcedOC1Config                      0x08005841   Thumb Code    18  stm32f10x_tim.o(.text)
    TIM_ForcedOC2Config                      0x08005853   Thumb Code    26  stm32f10x_tim.o(.text)
    TIM_ForcedOC3Config                      0x0800586d   Thumb Code    18  stm32f10x_tim.o(.text)
    TIM_ForcedOC4Config                      0x0800587f   Thumb Code    26  stm32f10x_tim.o(.text)
    TIM_ARRPreloadConfig                     0x08005899   Thumb Code    24  stm32f10x_tim.o(.text)
    TIM_SelectCOM                            0x080058b1   Thumb Code    24  stm32f10x_tim.o(.text)
    TIM_SelectCCDMA                          0x080058c9   Thumb Code    24  stm32f10x_tim.o(.text)
    TIM_CCPreloadControl                     0x080058e1   Thumb Code    24  stm32f10x_tim.o(.text)
    TIM_OC1PreloadConfig                     0x080058f9   Thumb Code    18  stm32f10x_tim.o(.text)
    TIM_OC2PreloadConfig                     0x0800590b   Thumb Code    26  stm32f10x_tim.o(.text)
    TIM_OC3PreloadConfig                     0x08005925   Thumb Code    18  stm32f10x_tim.o(.text)
    TIM_OC4PreloadConfig                     0x08005937   Thumb Code    26  stm32f10x_tim.o(.text)
    TIM_OC1FastConfig                        0x08005951   Thumb Code    18  stm32f10x_tim.o(.text)
    TIM_OC2FastConfig                        0x08005963   Thumb Code    26  stm32f10x_tim.o(.text)
    TIM_OC3FastConfig                        0x0800597d   Thumb Code    18  stm32f10x_tim.o(.text)
    TIM_OC4FastConfig                        0x0800598f   Thumb Code    26  stm32f10x_tim.o(.text)
    TIM_ClearOC1Ref                          0x080059a9   Thumb Code    18  stm32f10x_tim.o(.text)
    TIM_ClearOC2Ref                          0x080059bb   Thumb Code    24  stm32f10x_tim.o(.text)
    TIM_ClearOC3Ref                          0x080059d3   Thumb Code    18  stm32f10x_tim.o(.text)
    TIM_ClearOC4Ref                          0x080059e5   Thumb Code    24  stm32f10x_tim.o(.text)
    TIM_OC1PolarityConfig                    0x080059fd   Thumb Code    18  stm32f10x_tim.o(.text)
    TIM_OC1NPolarityConfig                   0x08005a0f   Thumb Code    18  stm32f10x_tim.o(.text)
    TIM_OC2PolarityConfig                    0x08005a21   Thumb Code    26  stm32f10x_tim.o(.text)
    TIM_OC2NPolarityConfig                   0x08005a3b   Thumb Code    26  stm32f10x_tim.o(.text)
    TIM_OC3PolarityConfig                    0x08005a55   Thumb Code    26  stm32f10x_tim.o(.text)
    TIM_OC3NPolarityConfig                   0x08005a6f   Thumb Code    26  stm32f10x_tim.o(.text)
    TIM_OC4PolarityConfig                    0x08005a89   Thumb Code    26  stm32f10x_tim.o(.text)
    TIM_CCxCmd                               0x08005aa3   Thumb Code    30  stm32f10x_tim.o(.text)
    TIM_CCxNCmd                              0x08005ac1   Thumb Code    30  stm32f10x_tim.o(.text)
    TIM_SelectOCxM                           0x08005adf   Thumb Code    82  stm32f10x_tim.o(.text)
    TIM_UpdateDisableConfig                  0x08005b31   Thumb Code    24  stm32f10x_tim.o(.text)
    TIM_UpdateRequestConfig                  0x08005b49   Thumb Code    24  stm32f10x_tim.o(.text)
    TIM_SelectHallSensor                     0x08005b61   Thumb Code    24  stm32f10x_tim.o(.text)
    TIM_SelectOnePulseMode                   0x08005b79   Thumb Code    18  stm32f10x_tim.o(.text)
    TIM_SelectOutputTrigger                  0x08005b8b   Thumb Code    18  stm32f10x_tim.o(.text)
    TIM_SelectSlaveMode                      0x08005b9d   Thumb Code    18  stm32f10x_tim.o(.text)
    TIM_SelectMasterSlaveMode                0x08005baf   Thumb Code    18  stm32f10x_tim.o(.text)
    TIM_SetCounter                           0x08005bc1   Thumb Code     4  stm32f10x_tim.o(.text)
    TIM_SetAutoreload                        0x08005bc5   Thumb Code     4  stm32f10x_tim.o(.text)
    TIM_SetCompare1                          0x08005bc9   Thumb Code     4  stm32f10x_tim.o(.text)
    TIM_SetCompare2                          0x08005bcd   Thumb Code     4  stm32f10x_tim.o(.text)
    TIM_SetCompare3                          0x08005bd1   Thumb Code     4  stm32f10x_tim.o(.text)
    TIM_SetCompare4                          0x08005bd5   Thumb Code     6  stm32f10x_tim.o(.text)
    TIM_SetClockDivision                     0x08005bdb   Thumb Code    18  stm32f10x_tim.o(.text)
    TIM_GetCapture1                          0x08005bed   Thumb Code     6  stm32f10x_tim.o(.text)
    TIM_GetCapture2                          0x08005bf3   Thumb Code     6  stm32f10x_tim.o(.text)
    TIM_GetCapture3                          0x08005bf9   Thumb Code     6  stm32f10x_tim.o(.text)
    TIM_GetCapture4                          0x08005bff   Thumb Code     8  stm32f10x_tim.o(.text)
    TIM_GetCounter                           0x08005c07   Thumb Code     6  stm32f10x_tim.o(.text)
    TIM_GetPrescaler                         0x08005c0d   Thumb Code     6  stm32f10x_tim.o(.text)
    TIM_GetFlagStatus                        0x08005c13   Thumb Code    18  stm32f10x_tim.o(.text)
    TIM_ClearFlag                            0x08005c25   Thumb Code     6  stm32f10x_tim.o(.text)
    TIM_GetITStatus                          0x08005c2b   Thumb Code    34  stm32f10x_tim.o(.text)
    TIM_ClearITPendingBit                    0x08005c4d   Thumb Code     6  stm32f10x_tim.o(.text)
    IWDG_WriteAccessCmd                      0x08005c55   Thumb Code     6  stm32f10x_iwdg.o(.text)
    IWDG_SetPrescaler                        0x08005c5b   Thumb Code     6  stm32f10x_iwdg.o(.text)
    IWDG_SetReload                           0x08005c61   Thumb Code     6  stm32f10x_iwdg.o(.text)
    IWDG_ReloadCounter                       0x08005c67   Thumb Code    10  stm32f10x_iwdg.o(.text)
    IWDG_Enable                              0x08005c71   Thumb Code    10  stm32f10x_iwdg.o(.text)
    IWDG_GetFlagStatus                       0x08005c7b   Thumb Code    20  stm32f10x_iwdg.o(.text)
    SPI_I2S_DeInit                           0x08005c95   Thumb Code    76  stm32f10x_spi.o(.text)
    SPI_Init                                 0x08005ce1   Thumb Code    60  stm32f10x_spi.o(.text)
    I2S_Init                                 0x08005d1d   Thumb Code   292  stm32f10x_spi.o(.text)
    SPI_StructInit                           0x08005e41   Thumb Code    24  stm32f10x_spi.o(.text)
    I2S_StructInit                           0x08005e59   Thumb Code    20  stm32f10x_spi.o(.text)
    SPI_Cmd                                  0x08005e6d   Thumb Code    24  stm32f10x_spi.o(.text)
    I2S_Cmd                                  0x08005e85   Thumb Code    24  stm32f10x_spi.o(.text)
    SPI_I2S_ITConfig                         0x08005e9d   Thumb Code    32  stm32f10x_spi.o(.text)
    SPI_I2S_DMACmd                           0x08005ebd   Thumb Code    18  stm32f10x_spi.o(.text)
    SPI_I2S_SendData                         0x08005ecf   Thumb Code     4  stm32f10x_spi.o(.text)
    SPI_I2S_ReceiveData                      0x08005ed3   Thumb Code     6  stm32f10x_spi.o(.text)
    SPI_NSSInternalSoftwareConfig            0x08005ed9   Thumb Code    30  stm32f10x_spi.o(.text)
    SPI_SSOutputCmd                          0x08005ef7   Thumb Code    24  stm32f10x_spi.o(.text)
    SPI_DataSizeConfig                       0x08005f0f   Thumb Code    18  stm32f10x_spi.o(.text)
    SPI_TransmitCRC                          0x08005f21   Thumb Code    10  stm32f10x_spi.o(.text)
    SPI_CalculateCRC                         0x08005f2b   Thumb Code    24  stm32f10x_spi.o(.text)
    SPI_GetCRC                               0x08005f43   Thumb Code    16  stm32f10x_spi.o(.text)
    SPI_GetCRCPolynomial                     0x08005f53   Thumb Code     6  stm32f10x_spi.o(.text)
    SPI_BiDirectionalLineConfig              0x08005f59   Thumb Code    28  stm32f10x_spi.o(.text)
    SPI_I2S_GetFlagStatus                    0x08005f75   Thumb Code    18  stm32f10x_spi.o(.text)
    SPI_I2S_ClearFlag                        0x08005f87   Thumb Code     6  stm32f10x_spi.o(.text)
    SPI_I2S_GetITStatus                      0x08005f8d   Thumb Code    52  stm32f10x_spi.o(.text)
    SPI_I2S_ClearITPendingBit                0x08005fc1   Thumb Code    20  stm32f10x_spi.o(.text)
    SystemInit                               0x080060cd   Thumb Code    68  system_stm32f10x.o(.text)
    Reset_Handler                            0x08006121   Thumb Code     8  startup_stm32f10x_cl.o(.text)
    NMI_Handler                              0x08006129   Thumb Code     2  startup_stm32f10x_cl.o(.text)
    HardFault_Handler                        0x0800612b   Thumb Code     2  startup_stm32f10x_cl.o(.text)
    MemManage_Handler                        0x0800612d   Thumb Code     2  startup_stm32f10x_cl.o(.text)
    BusFault_Handler                         0x0800612f   Thumb Code     2  startup_stm32f10x_cl.o(.text)
    UsageFault_Handler                       0x08006131   Thumb Code     2  startup_stm32f10x_cl.o(.text)
    SVC_Handler                              0x08006133   Thumb Code     2  startup_stm32f10x_cl.o(.text)
    DebugMon_Handler                         0x08006135   Thumb Code     2  startup_stm32f10x_cl.o(.text)
    PendSV_Handler                           0x08006137   Thumb Code     2  startup_stm32f10x_cl.o(.text)
    SysTick_Handler                          0x08006139   Thumb Code     2  startup_stm32f10x_cl.o(.text)
    ADC1_2_IRQHandler                        0x0800613b   Thumb Code     0  startup_stm32f10x_cl.o(.text)
    CAN1_RX1_IRQHandler                      0x0800613b   Thumb Code     0  startup_stm32f10x_cl.o(.text)
    CAN1_SCE_IRQHandler                      0x0800613b   Thumb Code     0  startup_stm32f10x_cl.o(.text)
    CAN1_TX_IRQHandler                       0x0800613b   Thumb Code     0  startup_stm32f10x_cl.o(.text)
    CAN2_RX0_IRQHandler                      0x0800613b   Thumb Code     0  startup_stm32f10x_cl.o(.text)
    CAN2_SCE_IRQHandler                      0x0800613b   Thumb Code     0  startup_stm32f10x_cl.o(.text)
    CAN2_TX_IRQHandler                       0x0800613b   Thumb Code     0  startup_stm32f10x_cl.o(.text)
    DMA1_Channel1_IRQHandler                 0x0800613b   Thumb Code     0  startup_stm32f10x_cl.o(.text)
    DMA1_Channel2_IRQHandler                 0x0800613b   Thumb Code     0  startup_stm32f10x_cl.o(.text)
    DMA1_Channel3_IRQHandler                 0x0800613b   Thumb Code     0  startup_stm32f10x_cl.o(.text)
    DMA1_Channel4_IRQHandler                 0x0800613b   Thumb Code     0  startup_stm32f10x_cl.o(.text)
    DMA1_Channel5_IRQHandler                 0x0800613b   Thumb Code     0  startup_stm32f10x_cl.o(.text)
    DMA1_Channel6_IRQHandler                 0x0800613b   Thumb Code     0  startup_stm32f10x_cl.o(.text)
    DMA1_Channel7_IRQHandler                 0x0800613b   Thumb Code     0  startup_stm32f10x_cl.o(.text)
    DMA2_Channel1_IRQHandler                 0x0800613b   Thumb Code     0  startup_stm32f10x_cl.o(.text)
    DMA2_Channel2_IRQHandler                 0x0800613b   Thumb Code     0  startup_stm32f10x_cl.o(.text)
    DMA2_Channel3_IRQHandler                 0x0800613b   Thumb Code     0  startup_stm32f10x_cl.o(.text)
    DMA2_Channel4_IRQHandler                 0x0800613b   Thumb Code     0  startup_stm32f10x_cl.o(.text)
    DMA2_Channel5_IRQHandler                 0x0800613b   Thumb Code     0  startup_stm32f10x_cl.o(.text)
    ETH_IRQHandler                           0x0800613b   Thumb Code     0  startup_stm32f10x_cl.o(.text)
    ETH_WKUP_IRQHandler                      0x0800613b   Thumb Code     0  startup_stm32f10x_cl.o(.text)
    EXTI0_IRQHandler                         0x0800613b   Thumb Code     0  startup_stm32f10x_cl.o(.text)
    EXTI15_10_IRQHandler                     0x0800613b   Thumb Code     0  startup_stm32f10x_cl.o(.text)
    EXTI1_IRQHandler                         0x0800613b   Thumb Code     0  startup_stm32f10x_cl.o(.text)
    EXTI2_IRQHandler                         0x0800613b   Thumb Code     0  startup_stm32f10x_cl.o(.text)
    EXTI3_IRQHandler                         0x0800613b   Thumb Code     0  startup_stm32f10x_cl.o(.text)
    EXTI4_IRQHandler                         0x0800613b   Thumb Code     0  startup_stm32f10x_cl.o(.text)
    EXTI9_5_IRQHandler                       0x0800613b   Thumb Code     0  startup_stm32f10x_cl.o(.text)
    FLASH_IRQHandler                         0x0800613b   Thumb Code     0  startup_stm32f10x_cl.o(.text)
    I2C1_ER_IRQHandler                       0x0800613b   Thumb Code     0  startup_stm32f10x_cl.o(.text)
    I2C1_EV_IRQHandler                       0x0800613b   Thumb Code     0  startup_stm32f10x_cl.o(.text)
    I2C2_ER_IRQHandler                       0x0800613b   Thumb Code     0  startup_stm32f10x_cl.o(.text)
    I2C2_EV_IRQHandler                       0x0800613b   Thumb Code     0  startup_stm32f10x_cl.o(.text)
    OTG_FS_IRQHandler                        0x0800613b   Thumb Code     0  startup_stm32f10x_cl.o(.text)
    OTG_FS_WKUP_IRQHandler                   0x0800613b   Thumb Code     0  startup_stm32f10x_cl.o(.text)
    PVD_IRQHandler                           0x0800613b   Thumb Code     0  startup_stm32f10x_cl.o(.text)
    RCC_IRQHandler                           0x0800613b   Thumb Code     0  startup_stm32f10x_cl.o(.text)
    RTCAlarm_IRQHandler                      0x0800613b   Thumb Code     0  startup_stm32f10x_cl.o(.text)
    RTC_IRQHandler                           0x0800613b   Thumb Code     0  startup_stm32f10x_cl.o(.text)
    SPI1_IRQHandler                          0x0800613b   Thumb Code     0  startup_stm32f10x_cl.o(.text)
    SPI2_IRQHandler                          0x0800613b   Thumb Code     0  startup_stm32f10x_cl.o(.text)
    SPI3_IRQHandler                          0x0800613b   Thumb Code     0  startup_stm32f10x_cl.o(.text)
    TAMPER_IRQHandler                        0x0800613b   Thumb Code     0  startup_stm32f10x_cl.o(.text)
    TIM1_BRK_IRQHandler                      0x0800613b   Thumb Code     0  startup_stm32f10x_cl.o(.text)
    TIM1_CC_IRQHandler                       0x0800613b   Thumb Code     0  startup_stm32f10x_cl.o(.text)
    TIM1_TRG_COM_IRQHandler                  0x0800613b   Thumb Code     0  startup_stm32f10x_cl.o(.text)
    TIM1_UP_IRQHandler                       0x0800613b   Thumb Code     0  startup_stm32f10x_cl.o(.text)
    TIM3_IRQHandler                          0x0800613b   Thumb Code     0  startup_stm32f10x_cl.o(.text)
    TIM4_IRQHandler                          0x0800613b   Thumb Code     0  startup_stm32f10x_cl.o(.text)
    TIM5_IRQHandler                          0x0800613b   Thumb Code     0  startup_stm32f10x_cl.o(.text)
    TIM6_IRQHandler                          0x0800613b   Thumb Code     0  startup_stm32f10x_cl.o(.text)
    TIM7_IRQHandler                          0x0800613b   Thumb Code     0  startup_stm32f10x_cl.o(.text)
    UART4_IRQHandler                         0x0800613b   Thumb Code     0  startup_stm32f10x_cl.o(.text)
    UART5_IRQHandler                         0x0800613b   Thumb Code     0  startup_stm32f10x_cl.o(.text)
    USART1_IRQHandler                        0x0800613b   Thumb Code     0  startup_stm32f10x_cl.o(.text)
    USART3_IRQHandler                        0x0800613b   Thumb Code     0  startup_stm32f10x_cl.o(.text)
    WWDG_IRQHandler                          0x0800613b   Thumb Code     0  startup_stm32f10x_cl.o(.text)
    __user_initial_stackheap                 0x0800613d   Thumb Code     0  startup_stm32f10x_cl.o(.text)
    __2sprintf                               0x08006161   Thumb Code    34  noretval__2sprintf.o(.text)
    __printf                                 0x08006189   Thumb Code   104  __printf.o(.text)
    _printf_int_dec                          0x080061f1   Thumb Code   104  _printf_dec.o(.text)
    strlen                                   0x08006269   Thumb Code    62  strlen.o(.text)
    __aeabi_memclr4                          0x080062a7   Thumb Code     0  rt_memclr_w.o(.text)
    __aeabi_memclr8                          0x080062a7   Thumb Code     0  rt_memclr_w.o(.text)
    __rt_memclr_w                            0x080062a7   Thumb Code    78  rt_memclr_w.o(.text)
    _memset_w                                0x080062ab   Thumb Code     0  rt_memclr_w.o(.text)
    __use_two_region_memory                  0x080062f5   Thumb Code     2  heapauxi.o(.text)
    __rt_heap_escrow$2region                 0x080062f7   Thumb Code     2  heapauxi.o(.text)
    __rt_heap_expand$2region                 0x080062f9   Thumb Code     2  heapauxi.o(.text)
    _printf_int_common                       0x080062fb   Thumb Code   178  _printf_intcommon.o(.text)
    _printf_char_common                      0x080063b7   Thumb Code    32  _printf_char_common.o(.text)
    _sputc                                   0x080063dd   Thumb Code    10  _sputc.o(.text)
    __user_setup_stackheap                   0x080063e7   Thumb Code    74  sys_stackheap_outer.o(.text)
    exit                                     0x08006431   Thumb Code    18  exit.o(.text)
    __user_libspace                          0x08006445   Thumb Code     8  libspace.o(.text)
    __user_perproc_libspace                  0x08006445   Thumb Code     0  libspace.o(.text)
    __user_perthread_libspace                0x08006445   Thumb Code     0  libspace.o(.text)
    _sys_exit                                0x0800644d   Thumb Code     8  sys_exit.o(.text)
    __I$use$semihosting                      0x08006459   Thumb Code     0  use_no_semi.o(.text)
    __use_no_semihosting_swi                 0x08006459   Thumb Code     2  use_no_semi.o(.text)
    __semihosting_library_function           0x0800645b   Thumb Code     0  indicate_semi.o(.text)
    __aeabi_d2f                              0x0800645d   Thumb Code     0  d2f.o(x$fpl$d2f)
    _d2f                                     0x0800645d   Thumb Code    98  d2f.o(x$fpl$d2f)
    __aeabi_dadd                             0x080064c1   Thumb Code     0  daddsub_clz.o(x$fpl$dadd)
    _dadd                                    0x080064c1   Thumb Code   332  daddsub_clz.o(x$fpl$dadd)
    __aeabi_ddiv                             0x08006611   Thumb Code     0  ddiv.o(x$fpl$ddiv)
    _ddiv                                    0x08006611   Thumb Code   552  ddiv.o(x$fpl$ddiv)
    __aeabi_ui2d                             0x080068c1   Thumb Code     0  dflt_clz.o(x$fpl$dfltu)
    _dfltu                                   0x080068c1   Thumb Code    38  dflt_clz.o(x$fpl$dfltu)
    __aeabi_dmul                             0x080068e9   Thumb Code     0  dmul.o(x$fpl$dmul)
    _dmul                                    0x080068e9   Thumb Code   332  dmul.o(x$fpl$dmul)
    __fpl_dnaninf                            0x08006a3d   Thumb Code   156  dnaninf.o(x$fpl$dnaninf)
    __fpl_dretinf                            0x08006ad9   Thumb Code    12  dretinf.o(x$fpl$dretinf)
    __aeabi_drsub                            0x08006ae5   Thumb Code     0  daddsub_clz.o(x$fpl$drsb)
    _drsb                                    0x08006ae5   Thumb Code    22  daddsub_clz.o(x$fpl$drsb)
    __aeabi_dsub                             0x08006afd   Thumb Code     0  daddsub_clz.o(x$fpl$dsub)
    _dsub                                    0x08006afd   Thumb Code   464  daddsub_clz.o(x$fpl$dsub)
    __aeabi_f2d                              0x08006cd1   Thumb Code     0  f2d.o(x$fpl$f2d)
    _f2d                                     0x08006cd1   Thumb Code    86  f2d.o(x$fpl$f2d)
    __aeabi_fadd                             0x08006d29   Thumb Code     0  faddsub_clz.o(x$fpl$fadd)
    _fadd                                    0x08006d29   Thumb Code   196  faddsub_clz.o(x$fpl$fadd)
    __fpl_fcmp_Inf                           0x08006ded   Thumb Code    24  fcmpi.o(x$fpl$fcmpinf)
    __aeabi_fdiv                             0x08006e05   Thumb Code     0  fdiv.o(x$fpl$fdiv)
    _fdiv                                    0x08006e05   Thumb Code   384  fdiv.o(x$fpl$fdiv)
    __aeabi_f2uiz                            0x08006f89   Thumb Code     0  ffixu.o(x$fpl$ffixu)
    _ffixu                                   0x08006f89   Thumb Code    62  ffixu.o(x$fpl$ffixu)
    __aeabi_ui2f                             0x08006fc9   Thumb Code     0  fflt_clz.o(x$fpl$ffltu)
    _ffltu                                   0x08006fc9   Thumb Code    38  fflt_clz.o(x$fpl$ffltu)
    __aeabi_cfcmple                          0x08006ff1   Thumb Code     0  fleqf.o(x$fpl$fleqf)
    _fcmple                                  0x08006ff1   Thumb Code   104  fleqf.o(x$fpl$fleqf)
    __fpl_fcmple_InfNaN                      0x08007043   Thumb Code     0  fleqf.o(x$fpl$fleqf)
    __aeabi_fmul                             0x08007059   Thumb Code     0  fmul.o(x$fpl$fmul)
    _fmul                                    0x08007059   Thumb Code   258  fmul.o(x$fpl$fmul)
    __fpl_fnaninf                            0x0800715b   Thumb Code   140  fnaninf.o(x$fpl$fnaninf)
    __fpl_fretinf                            0x080071e7   Thumb Code    10  fretinf.o(x$fpl$fretinf)
    __aeabi_cfrcmple                         0x080071f1   Thumb Code     0  frleqf.o(x$fpl$frleqf)
    _frcmple                                 0x080071f1   Thumb Code    98  frleqf.o(x$fpl$frleqf)
    __aeabi_fsub                             0x08007255   Thumb Code     0  faddsub_clz.o(x$fpl$fsub)
    _fsub                                    0x08007255   Thumb Code   234  faddsub_clz.o(x$fpl$fsub)
    __I$use$fp                               0x0800733e   Number         0  usenofp.o(x$fpl$usenofp)
    Region$$Table$$Base                      0x08007340   Number         0  anon$$obj.o(Region$$Table)
    Region$$Table$$Limit                     0x08007360   Number         0  anon$$obj.o(Region$$Table)
    uc_Protocol_HC_Flg                       0x20000000   Data           1  main.o(.data)
    uc_Protocol_WY_Flg                       0x20000001   Data           1  main.o(.data)
    uiTimer2Cnt                              0x20000004   Data           4  stm32f10x_it.o(.data)
    ui100msCnt                               0x20000008   Data           4  stm32f10x_it.o(.data)
    ucTag10ms                                0x2000000c   Data           1  stm32f10x_it.o(.data)
    ucTag50ms                                0x2000000d   Data           1  stm32f10x_it.o(.data)
    ucTag100ms                               0x2000000e   Data           1  stm32f10x_it.o(.data)
    ucTag250ms                               0x2000000f   Data           1  stm32f10x_it.o(.data)
    ucTag500ms                               0x20000010   Data           1  stm32f10x_it.o(.data)
    ucTag5s                                  0x20000011   Data           1  stm32f10x_it.o(.data)
    CAN_BMS_Rx_Flg                           0x20000012   Data           1  stm32f10x_it.o(.data)
    CAN_MultiData_RX_Step_1C02               0x20000013   Data           1  stm32f10x_it.o(.data)
    CAN_MultiData_RX_Step_1C06               0x20000014   Data           1  stm32f10x_it.o(.data)
    CAN_MultiData_RX_Step_1C11               0x20000015   Data           1  stm32f10x_it.o(.data)
    usart_cmd_status                         0x20000018   Data           1  usart.o(.data)
    usart_reset_cnt                          0x20000019   Data           1  usart.o(.data)
    usart_data_received_len                  0x2000001a   Data           1  usart.o(.data)
    usart_crc_temp                           0x2000001b   Data           1  usart.o(.data)
    LCD_usart_cmd_status                     0x2000001c   Data           1  usart.o(.data)
    LCD_usart_data_received_len              0x2000001d   Data           1  usart.o(.data)
    LCD_Page_Msg_Data                        0x2000001e   Data           2  usart.o(.data)
    LCD_Page_MSg_Flg                         0x20000020   Data           1  usart.o(.data)
    LCD_Manual_Data                          0x20000022   Data           2  usart.o(.data)
    LCD_Manual_Flg                           0x20000024   Data           1  usart.o(.data)
    uiLCD_Msg_Addr                           0x20000028   Data           4  usart.o(.data)
    LCD_Manual_V_OutputData                  0x2000002c   Data           2  usart.o(.data)
    LCD_Manual_I_OutputData                  0x2000002e   Data           2  usart.o(.data)
    LCD_Manual_ReturnData                    0x20000030   Data           2  usart.o(.data)
    LCD_Manual_CrcData                       0x20000032   Data           2  usart.o(.data)
    LCD_Manual_SetData                       0x20000034   Data           2  usart.o(.data)
    LCD_Year                                 0x20000036   Data           1  usart.o(.data)
    LCD_Month                                0x20000037   Data           1  usart.o(.data)
    LCD_Date                                 0x20000038   Data           1  usart.o(.data)
    LCD_Hour                                 0x20000039   Data           1  usart.o(.data)
    LCD_Minute                               0x2000003a   Data           1  usart.o(.data)
    LCD_Seconds                              0x2000003b   Data           1  usart.o(.data)
    LCD_Set_Year                             0x2000003c   Data           2  usart.o(.data)
    LCD_Set_Month                            0x2000003e   Data           2  usart.o(.data)
    LCD_Set_Date                             0x20000040   Data           2  usart.o(.data)
    LCD_Set_Hour                             0x20000042   Data           2  usart.o(.data)
    LCD_Set_Minute                           0x20000044   Data           2  usart.o(.data)
    LCD_Set_Seconds                          0x20000046   Data           2  usart.o(.data)
    ucOBC_Work_Mode                          0x20000048   Data           1  system_init.o(.data)
    flashbuff                                0x2000004c   Data         400  system_init.o(.data)
    DacVoltageValueAsTure                    0x200001dc   Data           4  system_init.o(.data)
    DacVoltageValueOffset                    0x200001e0   Data           4  system_init.o(.data)
    ucBat_Status                             0x200001e4   Data           1  charger_control.o(.data)
    uiShowLedCnt                             0x200001e8   Data           4  charger_control.o(.data)
    ucLedInitalStatusStep                    0x200001ec   Data           1  charger_control.o(.data)
    uiChargeVoltageSet                       0x200001f0   Data           4  charger_control.o(.data)
    uiChargeCurrentSet                       0x200001f4   Data           4  charger_control.o(.data)
    ucChangeStepCnt                          0x200001f8   Data           1  charger_control.o(.data)
    f_I_OutputCoef                           0x200001fc   Data           4  charger_control.o(.data)
    V_Set                                    0x20000200   Data           4  charger_control.o(.data)
    I_Set                                    0x20000204   Data           4  charger_control.o(.data)
    V_BMS_Set                                0x20000208   Data           4  charger_control.o(.data)
    I_BMS_Set                                0x2000020c   Data           4  charger_control.o(.data)
    CAN_LLC_RX_Data                          0x20000210   Data           8  charger_control.o(.data)
    CAN_LLC_RX_Data2                         0x20000218   Data           8  charger_control.o(.data)
    CAN_PFC_RX_Data                          0x20000220   Data           8  charger_control.o(.data)
    CAN_BMS_RX_Data                          0x20000228   Data           8  charger_control.o(.data)
    CAN_BMS_TX_Data                          0x20000230   Data           8  charger_control.o(.data)
    CAN_TX_LLC_Data                          0x20000238   Data           8  charger_control.o(.data)
    ucOTPCnt                                 0x20000240   Data           1  charger_control.o(.data)
    ucOTPGrade1Cnt                           0x20000241   Data           1  charger_control.o(.data)
    ucOTPGrade2Cnt                           0x20000242   Data           1  charger_control.o(.data)
    ucOTPRecoverCnt                          0x20000243   Data           1  charger_control.o(.data)
    ucOTP_Flg                                0x20000244   Data           1  charger_control.o(.data)
    uc_Output_En_Flg                         0x20000245   Data           1  charger_control.o(.data)
    uiV_Output_OVP_Err_Cnt                   0x20000246   Data           1  charger_control.o(.data)
    uiV_Output_UVP_Err_Cnt                   0x20000247   Data           1  charger_control.o(.data)
    uiV_Output_UVP_Delay_Cnt                 0x20000248   Data           1  charger_control.o(.data)
    uiI_Output_Err_Cnt                       0x20000249   Data           1  charger_control.o(.data)
    ucCAN_LLC_Rx_ErrCnt                      0x2000024a   Data           1  charger_control.o(.data)
    ucCAN_BMS_Rx_ErrCnt                      0x2000024b   Data           1  charger_control.o(.data)
    uiLCD_Display_V_Set                      0x2000024c   Data           4  charger_control.o(.data)
    uiLCD_Display_I_Set                      0x20000250   Data           4  charger_control.o(.data)
    Flg                                      0x20000254   Data           4  charger_control.o(.data)
    V_D_Coef                                 0x20000258   Data           4  charger_control.o(.data)
    V_D_Offset                               0x2000025c   Data           4  charger_control.o(.data)
    V_A_Coef                                 0x20000260   Data           4  charger_control.o(.data)
    V_A_Offset                               0x20000264   Data           4  charger_control.o(.data)
    I_D_Coef                                 0x20000268   Data           4  charger_control.o(.data)
    I_D_Offset                               0x2000026c   Data           4  charger_control.o(.data)
    I_D_Coef1                                0x20000270   Data           4  charger_control.o(.data)
    I_D_Offset1                              0x20000274   Data           4  charger_control.o(.data)
    I_D_Coef2                                0x20000278   Data           4  charger_control.o(.data)
    I_D_Offset2                              0x2000027c   Data           4  charger_control.o(.data)
    I_A_Coef                                 0x20000280   Data           4  charger_control.o(.data)
    I_A_Offset                               0x20000284   Data           4  charger_control.o(.data)
    CAN_Msg_StepState                        0x20000288   Data           1  charger_control.o(.data)
    CAN_HandShake_1827_Flg                   0x20000289   Data           1  charger_control.o(.data)
    CAN_Recongnition_1C02_Flg                0x2000028a   Data           1  charger_control.o(.data)
    CAN_Recongnition_1C06_Flg                0x2000028b   Data           1  charger_control.o(.data)
    CAN_ParameterConfiguration_1009_Flg      0x2000028c   Data           1  charger_control.o(.data)
    CAN_Charge_EN_1810_Flg                   0x2000028d   Data           1  charger_control.o(.data)
    CAN_Charge_EN_1813_Flg                   0x2000028e   Data           1  charger_control.o(.data)
    CAN_Charge_EN_1019_Flg                   0x2000028f   Data           1  charger_control.o(.data)
    CAN_ChargeEnd_181C_Flg                   0x20000290   Data           1  charger_control.o(.data)
    CAN_MultiData_request_Flg                0x20000291   Data           1  charger_control.o(.data)
    CAN_MultiData_RX_OK_Flg                  0x20000292   Data           1  charger_control.o(.data)
    uc_CAN101A_Tx_Flg                        0x20000293   Data           1  charger_control.o(.data)
    OBC_Charge_Status                        0x20000294   Data           1  charger_control.o(.data)
    OBC_Charge_Time                          0x20000298   Data           4  charger_control.o(.data)
    OBC_Energy_Cal                           0x2000029c   Data           4  charger_control.o(.data)
    f_V_Output1                              0x200002a0   Data           4  charger_control.o(.data)
    f_V_Output2                              0x200002a4   Data           4  charger_control.o(.data)
    f_I_Output1                              0x200002a8   Data           4  charger_control.o(.data)
    f_I_Output2                              0x200002ac   Data           4  charger_control.o(.data)
    uiTimer60S_Cnt                           0x200002b0   Data           4  charger_control.o(.data)
    uiBMS_Set_Max_V_Output                   0x200002b4   Data           4  charger_control.o(.data)
    CAN_HandShake_1827_Data                  0x200002b8   Data           2  charger_control.o(.data)
    CAN_ParameterConfiguration_1009_Data     0x200002ba   Data           1  charger_control.o(.data)
    CAN_Charge_1810_Data                     0x200002bb   Data           5  charger_control.o(.data)
    CAN_Charge_1813_Data                     0x200002c0   Data           7  charger_control.o(.data)
    CAN_Charge_1019_Data                     0x200002c7   Data           4  charger_control.o(.data)
    CAN_ChargeEnd_181C_Data                  0x200002cb   Data           7  charger_control.o(.data)
    CAN_ChargeEnd_081E_Data                  0x200002d2   Data           4  charger_control.o(.data)
    CAN_Rx_MultiData                         0x200002d6   Data           8  charger_control.o(.data)
    CAN_MultiData_request                    0x200002de   Data           8  charger_control.o(.data)
    CAN_MultiData_Answer                     0x200002e6   Data           8  charger_control.o(.data)
    CAN_Recongnition_1C02_MultiData_request_Flg 0x200002ee   Data           1  charger_control.o(.data)
    CAN_Recongnition_1C06_MultiData_request_Flg 0x200002ef   Data           1  charger_control.o(.data)
    CAN_Charge_1C11_MultiData_request_Flg    0x200002f0   Data           1  charger_control.o(.data)
    CAN_HandShake_Tx1826_Data                0x200002f1   Data           3  charger_control.o(.data)
    CAN_Recongnition_TX1801_Data             0x200002f4   Data           8  charger_control.o(.data)
    CAN_ParameterConfiguration_TX1807_Data   0x200002fc   Data           8  charger_control.o(.data)
    CAN_ParameterConfiguration_TX1808_Data   0x20000304   Data           8  charger_control.o(.data)
    CAN_ParameterConfiguration_TX100A_Data   0x2000030c   Data           1  charger_control.o(.data)
    CAN_Charge_TX1812_Data                   0x2000030d   Data           8  charger_control.o(.data)
    CAN_Charge_TX101A_Data                   0x20000315   Data           4  charger_control.o(.data)
    CAN_ChargeEnd_TX181D_Data                0x20000319   Data           8  charger_control.o(.data)
    CAN_ChargeEnd_TX081F_Data                0x20000321   Data           4  charger_control.o(.data)
    BMS_Set_I_Output                         0x20000328   Data           4  charger_control.o(.data)
    OBC_Charge_Stop_Reason_BMS_Stop          0x2000032c   Data           1  charger_control.o(.data)
    OBC_Err_type_Msg1                        0x2000032d   Data           1  charger_control.o(.data)
    OBC_Err_type_Msg2                        0x2000032e   Data           1  charger_control.o(.data)
    OBC_Err_type_Msg3                        0x2000032f   Data           1  charger_control.o(.data)
    CAN_RX_OverTime_Msg1                     0x20000330   Data           1  charger_control.o(.data)
    CAN_RX_OverTime_Msg2                     0x20000331   Data           1  charger_control.o(.data)
    CAN_RX_OverTime_Msg3                     0x20000332   Data           1  charger_control.o(.data)
    CAN_RX_OverTime_Msg4                     0x20000333   Data           1  charger_control.o(.data)
    ui_CAN1C02_Rx_Err_Cnt                    0x20000334   Data           4  charger_control.o(.data)
    ui_CAN1C06_Rx_Err_Cnt                    0x20000338   Data           4  charger_control.o(.data)
    ui_CAN1009_Rx_Err_Cnt                    0x2000033c   Data           4  charger_control.o(.data)
    ui_CAN1810_Rx_Err_Cnt                    0x20000340   Data           4  charger_control.o(.data)
    ui_CAN1C11_Rx_Err_Cnt                    0x20000344   Data           4  charger_control.o(.data)
    ui_CAN1019_Rx_Err_Cnt                    0x20000348   Data           4  charger_control.o(.data)
    ui_CAN181C_Rx_Err_Cnt                    0x2000034c   Data           4  charger_control.o(.data)
    ucReadLCD_MsgStep                        0x20000350   Data           1  dwin_lcd.o(.data)
    ucDateStep                               0x20000351   Data           1  dwin_lcd.o(.data)
    uc_Incident_Open_OBC_FLg                 0x20000352   Data           1  dwin_lcd.o(.data)
    uiPFC_Temp1                              0x20000354   Data           4  dwin_lcd.o(.data)
    uiPFC_Temp2                              0x20000358   Data           4  dwin_lcd.o(.data)
    uiPFC_Temp3                              0x2000035c   Data           4  dwin_lcd.o(.data)
    uiLLC_Temp1                              0x20000360   Data           4  dwin_lcd.o(.data)
    uiLLC_Temp2                              0x20000364   Data           4  dwin_lcd.o(.data)
    uiPFC_Temp1_AsTrue                       0x20000368   Data           4  dwin_lcd.o(.data)
    uiPFC_Temp2_AsTrue                       0x2000036c   Data           4  dwin_lcd.o(.data)
    uiPFC_Temp3_AsTrue                       0x20000370   Data           4  dwin_lcd.o(.data)
    uiLLC_Temp1_AsTrue                       0x20000374   Data           4  dwin_lcd.o(.data)
    uiLLC_Temp2_AsTrue                       0x20000378   Data           4  dwin_lcd.o(.data)
    uiV_Output                               0x2000037c   Data           4  dwin_lcd.o(.data)
    uiI_Output                               0x20000380   Data           4  dwin_lcd.o(.data)
    uiV_Input                                0x20000384   Data           4  dwin_lcd.o(.data)
    uiI_Input                                0x20000388   Data           4  dwin_lcd.o(.data)
    uiV_Bus                                  0x2000038c   Data           4  dwin_lcd.o(.data)
    g_uiNtcTable_External                    0x20000390   Data         540  g_uintctable_tempeature.o(.data)
    ucYear                                   0x200005ac   Data           1  pcf8563.o(.data)
    ucSet_Year                               0x200005ad   Data           1  pcf8563.o(.data)
    SD_Type                                  0x200005ae   Data           1  sd.o(.data)
    LCD_Rx_Data                              0x200005c4   Data         110  usart.o(.bss)
    Usart2_TxBuffer                          0x20000632   Data         110  usart.o(.bss)
    Usart2_RxBuffer                          0x200006a0   Data         110  usart.o(.bss)
    g_strSysInfo                             0x20000710   Data         192  charger_control.o(.bss)
    CAN_Recongnition_1C02_Data               0x200007d0   Data          56  charger_control.o(.bss)
    CAN_Recongnition_1C06_Data               0x20000808   Data          16  charger_control.o(.bss)
    CAN_Charge_1C11_Data                     0x20000818   Data          16  charger_control.o(.bss)
    __libspace_start                         0x20000828   Data          96  libspace.o(.bss)
    __temporary_stack_top$libspace           0x20000888   Data           0  libspace.o(.bss)



==============================================================================

Memory Map of the image

  Image Entry point : 0x08000151

  Load Region LR_IROM1 (Base: 0x08000000, Size: 0x00007924, Max: 0x00040000, ABSOLUTE, COMPRESSED[0x00007538])

    Execution Region ER_IROM1 (Base: 0x08000000, Size: 0x00007360, Max: 0x00040000, ABSOLUTE)

    Base Addr    Size         Type   Attr      Idx    E Section Name        Object

    0x08000000   0x00000150   Data   RO          490    RESET               startup_stm32f10x_cl.o
    0x08000150   0x00000008   Code   RO          533  * !!!main             c_w.l(__main.o)
    0x08000158   0x00000034   Code   RO          760    !!!scatter          c_w.l(__scatter.o)
    0x0800018c   0x0000005a   Code   RO          758    !!dczerorl2         c_w.l(__dczerorl2.o)
    0x080001e6   0x00000002   PAD
    0x080001e8   0x0000001c   Code   RO          762    !!handler_zi        c_w.l(__scatter_zi.o)
    0x08000204   0x00000000   Code   RO          526    .ARM.Collect$$_printf_percent$$00000000  c_w.l(_printf_percent.o)
    0x08000204   0x00000006   Code   RO          525    .ARM.Collect$$_printf_percent$$00000009  c_w.l(_printf_d.o)
    0x0800020a   0x00000004   Code   RO          590    .ARM.Collect$$_printf_percent$$00000017  c_w.l(_printf_percent_end.o)
    0x0800020e   0x00000002   Code   RO          628    .ARM.Collect$$libinit$$00000000  c_w.l(libinit.o)
    0x08000210   0x00000000   Code   RO          635    .ARM.Collect$$libinit$$00000002  c_w.l(libinit2.o)
    0x08000210   0x00000000   Code   RO          637    .ARM.Collect$$libinit$$00000004  c_w.l(libinit2.o)
    0x08000210   0x00000000   Code   RO          640    .ARM.Collect$$libinit$$0000000A  c_w.l(libinit2.o)
    0x08000210   0x00000000   Code   RO          642    .ARM.Collect$$libinit$$0000000C  c_w.l(libinit2.o)
    0x08000210   0x00000000   Code   RO          644    .ARM.Collect$$libinit$$0000000E  c_w.l(libinit2.o)
    0x08000210   0x00000000   Code   RO          647    .ARM.Collect$$libinit$$00000011  c_w.l(libinit2.o)
    0x08000210   0x00000000   Code   RO          649    .ARM.Collect$$libinit$$00000013  c_w.l(libinit2.o)
    0x08000210   0x00000000   Code   RO          651    .ARM.Collect$$libinit$$00000015  c_w.l(libinit2.o)
    0x08000210   0x00000000   Code   RO          653    .ARM.Collect$$libinit$$00000017  c_w.l(libinit2.o)
    0x08000210   0x00000000   Code   RO          655    .ARM.Collect$$libinit$$00000019  c_w.l(libinit2.o)
    0x08000210   0x00000000   Code   RO          657    .ARM.Collect$$libinit$$0000001B  c_w.l(libinit2.o)
    0x08000210   0x00000000   Code   RO          659    .ARM.Collect$$libinit$$0000001D  c_w.l(libinit2.o)
    0x08000210   0x00000000   Code   RO          661    .ARM.Collect$$libinit$$0000001F  c_w.l(libinit2.o)
    0x08000210   0x00000000   Code   RO          663    .ARM.Collect$$libinit$$00000021  c_w.l(libinit2.o)
    0x08000210   0x00000000   Code   RO          665    .ARM.Collect$$libinit$$00000023  c_w.l(libinit2.o)
    0x08000210   0x00000000   Code   RO          667    .ARM.Collect$$libinit$$00000025  c_w.l(libinit2.o)
    0x08000210   0x00000000   Code   RO          671    .ARM.Collect$$libinit$$0000002C  c_w.l(libinit2.o)
    0x08000210   0x00000000   Code   RO          673    .ARM.Collect$$libinit$$0000002E  c_w.l(libinit2.o)
    0x08000210   0x00000000   Code   RO          675    .ARM.Collect$$libinit$$00000030  c_w.l(libinit2.o)
    0x08000210   0x00000000   Code   RO          677    .ARM.Collect$$libinit$$00000032  c_w.l(libinit2.o)
    0x08000210   0x00000002   Code   RO          678    .ARM.Collect$$libinit$$00000033  c_w.l(libinit2.o)
    0x08000212   0x00000002   Code   RO          698    .ARM.Collect$$libshutdown$$00000000  c_w.l(libshutdown.o)
    0x08000214   0x00000000   Code   RO          711    .ARM.Collect$$libshutdown$$00000002  c_w.l(libshutdown2.o)
    0x08000214   0x00000000   Code   RO          713    .ARM.Collect$$libshutdown$$00000004  c_w.l(libshutdown2.o)
    0x08000214   0x00000000   Code   RO          716    .ARM.Collect$$libshutdown$$00000007  c_w.l(libshutdown2.o)
    0x08000214   0x00000000   Code   RO          719    .ARM.Collect$$libshutdown$$0000000A  c_w.l(libshutdown2.o)
    0x08000214   0x00000000   Code   RO          721    .ARM.Collect$$libshutdown$$0000000C  c_w.l(libshutdown2.o)
    0x08000214   0x00000000   Code   RO          724    .ARM.Collect$$libshutdown$$0000000F  c_w.l(libshutdown2.o)
    0x08000214   0x00000002   Code   RO          725    .ARM.Collect$$libshutdown$$00000010  c_w.l(libshutdown2.o)
    0x08000216   0x00000000   Code   RO          583    .ARM.Collect$$rtentry$$00000000  c_w.l(__rtentry.o)
    0x08000216   0x00000000   Code   RO          603    .ARM.Collect$$rtentry$$00000002  c_w.l(__rtentry2.o)
    0x08000216   0x00000006   Code   RO          615    .ARM.Collect$$rtentry$$00000004  c_w.l(__rtentry4.o)
    0x0800021c   0x00000000   Code   RO          605    .ARM.Collect$$rtentry$$00000009  c_w.l(__rtentry2.o)
    0x0800021c   0x00000004   Code   RO          606    .ARM.Collect$$rtentry$$0000000A  c_w.l(__rtentry2.o)
    0x08000220   0x00000000   Code   RO          608    .ARM.Collect$$rtentry$$0000000C  c_w.l(__rtentry2.o)
    0x08000220   0x00000008   Code   RO          609    .ARM.Collect$$rtentry$$0000000D  c_w.l(__rtentry2.o)
    0x08000228   0x00000002   Code   RO          632    .ARM.Collect$$rtexit$$00000000  c_w.l(rtexit.o)
    0x0800022a   0x00000000   Code   RO          680    .ARM.Collect$$rtexit$$00000002  c_w.l(rtexit2.o)
    0x0800022a   0x00000004   Code   RO          681    .ARM.Collect$$rtexit$$00000003  c_w.l(rtexit2.o)
    0x0800022e   0x00000006   Code   RO          682    .ARM.Collect$$rtexit$$00000004  c_w.l(rtexit2.o)
    0x08000234   0x000000ac   Code   RO            1    .text               main.o
    0x080002e0   0x000002dc   Code   RO           87    .text               stm32f10x_it.o
    0x080005bc   0x000006bc   Code   RO          118    .text               usart.o
    0x08000c78   0x000002b0   Code   RO          160    .text               can.o
    0x08000f28   0x000003e4   Code   RO          179    .text               system_init.o
    0x0800130c   0x00000914   Code   RO          210    .text               charger_control.o
    0x08001c20   0x0000135c   Code   RO          230    .text               dwin_lcd.o
    0x08002f7c   0x00000298   Code   RO          259    .text               pcf8563.o
    0x08003214   0x000004f2   Code   RO          331    .text               sd.o
    0x08003706   0x00000002   PAD
    0x08003708   0x000000dc   Code   RO          349    .text               misc.o
    0x080037e4   0x00000500   Code   RO          361    .text               stm32f10x_rcc.o
    0x08003ce4   0x0000035c   Code   RO          375    .text               stm32f10x_gpio.o
    0x08004040   0x00000408   Code   RO          387    .text               stm32f10x_usart.o
    0x08004448   0x000009f0   Code   RO          399    .text               stm32f10x_can.o
    0x08004e38   0x00000e1a   Code   RO          411    .text               stm32f10x_tim.o
    0x08005c52   0x00000002   PAD
    0x08005c54   0x00000040   Code   RO          435    .text               stm32f10x_iwdg.o
    0x08005c94   0x00000354   Code   RO          447    .text               stm32f10x_spi.o
    0x08005fe8   0x00000138   Code   RO          470    .text               system_stm32f10x.o
    0x08006120   0x00000040   Code   RO          491    .text               startup_stm32f10x_cl.o
    0x08006160   0x00000028   Code   RO          499    .text               c_w.l(noretval__2sprintf.o)
    0x08006188   0x00000068   Code   RO          501    .text               c_w.l(__printf.o)
    0x080061f0   0x00000078   Code   RO          503    .text               c_w.l(_printf_dec.o)
    0x08006268   0x0000003e   Code   RO          527    .text               c_w.l(strlen.o)
    0x080062a6   0x0000004e   Code   RO          529    .text               c_w.l(rt_memclr_w.o)
    0x080062f4   0x00000006   Code   RO          531    .text               c_w.l(heapauxi.o)
    0x080062fa   0x000000b2   Code   RO          584    .text               c_w.l(_printf_intcommon.o)
    0x080063ac   0x00000030   Code   RO          586    .text               c_w.l(_printf_char_common.o)
    0x080063dc   0x0000000a   Code   RO          588    .text               c_w.l(_sputc.o)
    0x080063e6   0x0000004a   Code   RO          619    .text               c_w.l(sys_stackheap_outer.o)
    0x08006430   0x00000012   Code   RO          621    .text               c_w.l(exit.o)
    0x08006442   0x00000002   PAD
    0x08006444   0x00000008   Code   RO          629    .text               c_w.l(libspace.o)
    0x0800644c   0x0000000c   Code   RO          690    .text               c_w.l(sys_exit.o)
    0x08006458   0x00000002   Code   RO          701    .text               c_w.l(use_no_semi.o)
    0x0800645a   0x00000000   Code   RO          703    .text               c_w.l(indicate_semi.o)
    0x0800645a   0x00000002   PAD
    0x0800645c   0x00000062   Code   RO          535    x$fpl$d2f           fz_ws.l(d2f.o)
    0x080064be   0x00000002   PAD
    0x080064c0   0x00000150   Code   RO          537    x$fpl$dadd          fz_ws.l(daddsub_clz.o)
    0x08006610   0x000002b0   Code   RO          544    x$fpl$ddiv          fz_ws.l(ddiv.o)
    0x080068c0   0x00000026   Code   RO          547    x$fpl$dfltu         fz_ws.l(dflt_clz.o)
    0x080068e6   0x00000002   PAD
    0x080068e8   0x00000154   Code   RO          553    x$fpl$dmul          fz_ws.l(dmul.o)
    0x08006a3c   0x0000009c   Code   RO          591    x$fpl$dnaninf       fz_ws.l(dnaninf.o)
    0x08006ad8   0x0000000c   Code   RO          593    x$fpl$dretinf       fz_ws.l(dretinf.o)
    0x08006ae4   0x00000016   Code   RO          538    x$fpl$drsb          fz_ws.l(daddsub_clz.o)
    0x08006afa   0x00000002   PAD
    0x08006afc   0x000001d4   Code   RO          539    x$fpl$dsub          fz_ws.l(daddsub_clz.o)
    0x08006cd0   0x00000056   Code   RO          555    x$fpl$f2d           fz_ws.l(f2d.o)
    0x08006d26   0x00000002   PAD
    0x08006d28   0x000000c4   Code   RO          557    x$fpl$fadd          fz_ws.l(faddsub_clz.o)
    0x08006dec   0x00000018   Code   RO          595    x$fpl$fcmpinf       fz_ws.l(fcmpi.o)
    0x08006e04   0x00000184   Code   RO          564    x$fpl$fdiv          fz_ws.l(fdiv.o)
    0x08006f88   0x0000003e   Code   RO          567    x$fpl$ffixu         fz_ws.l(ffixu.o)
    0x08006fc6   0x00000002   PAD
    0x08006fc8   0x00000026   Code   RO          571    x$fpl$ffltu         fz_ws.l(fflt_clz.o)
    0x08006fee   0x00000002   PAD
    0x08006ff0   0x00000068   Code   RO          577    x$fpl$fleqf         fz_ws.l(fleqf.o)
    0x08007058   0x00000102   Code   RO          579    x$fpl$fmul          fz_ws.l(fmul.o)
    0x0800715a   0x0000008c   Code   RO          597    x$fpl$fnaninf       fz_ws.l(fnaninf.o)
    0x080071e6   0x0000000a   Code   RO          599    x$fpl$fretinf       fz_ws.l(fretinf.o)
    0x080071f0   0x00000062   Code   RO          581    x$fpl$frleqf        fz_ws.l(frleqf.o)
    0x08007252   0x00000002   PAD
    0x08007254   0x000000ea   Code   RO          559    x$fpl$fsub          fz_ws.l(faddsub_clz.o)
    0x0800733e   0x00000000   Code   RO          601    x$fpl$usenofp       fz_ws.l(usenofp.o)
    0x0800733e   0x00000002   PAD
    0x08007340   0x00000020   Data   RO          756    Region$$Table       anon$$obj.o


    Execution Region RW_IRAM1 (Base: 0x20000000, Size: 0x00000e88, Max: 0x00010000, ABSOLUTE, COMPRESSED[0x000001d8])

    Base Addr    Size         Type   Attr      Idx    E Section Name        Object

    0x20000000   0x00000002   Data   RW            2    .data               main.o
    0x20000002   0x00000002   PAD
    0x20000004   0x00000012   Data   RW           88    .data               stm32f10x_it.o
    0x20000016   0x00000002   PAD
    0x20000018   0x00000030   Data   RW          120    .data               usart.o
    0x20000048   0x0000019c   Data   RW          181    .data               system_init.o
    0x200001e4   0x0000016c   Data   RW          212    .data               charger_control.o
    0x20000350   0x00000040   Data   RW          231    .data               dwin_lcd.o
    0x20000390   0x0000021c   Data   RW          252    .data               g_uintctable_tempeature.o
    0x200005ac   0x00000002   Data   RW          260    .data               pcf8563.o
    0x200005ae   0x00000001   Data   RW          332    .data               sd.o
    0x200005af   0x00000014   Data   RW          362    .data               stm32f10x_rcc.o
    0x200005c3   0x00000001   PAD
    0x200005c4   0x0000014a   Zero   RW          119    .bss                usart.o
    0x2000070e   0x00000002   PAD
    0x20000710   0x00000118   Zero   RW          211    .bss                charger_control.o
    0x20000828   0x00000060   Zero   RW          630    .bss                c_w.l(libspace.o)
    0x20000888   0x00000200   Zero   RW          489    HEAP                startup_stm32f10x_cl.o
    0x20000a88   0x00000400   Zero   RW          488    STACK               startup_stm32f10x_cl.o


==============================================================================

Image component sizes


      Code (inc. data)   RO Data    RW Data    ZI Data      Debug   Object Name

       688         22          0          0          0      11028   can.o
      2324        280          0        364        280      14193   charger_control.o
         0          0          0          0          0         32   core_cm3.o
      4956        628          0         64          0       5785   dwin_lcd.o
         0          0          0        540          0        476   g_uintctable_tempeature.o
       172         38          0          2          0     255007   main.o
       220         22          0          0          0       1745   misc.o
       664         14          0          2          0       2817   pcf8563.o
      1266          8          0          1          0       5598   sd.o
        64         26        336          0       1536        804   startup_stm32f10x_cl.o
      2544         38          0          0          0       7976   stm32f10x_can.o
       860         38          0          0          0       5677   stm32f10x_gpio.o
       732         94          0         18          0      37386   stm32f10x_it.o
        64          6          0          0          0       1257   stm32f10x_iwdg.o
      1280         60          0         20          0      11266   stm32f10x_rcc.o
       852         20          0          0          0       6614   stm32f10x_spi.o
      3610         88          0          0          0      22788   stm32f10x_tim.o
      1032         22          0          0          0       8404   stm32f10x_usart.o
       996         56          0        412          0       3666   system_init.o
       312         16          0          0          0       1169   system_stm32f10x.o
      1724        168          0         48        330     227996   usart.o

    ----------------------------------------------------------------------
     24364       1644        368       1476       2148     631684   Object Totals
         0          0         32          0          0          0   (incl. Generated)
         4          0          0          5          2          0   (incl. Padding)

    ----------------------------------------------------------------------

      Code (inc. data)   RO Data    RW Data    ZI Data      Debug   Library Member Name

        90          0          0          0          0          0   __dczerorl2.o
         8          0          0          0          0         68   __main.o
       104          0          0          0          0         84   __printf.o
         0          0          0          0          0          0   __rtentry.o
        12          0          0          0          0          0   __rtentry2.o
         6          0          0          0          0          0   __rtentry4.o
        52          8          0          0          0          0   __scatter.o
        28          0          0          0          0          0   __scatter_zi.o
        48          6          0          0          0         96   _printf_char_common.o
         6          0          0          0          0          0   _printf_d.o
       120         16          0          0          0         92   _printf_dec.o
       178          0          0          0          0         88   _printf_intcommon.o
         0          0          0          0          0          0   _printf_percent.o
         4          0          0          0          0          0   _printf_percent_end.o
        10          0          0          0          0         68   _sputc.o
        18          0          0          0          0         80   exit.o
         6          0          0          0          0        152   heapauxi.o
         0          0          0          0          0          0   indicate_semi.o
         2          0          0          0          0          0   libinit.o
         2          0          0          0          0          0   libinit2.o
         2          0          0          0          0          0   libshutdown.o
         2          0          0          0          0          0   libshutdown2.o
         8          4          0          0         96         68   libspace.o
        40          6          0          0          0         84   noretval__2sprintf.o
        78          0          0          0          0         80   rt_memclr_w.o
         2          0          0          0          0          0   rtexit.o
        10          0          0          0          0          0   rtexit2.o
        62          0          0          0          0         76   strlen.o
        12          4          0          0          0         68   sys_exit.o
        74          0          0          0          0         80   sys_stackheap_outer.o
         2          0          0          0          0         68   use_no_semi.o
        98          4          0          0          0         92   d2f.o
       826         16          0          0          0        348   daddsub_clz.o
       688        140          0          0          0        208   ddiv.o
        38          0          0          0          0         68   dflt_clz.o
       340         12          0          0          0        104   dmul.o
       156          4          0          0          0         92   dnaninf.o
        12          0          0          0          0         68   dretinf.o
        86          4          0          0          0         84   f2d.o
       430          8          0          0          0        168   faddsub_clz.o
        24          0          0          0          0         68   fcmpi.o
       388         76          0          0          0         96   fdiv.o
        62          4          0          0          0         84   ffixu.o
        38          0          0          0          0         68   fflt_clz.o
       104          4          0          0          0         84   fleqf.o
       258          4          0          0          0         84   fmul.o
       140          4          0          0          0         84   fnaninf.o
        10          0          0          0          0         68   fretinf.o
        98          0          0          0          0         68   frleqf.o
         0          0          0          0          0          0   usenofp.o

    ----------------------------------------------------------------------
      4804        324          0          0         96       3188   Library Totals
        22          0          0          0          0          0   (incl. Padding)

    ----------------------------------------------------------------------

      Code (inc. data)   RO Data    RW Data    ZI Data      Debug   Library Name

       986         44          0          0         96       1252   c_w.l
      3796        280          0          0          0       1936   fz_ws.l

    ----------------------------------------------------------------------
      4804        324          0          0         96       3188   Library Totals

    ----------------------------------------------------------------------

==============================================================================


      Code (inc. data)   RO Data    RW Data    ZI Data      Debug   

     29168       1968        368       1476       2244     631540   Grand Totals
     29168       1968        368        472       2244     631540   ELF Image Totals (compressed)
     29168       1968        368        472          0          0   ROM Totals

==============================================================================

    Total RO  Size (Code + RO Data)                29536 (  28.84kB)
    Total RW  Size (RW Data + ZI Data)              3720 (   3.63kB)
    Total ROM Size (Code + RO Data + RW Data)      30008 (  29.30kB)

==============================================================================

