<html>
<body>
<pre>
<h1>µVision Build Log</h1>
<h2>Tool Versions:</h2>
IDE-Version: ¦ÌVision V5.23.0.0
Copyright (C) 2017 ARM Ltd and ARM Germany GmbH. All rights reserved.
License Information: ÍõºÆ ÍõºÆ, ABC, LIC=ATTFW-QI3S0-1PZZ5-GFWDB-0ZQPW-YBW29
 
Tool Versions:
Toolchain:       MDK-ARM Plus  Version: 5.23
Toolchain Path:  C:\Keil_v5\ARM\ARMCC\Bin
C Compiler:      Armcc.exe V5.06 update 4 (build 422)
Assembler:       Armasm.exe V5.06 update 4 (build 422)
Linker/Locator:  ArmLink.exe V5.06 update 4 (build 422)
Library Manager: ArmAr.exe V5.06 update 4 (build 422)
Hex Converter:   FromElf.exe V5.06 update 4 (build 422)
CPU DLL:         SARMCM3.DLL V5.23
Dialog DLL:      DCM.DLL V1.15.0.0
Target DLL:      Segger\JL2CM3.dll V2.99.23.0
Dialog DLL:      TCM.DLL V1.27.0.0
 
<h2>Project:</h2>
C:\Users\Administrator.PC-20180323KCPS\Desktop\WYBX9P-4V0.1-3V001\WYBX9P-4V0.1-3V001.uvproj
Project File Date:  10/28/2020

<h2>Output:</h2>
*** Using Compiler 'V5.06 update 4 (build 422)', folder: 'C:\Keil_v5\ARM\ARMCC\Bin'
Rebuild target 'WYBX9P-4V0.1-3V001'
compiling main.c...
compiling stm32f10x_it.c...
compiling usart.c...
compiling CAN.c...
compiling System_Init.c...
compiling Charger_Control.c...
compiling DWIN_LCD.c...
compiling g_uiNtcTable_Tempeature.c...
compiling PCF8563.c...
compiling 24C0X.c...
compiling TF.c...
compiling Flash.c...
compiling IIC.c...
compiling SD.c...
compiling misc.c...
compiling stm32f10x_rcc.c...
compiling stm32f10x_gpio.c...
compiling stm32f10x_usart.c...
compiling stm32f10x_can.c...
compiling stm32f10x_tim.c...
compiling stm32f10x_flash.c...
compiling stm32f10x_iwdg.c...
compiling stm32f10x_spi.c...
compiling core_cm3.c...
compiling system_stm32f10x.c...
assembling startup_stm32f10x_cl.s...
linking...
Program Size: Code=29168 RO-data=368 RW-data=1476 ZI-data=2244  
FromELF: creating hex file...
".\Obj\WYBX9P-4V0.1-3V001" - 0 Error(s), 0 Warning(s).
Build Time Elapsed:  00:00:25
</pre>
</body>
</html>
